
Deprecated: ldap_exop_sync(): Implicitly marking parameter $request_data as nullable is deprecated, the explicit nullable type must be used instead in /Users/gfabbian/projects/laravel-mongo-auto-sync/vendor/symfony/polyfill-php83/bootstrap.php on line 35

Deprecated: ldap_exop_sync(): Implicitly marking parameter $controls as nullable is deprecated, the explicit nullable type must be used instead in /Users/gfabbian/projects/laravel-mongo-auto-sync/vendor/symfony/polyfill-php83/bootstrap.php on line 35

Deprecated: Symfony\Component\Translation\t(): Implicitly marking parameter $domain as nullable is deprecated, the explicit nullable type must be used instead in /Users/gfabbian/projects/laravel-mongo-auto-sync/vendor/symfony/translation/Resources/functions.php on line 18

Deprecated: Laravel\Prompts\text(): Implicitly marking parameter $validate as nullable is deprecated, the explicit nullable type must be used instead in /Users/gfabbian/projects/laravel-mongo-auto-sync/vendor/laravel/prompts/src/helpers.php on line 11

Deprecated: Laravel\Prompts\password(): Implicitly marking parameter $validate as nullable is deprecated, the explicit nullable type must be used instead in /Users/gfabbian/projects/laravel-mongo-auto-sync/vendor/laravel/prompts/src/helpers.php on line 19

Deprecated: Laravel\Prompts\select(): Implicitly marking parameter $default as nullable is deprecated, the explicit nullable type must be used instead in /Users/gfabbian/projects/laravel-mongo-auto-sync/vendor/laravel/prompts/src/helpers.php on line 30

Deprecated: Laravel\Prompts\select(): Implicitly marking parameter $validate as nullable is deprecated, the explicit nullable type must be used instead in /Users/gfabbian/projects/laravel-mongo-auto-sync/vendor/laravel/prompts/src/helpers.php on line 30

Deprecated: Laravel\Prompts\multiselect(): Implicitly marking parameter $validate as nullable is deprecated, the explicit nullable type must be used instead in /Users/gfabbian/projects/laravel-mongo-auto-sync/vendor/laravel/prompts/src/helpers.php on line 42

Deprecated: Laravel\Prompts\confirm(): Implicitly marking parameter $validate as nullable is deprecated, the explicit nullable type must be used instead in /Users/gfabbian/projects/laravel-mongo-auto-sync/vendor/laravel/prompts/src/helpers.php on line 50

Deprecated: Laravel\Prompts\suggest(): Implicitly marking parameter $validate as nullable is deprecated, the explicit nullable type must be used instead in /Users/gfabbian/projects/laravel-mongo-auto-sync/vendor/laravel/prompts/src/helpers.php on line 60

Deprecated: Laravel\Prompts\search(): Implicitly marking parameter $validate as nullable is deprecated, the explicit nullable type must be used instead in /Users/gfabbian/projects/laravel-mongo-auto-sync/vendor/laravel/prompts/src/helpers.php on line 71

Deprecated: Laravel\Prompts\multisearch(): Implicitly marking parameter $validate as nullable is deprecated, the explicit nullable type must be used instead in /Users/gfabbian/projects/laravel-mongo-auto-sync/vendor/laravel/prompts/src/helpers.php on line 82

Deprecated: Laravel\Prompts\note(): Implicitly marking parameter $type as nullable is deprecated, the explicit nullable type must be used instead in /Users/gfabbian/projects/laravel-mongo-auto-sync/vendor/laravel/prompts/src/helpers.php on line 103

Deprecated: Laravel\Prompts\table(): Implicitly marking parameter $rows as nullable is deprecated, the explicit nullable type must be used instead in /Users/gfabbian/projects/laravel-mongo-auto-sync/vendor/laravel/prompts/src/helpers.php on line 162

Deprecated: Laravel\Prompts\progress(): Implicitly marking parameter $callback as nullable is deprecated, the explicit nullable type must be used instead in /Users/gfabbian/projects/laravel-mongo-auto-sync/vendor/laravel/prompts/src/helpers.php on line 177

Deprecated: Termwind\style(): Implicitly marking parameter $callback as nullable is deprecated, the explicit nullable type must be used instead in /Users/gfabbian/projects/laravel-mongo-auto-sync/vendor/nunomaduro/termwind/src/Functions.php on line 29

Deprecated: Termwind\ask(): Implicitly marking parameter $autocomplete as nullable is deprecated, the explicit nullable type must be used instead in /Users/gfabbian/projects/laravel-mongo-auto-sync/vendor/nunomaduro/termwind/src/Functions.php on line 61

Deprecated: optional(): Implicitly marking parameter $callback as nullable is deprecated, the explicit nullable type must be used instead in /Users/gfabbian/projects/laravel-mongo-auto-sync/vendor/laravel/framework/src/Illuminate/Support/helpers.php on line 190

Deprecated: with(): Implicitly marking parameter $callback as nullable is deprecated, the explicit nullable type must be used instead in /Users/gfabbian/projects/laravel-mongo-auto-sync/vendor/laravel/framework/src/Illuminate/Support/helpers.php on line 430

Deprecated: Psy\info(): Implicitly marking parameter $config as nullable is deprecated, the explicit nullable type must be used instead in /Users/gfabbian/projects/laravel-mongo-auto-sync/vendor/psy/psysh/src/functions.php on line 131

Deprecated: Mockery::formatArgs(): Implicitly marking parameter $arguments as nullable is deprecated, the explicit nullable type must be used instead in /Users/gfabbian/projects/laravel-mongo-auto-sync/vendor/mockery/mockery/library/Mockery.php on line 536

Deprecated: Mockery::formatObjects(): Implicitly marking parameter $objects as nullable is deprecated, the explicit nullable type must be used instead in /Users/gfabbian/projects/laravel-mongo-auto-sync/vendor/mockery/mockery/library/Mockery.php on line 612

Deprecated: SebastianBergmann\CliParser\Parser::parse(): Implicitly marking parameter $longOptions as nullable is deprecated, the explicit nullable type must be used instead in /Users/gfabbian/projects/laravel-mongo-auto-sync/vendor/sebastian/cli-parser/src/Parser.php on line 44

Deprecated: PHPUnit\Framework\TestSuite::run(): Implicitly marking parameter $result as nullable is deprecated, the explicit nullable type must be used instead in /Users/gfabbian/projects/laravel-mongo-auto-sync/vendor/phpunit/phpunit/src/Framework/TestSuite.php on line 602

Deprecated: PHPUnit\Framework\Test::run(): Implicitly marking parameter $result as nullable is deprecated, the explicit nullable type must be used instead in /Users/gfabbian/projects/laravel-mongo-auto-sync/vendor/phpunit/phpunit/src/Framework/Test.php on line 22

Deprecated: PHPUnit\Framework\TestCase::run(): Implicitly marking parameter $result as nullable is deprecated, the explicit nullable type must be used instead in /Users/gfabbian/projects/laravel-mongo-auto-sync/vendor/phpunit/phpunit/src/Framework/TestCase.php on line 815

Deprecated: Illuminate\Foundation\Testing\Concerns\InteractsWithContainer::mock(): Implicitly marking parameter $mock as nullable is deprecated, the explicit nullable type must be used instead in /Users/gfabbian/projects/laravel-mongo-auto-sync/vendor/laravel/framework/src/Illuminate/Foundation/Testing/Concerns/InteractsWithContainer.php on line 61

Deprecated: Illuminate\Foundation\Testing\Concerns\InteractsWithContainer::partialMock(): Implicitly marking parameter $mock as nullable is deprecated, the explicit nullable type must be used instead in /Users/gfabbian/projects/laravel-mongo-auto-sync/vendor/laravel/framework/src/Illuminate/Foundation/Testing/Concerns/InteractsWithContainer.php on line 73

Deprecated: Illuminate\Foundation\Testing\Concerns\InteractsWithContainer::spy(): Implicitly marking parameter $mock as nullable is deprecated, the explicit nullable type must be used instead in /Users/gfabbian/projects/laravel-mongo-auto-sync/vendor/laravel/framework/src/Illuminate/Foundation/Testing/Concerns/InteractsWithContainer.php on line 85

Deprecated: PHPUnit\TextUI\TestRunner::__construct(): Implicitly marking parameter $loader as nullable is deprecated, the explicit nullable type must be used instead in /Users/gfabbian/projects/laravel-mongo-auto-sync/vendor/phpunit/phpunit/src/TextUI/TestRunner.php on line 125

Deprecated: PHPUnit\TextUI\TestRunner::__construct(): Implicitly marking parameter $filter as nullable is deprecated, the explicit nullable type must be used instead in /Users/gfabbian/projects/laravel-mongo-auto-sync/vendor/phpunit/phpunit/src/TextUI/TestRunner.php on line 125
PHPUnit 9.6.13 by Sebastian Bergmann and contributors.

Warning:       Your XML configuration validates against a deprecated schema.
Suggestion:    Migrate your XML configuration using "--migrate-configuration"!


Deprecated: Dotenv\Repository\RepositoryBuilder::__construct(): Implicitly marking parameter $allowList as nullable is deprecated, the explicit nullable type must be used instead in /Users/gfabbian/projects/laravel-mongo-auto-sync/vendor/vlucas/phpdotenv/src/Repository/RepositoryBuilder.php on line 68

Deprecated: Dotenv\Repository\RepositoryBuilder::allowList(): Implicitly marking parameter $allowList as nullable is deprecated, the explicit nullable type must be used instead in /Users/gfabbian/projects/laravel-mongo-auto-sync/vendor/vlucas/phpdotenv/src/Repository/RepositoryBuilder.php on line 247

Deprecated: Illuminate\Support\LazyCollection::filter(): Implicitly marking parameter $callback as nullable is deprecated, the explicit nullable type must be used instead in /Users/gfabbian/projects/laravel-mongo-auto-sync/vendor/laravel/framework/src/Illuminate/Collections/LazyCollection.php on line 431

Deprecated: Illuminate\Support\LazyCollection::first(): Implicitly marking parameter $callback as nullable is deprecated, the explicit nullable type must be used instead in /Users/gfabbian/projects/laravel-mongo-auto-sync/vendor/laravel/framework/src/Illuminate/Collections/LazyCollection.php on line 455

Deprecated: Illuminate\Support\LazyCollection::last(): Implicitly marking parameter $callback as nullable is deprecated, the explicit nullable type must be used instead in /Users/gfabbian/projects/laravel-mongo-auto-sync/vendor/laravel/framework/src/Illuminate/Collections/LazyCollection.php on line 735

Deprecated: Illuminate\Support\Traits\EnumeratesValues::times(): Implicitly marking parameter $callback as nullable is deprecated, the explicit nullable type must be used instead in /Users/gfabbian/projects/laravel-mongo-auto-sync/vendor/laravel/framework/src/Illuminate/Collections/Traits/EnumeratesValues.php on line 165

Deprecated: Illuminate\Support\Traits\EnumeratesValues::whenEmpty(): Implicitly marking parameter $default as nullable is deprecated, the explicit nullable type must be used instead in /Users/gfabbian/projects/laravel-mongo-auto-sync/vendor/laravel/framework/src/Illuminate/Collections/Traits/EnumeratesValues.php on line 529

Deprecated: Illuminate\Support\Traits\EnumeratesValues::whenNotEmpty(): Implicitly marking parameter $default as nullable is deprecated, the explicit nullable type must be used instead in /Users/gfabbian/projects/laravel-mongo-auto-sync/vendor/laravel/framework/src/Illuminate/Collections/Traits/EnumeratesValues.php on line 543

Deprecated: Illuminate\Support\Traits\EnumeratesValues::unlessEmpty(): Implicitly marking parameter $default as nullable is deprecated, the explicit nullable type must be used instead in /Users/gfabbian/projects/laravel-mongo-auto-sync/vendor/laravel/framework/src/Illuminate/Collections/Traits/EnumeratesValues.php on line 557

Deprecated: Illuminate\Support\Traits\EnumeratesValues::unlessNotEmpty(): Implicitly marking parameter $default as nullable is deprecated, the explicit nullable type must be used instead in /Users/gfabbian/projects/laravel-mongo-auto-sync/vendor/laravel/framework/src/Illuminate/Collections/Traits/EnumeratesValues.php on line 571

Deprecated: Illuminate\Support\Traits\Conditionable::when(): Implicitly marking parameter $callback as nullable is deprecated, the explicit nullable type must be used instead in /Users/gfabbian/projects/laravel-mongo-auto-sync/vendor/laravel/framework/src/Illuminate/Conditionable/Traits/Conditionable.php on line 21

Deprecated: Illuminate\Support\Traits\Conditionable::when(): Implicitly marking parameter $default as nullable is deprecated, the explicit nullable type must be used instead in /Users/gfabbian/projects/laravel-mongo-auto-sync/vendor/laravel/framework/src/Illuminate/Conditionable/Traits/Conditionable.php on line 21

Deprecated: Illuminate\Support\Traits\Conditionable::unless(): Implicitly marking parameter $callback as nullable is deprecated, the explicit nullable type must be used instead in /Users/gfabbian/projects/laravel-mongo-auto-sync/vendor/laravel/framework/src/Illuminate/Conditionable/Traits/Conditionable.php on line 53

Deprecated: Illuminate\Support\Traits\Conditionable::unless(): Implicitly marking parameter $default as nullable is deprecated, the explicit nullable type must be used instead in /Users/gfabbian/projects/laravel-mongo-auto-sync/vendor/laravel/framework/src/Illuminate/Conditionable/Traits/Conditionable.php on line 53

Deprecated: Illuminate\Support\Enumerable::times(): Implicitly marking parameter $callback as nullable is deprecated, the explicit nullable type must be used instead in /Users/gfabbian/projects/laravel-mongo-auto-sync/vendor/laravel/framework/src/Illuminate/Collections/Enumerable.php on line 41

Deprecated: Illuminate\Support\Enumerable::filter(): Implicitly marking parameter $callback as nullable is deprecated, the explicit nullable type must be used instead in /Users/gfabbian/projects/laravel-mongo-auto-sync/vendor/laravel/framework/src/Illuminate/Collections/Enumerable.php on line 299

Deprecated: Illuminate\Support\Enumerable::when(): Implicitly marking parameter $callback as nullable is deprecated, the explicit nullable type must be used instead in /Users/gfabbian/projects/laravel-mongo-auto-sync/vendor/laravel/framework/src/Illuminate/Collections/Enumerable.php on line 311

Deprecated: Illuminate\Support\Enumerable::when(): Implicitly marking parameter $default as nullable is deprecated, the explicit nullable type must be used instead in /Users/gfabbian/projects/laravel-mongo-auto-sync/vendor/laravel/framework/src/Illuminate/Collections/Enumerable.php on line 311

Deprecated: Illuminate\Support\Enumerable::whenEmpty(): Implicitly marking parameter $default as nullable is deprecated, the explicit nullable type must be used instead in /Users/gfabbian/projects/laravel-mongo-auto-sync/vendor/laravel/framework/src/Illuminate/Collections/Enumerable.php on line 322

Deprecated: Illuminate\Support\Enumerable::whenNotEmpty(): Implicitly marking parameter $default as nullable is deprecated, the explicit nullable type must be used instead in /Users/gfabbian/projects/laravel-mongo-auto-sync/vendor/laravel/framework/src/Illuminate/Collections/Enumerable.php on line 333

Deprecated: Illuminate\Support\Enumerable::unless(): Implicitly marking parameter $default as nullable is deprecated, the explicit nullable type must be used instead in /Users/gfabbian/projects/laravel-mongo-auto-sync/vendor/laravel/framework/src/Illuminate/Collections/Enumerable.php on line 345

Deprecated: Illuminate\Support\Enumerable::unlessEmpty(): Implicitly marking parameter $default as nullable is deprecated, the explicit nullable type must be used instead in /Users/gfabbian/projects/laravel-mongo-auto-sync/vendor/laravel/framework/src/Illuminate/Collections/Enumerable.php on line 356

Deprecated: Illuminate\Support\Enumerable::unlessNotEmpty(): Implicitly marking parameter $default as nullable is deprecated, the explicit nullable type must be used instead in /Users/gfabbian/projects/laravel-mongo-auto-sync/vendor/laravel/framework/src/Illuminate/Collections/Enumerable.php on line 367

Deprecated: Illuminate\Support\Enumerable::first(): Implicitly marking parameter $callback as nullable is deprecated, the explicit nullable type must be used instead in /Users/gfabbian/projects/laravel-mongo-auto-sync/vendor/laravel/framework/src/Illuminate/Collections/Enumerable.php on line 479

Deprecated: Illuminate\Support\Enumerable::last(): Implicitly marking parameter $callback as nullable is deprecated, the explicit nullable type must be used instead in /Users/gfabbian/projects/laravel-mongo-auto-sync/vendor/laravel/framework/src/Illuminate/Collections/Enumerable.php on line 621

Deprecated: SebastianBergmann\Exporter\Exporter::shortenedRecursiveExport(): Implicitly marking parameter $context as nullable is deprecated, the explicit nullable type must be used instead in /Users/gfabbian/projects/laravel-mongo-auto-sync/vendor/sebastian/exporter/src/Exporter.php on line 80

Deprecated: PHPUnit\Framework\ExceptionWrapper::originalException(): Implicitly marking parameter $exceptionToStore as nullable is deprecated, the explicit nullable type must be used instead in /Users/gfabbian/projects/laravel-mongo-auto-sync/vendor/phpunit/phpunit/src/Framework/ExceptionWrapper.php on line 117

Deprecated: PHPUnit\Framework\Exception::__construct(): Implicitly marking parameter $previous as nullable is deprecated, the explicit nullable type must be used instead in /Users/gfabbian/projects/laravel-mongo-auto-sync/vendor/phpunit/phpunit/src/Framework/Exception/Exception.php on line 47
E
Deprecated: Constant E_STRICT is deprecated in /Users/gfabbian/projects/laravel-mongo-auto-sync/vendor/phpunit/phpunit/src/Util/ErrorHandler.php on line 99

Deprecated: Illuminate\Container\Container::beforeResolving(): Implicitly marking parameter $callback as nullable is deprecated, the explicit nullable type must be used instead in /Users/gfabbian/projects/laravel-mongo-auto-sync/vendor/laravel/framework/src/Illuminate/Container/Container.php on line 1151

Deprecated: Constant E_STRICT is deprecated in /Users/gfabbian/projects/laravel-mongo-auto-sync/vendor/phpunit/phpunit/src/Util/ErrorHandler.php on line 99

Deprecated: Illuminate\Container\Container::resolving(): Implicitly marking parameter $callback as nullable is deprecated, the explicit nullable type must be used instead in /Users/gfabbian/projects/laravel-mongo-auto-sync/vendor/laravel/framework/src/Illuminate/Container/Container.php on line 1171

Deprecated: Constant E_STRICT is deprecated in /Users/gfabbian/projects/laravel-mongo-auto-sync/vendor/phpunit/phpunit/src/Util/ErrorHandler.php on line 99

Deprecated: Illuminate\Container\Container::afterResolving(): Implicitly marking parameter $callback as nullable is deprecated, the explicit nullable type must be used instead in /Users/gfabbian/projects/laravel-mongo-auto-sync/vendor/laravel/framework/src/Illuminate/Container/Container.php on line 1191

Deprecated: Constant E_STRICT is deprecated in /Users/gfabbian/projects/laravel-mongo-auto-sync/vendor/phpunit/phpunit/src/Util/ErrorHandler.php on line 99

Deprecated: Illuminate\Container\Container::setInstance(): Implicitly marking parameter $container as nullable is deprecated, the explicit nullable type must be used instead in /Users/gfabbian/projects/laravel-mongo-auto-sync/vendor/laravel/framework/src/Illuminate/Container/Container.php on line 1430

Deprecated: Constant E_STRICT is deprecated in /Users/gfabbian/projects/laravel-mongo-auto-sync/vendor/phpunit/phpunit/src/Util/ErrorHandler.php on line 99

Deprecated: Illuminate\Contracts\Container\Container::beforeResolving(): Implicitly marking parameter $callback as nullable is deprecated, the explicit nullable type must be used instead in /Users/gfabbian/projects/laravel-mongo-auto-sync/vendor/laravel/framework/src/Illuminate/Contracts/Container/Container.php on line 200

Deprecated: Constant E_STRICT is deprecated in /Users/gfabbian/projects/laravel-mongo-auto-sync/vendor/phpunit/phpunit/src/Util/ErrorHandler.php on line 99

Deprecated: Illuminate\Contracts\Container\Container::resolving(): Implicitly marking parameter $callback as nullable is deprecated, the explicit nullable type must be used instead in /Users/gfabbian/projects/laravel-mongo-auto-sync/vendor/laravel/framework/src/Illuminate/Contracts/Container/Container.php on line 209

Deprecated: Constant E_STRICT is deprecated in /Users/gfabbian/projects/laravel-mongo-auto-sync/vendor/phpunit/phpunit/src/Util/ErrorHandler.php on line 99

Deprecated: Illuminate\Contracts\Container\Container::afterResolving(): Implicitly marking parameter $callback as nullable is deprecated, the explicit nullable type must be used instead in /Users/gfabbian/projects/laravel-mongo-auto-sync/vendor/laravel/framework/src/Illuminate/Contracts/Container/Container.php on line 218

Deprecated: Constant E_STRICT is deprecated in /Users/gfabbian/projects/laravel-mongo-auto-sync/vendor/phpunit/phpunit/src/Util/ErrorHandler.php on line 99

Deprecated: Illuminate\Support\Arr::first(): Implicitly marking parameter $callback as nullable is deprecated, the explicit nullable type must be used instead in /Users/gfabbian/projects/laravel-mongo-auto-sync/vendor/laravel/framework/src/Illuminate/Collections/Arr.php on line 188

Deprecated: Constant E_STRICT is deprecated in /Users/gfabbian/projects/laravel-mongo-auto-sync/vendor/phpunit/phpunit/src/Util/ErrorHandler.php on line 99

Deprecated: Illuminate\Support\Arr::last(): Implicitly marking parameter $callback as nullable is deprecated, the explicit nullable type must be used instead in /Users/gfabbian/projects/laravel-mongo-auto-sync/vendor/laravel/framework/src/Illuminate/Collections/Arr.php on line 219

Deprecated: Constant E_STRICT is deprecated in /Users/gfabbian/projects/laravel-mongo-auto-sync/vendor/phpunit/phpunit/src/Util/ErrorHandler.php on line 99

Deprecated: Symfony\Component\Console\Input\ArgvInput::__construct(): Implicitly marking parameter $argv as nullable is deprecated, the explicit nullable type must be used instead in /Users/gfabbian/projects/laravel-mongo-auto-sync/vendor/symfony/console/Input/ArgvInput.php on line 46

Deprecated: Constant E_STRICT is deprecated in /Users/gfabbian/projects/laravel-mongo-auto-sync/vendor/phpunit/phpunit/src/Util/ErrorHandler.php on line 99

Deprecated: Symfony\Component\Console\Input\ArgvInput::__construct(): Implicitly marking parameter $definition as nullable is deprecated, the explicit nullable type must be used instead in /Users/gfabbian/projects/laravel-mongo-auto-sync/vendor/symfony/console/Input/ArgvInput.php on line 46

Deprecated: Constant E_STRICT is deprecated in /Users/gfabbian/projects/laravel-mongo-auto-sync/vendor/phpunit/phpunit/src/Util/ErrorHandler.php on line 99

Deprecated: Symfony\Component\Console\Input\Input::__construct(): Implicitly marking parameter $definition as nullable is deprecated, the explicit nullable type must be used instead in /Users/gfabbian/projects/laravel-mongo-auto-sync/vendor/symfony/console/Input/Input.php on line 37

Deprecated: Constant E_STRICT is deprecated in /Users/gfabbian/projects/laravel-mongo-auto-sync/vendor/phpunit/phpunit/src/Util/ErrorHandler.php on line 99

Deprecated: Dotenv\Dotenv::create(): Implicitly marking parameter $fileEncoding as nullable is deprecated, the explicit nullable type must be used instead in /Users/gfabbian/projects/laravel-mongo-auto-sync/vendor/vlucas/phpdotenv/src/Dotenv.php on line 83

Deprecated: Constant E_STRICT is deprecated in /Users/gfabbian/projects/laravel-mongo-auto-sync/vendor/phpunit/phpunit/src/Util/ErrorHandler.php on line 99

Deprecated: Dotenv\Dotenv::createMutable(): Implicitly marking parameter $fileEncoding as nullable is deprecated, the explicit nullable type must be used instead in /Users/gfabbian/projects/laravel-mongo-auto-sync/vendor/vlucas/phpdotenv/src/Dotenv.php on line 112

Deprecated: Constant E_STRICT is deprecated in /Users/gfabbian/projects/laravel-mongo-auto-sync/vendor/phpunit/phpunit/src/Util/ErrorHandler.php on line 99

Deprecated: Dotenv\Dotenv::createUnsafeMutable(): Implicitly marking parameter $fileEncoding as nullable is deprecated, the explicit nullable type must be used instead in /Users/gfabbian/projects/laravel-mongo-auto-sync/vendor/vlucas/phpdotenv/src/Dotenv.php on line 129

Deprecated: Constant E_STRICT is deprecated in /Users/gfabbian/projects/laravel-mongo-auto-sync/vendor/phpunit/phpunit/src/Util/ErrorHandler.php on line 99

Deprecated: Dotenv\Dotenv::createImmutable(): Implicitly marking parameter $fileEncoding as nullable is deprecated, the explicit nullable type must be used instead in /Users/gfabbian/projects/laravel-mongo-auto-sync/vendor/vlucas/phpdotenv/src/Dotenv.php on line 148

Deprecated: Constant E_STRICT is deprecated in /Users/gfabbian/projects/laravel-mongo-auto-sync/vendor/phpunit/phpunit/src/Util/ErrorHandler.php on line 99

Deprecated: Dotenv\Dotenv::createUnsafeImmutable(): Implicitly marking parameter $fileEncoding as nullable is deprecated, the explicit nullable type must be used instead in /Users/gfabbian/projects/laravel-mongo-auto-sync/vendor/vlucas/phpdotenv/src/Dotenv.php on line 165

Deprecated: Constant E_STRICT is deprecated in /Users/gfabbian/projects/laravel-mongo-auto-sync/vendor/phpunit/phpunit/src/Util/ErrorHandler.php on line 99

Deprecated: Dotenv\Dotenv::createArrayBacked(): Implicitly marking parameter $fileEncoding as nullable is deprecated, the explicit nullable type must be used instead in /Users/gfabbian/projects/laravel-mongo-auto-sync/vendor/vlucas/phpdotenv/src/Dotenv.php on line 185

Deprecated: Constant E_STRICT is deprecated in /Users/gfabbian/projects/laravel-mongo-auto-sync/vendor/phpunit/phpunit/src/Util/ErrorHandler.php on line 99

Deprecated: Dotenv\Store\StoreBuilder::__construct(): Implicitly marking parameter $fileEncoding as nullable is deprecated, the explicit nullable type must be used instead in /Users/gfabbian/projects/laravel-mongo-auto-sync/vendor/vlucas/phpdotenv/src/Store/StoreBuilder.php on line 54

Deprecated: Constant E_STRICT is deprecated in /Users/gfabbian/projects/laravel-mongo-auto-sync/vendor/phpunit/phpunit/src/Util/ErrorHandler.php on line 99

Deprecated: Dotenv\Store\StoreBuilder::fileEncoding(): Implicitly marking parameter $fileEncoding as nullable is deprecated, the explicit nullable type must be used instead in /Users/gfabbian/projects/laravel-mongo-auto-sync/vendor/vlucas/phpdotenv/src/Store/StoreBuilder.php on line 123

Deprecated: Constant E_STRICT is deprecated in /Users/gfabbian/projects/laravel-mongo-auto-sync/vendor/phpunit/phpunit/src/Util/ErrorHandler.php on line 99

Deprecated: Dotenv\Store\FileStore::__construct(): Implicitly marking parameter $fileEncoding as nullable is deprecated, the explicit nullable type must be used instead in /Users/gfabbian/projects/laravel-mongo-auto-sync/vendor/vlucas/phpdotenv/src/Store/FileStore.php on line 42

Deprecated: Constant E_STRICT is deprecated in /Users/gfabbian/projects/laravel-mongo-auto-sync/vendor/phpunit/phpunit/src/Util/ErrorHandler.php on line 99

Deprecated: Dotenv\Store\File\Reader::read(): Implicitly marking parameter $fileEncoding as nullable is deprecated, the explicit nullable type must be used instead in /Users/gfabbian/projects/laravel-mongo-auto-sync/vendor/vlucas/phpdotenv/src/Store/File/Reader.php on line 43

Deprecated: Constant E_STRICT is deprecated in /Users/gfabbian/projects/laravel-mongo-auto-sync/vendor/phpunit/phpunit/src/Util/ErrorHandler.php on line 99

Deprecated: Dotenv\Store\File\Reader::readFromFile(): Implicitly marking parameter $encoding as nullable is deprecated, the explicit nullable type must be used instead in /Users/gfabbian/projects/laravel-mongo-auto-sync/vendor/vlucas/phpdotenv/src/Store/File/Reader.php on line 70

Deprecated: Constant E_STRICT is deprecated in /Users/gfabbian/projects/laravel-mongo-auto-sync/vendor/phpunit/phpunit/src/Util/ErrorHandler.php on line 99

Deprecated: Illuminate\Support\Collection::filter(): Implicitly marking parameter $callback as nullable is deprecated, the explicit nullable type must be used instead in /Users/gfabbian/projects/laravel-mongo-auto-sync/vendor/laravel/framework/src/Illuminate/Collections/Collection.php on line 384

Deprecated: Constant E_STRICT is deprecated in /Users/gfabbian/projects/laravel-mongo-auto-sync/vendor/phpunit/phpunit/src/Util/ErrorHandler.php on line 99

Deprecated: Illuminate\Support\Collection::first(): Implicitly marking parameter $callback as nullable is deprecated, the explicit nullable type must be used instead in /Users/gfabbian/projects/laravel-mongo-auto-sync/vendor/laravel/framework/src/Illuminate/Collections/Collection.php on line 402

Deprecated: Constant E_STRICT is deprecated in /Users/gfabbian/projects/laravel-mongo-auto-sync/vendor/phpunit/phpunit/src/Util/ErrorHandler.php on line 99

Deprecated: Illuminate\Support\Collection::last(): Implicitly marking parameter $callback as nullable is deprecated, the explicit nullable type must be used instead in /Users/gfabbian/projects/laravel-mongo-auto-sync/vendor/laravel/framework/src/Illuminate/Collections/Collection.php on line 750

Deprecated: Constant E_STRICT is deprecated in /Users/gfabbian/projects/laravel-mongo-auto-sync/vendor/phpunit/phpunit/src/Util/ErrorHandler.php on line 99

Deprecated: Illuminate\Support\Str::createRandomStringsUsing(): Implicitly marking parameter $factory as nullable is deprecated, the explicit nullable type must be used instead in /Users/gfabbian/projects/laravel-mongo-auto-sync/vendor/laravel/framework/src/Illuminate/Support/Str.php on line 918

Deprecated: Constant E_STRICT is deprecated in /Users/gfabbian/projects/laravel-mongo-auto-sync/vendor/phpunit/phpunit/src/Util/ErrorHandler.php on line 99

Deprecated: Illuminate\Support\Str::createUuidsUsing(): Implicitly marking parameter $factory as nullable is deprecated, the explicit nullable type must be used instead in /Users/gfabbian/projects/laravel-mongo-auto-sync/vendor/laravel/framework/src/Illuminate/Support/Str.php on line 1550

Deprecated: Constant E_STRICT is deprecated in /Users/gfabbian/projects/laravel-mongo-auto-sync/vendor/phpunit/phpunit/src/Util/ErrorHandler.php on line 99

Deprecated: Illuminate\Support\Str::freezeUuids(): Implicitly marking parameter $callback as nullable is deprecated, the explicit nullable type must be used instead in /Users/gfabbian/projects/laravel-mongo-auto-sync/vendor/laravel/framework/src/Illuminate/Support/Str.php on line 1595

Deprecated: Constant E_STRICT is deprecated in /Users/gfabbian/projects/laravel-mongo-auto-sync/vendor/phpunit/phpunit/src/Util/ErrorHandler.php on line 99

Deprecated: Illuminate\Support\Str::createUlidsUsing(): Implicitly marking parameter $factory as nullable is deprecated, the explicit nullable type must be used instead in /Users/gfabbian/projects/laravel-mongo-auto-sync/vendor/laravel/framework/src/Illuminate/Support/Str.php on line 1657

Deprecated: Constant E_STRICT is deprecated in /Users/gfabbian/projects/laravel-mongo-auto-sync/vendor/phpunit/phpunit/src/Util/ErrorHandler.php on line 99

Deprecated: Illuminate\Support\Str::freezeUlids(): Implicitly marking parameter $callback as nullable is deprecated, the explicit nullable type must be used instead in /Users/gfabbian/projects/laravel-mongo-auto-sync/vendor/laravel/framework/src/Illuminate/Support/Str.php on line 1702

Deprecated: Constant E_STRICT is deprecated in /Users/gfabbian/projects/laravel-mongo-auto-sync/vendor/phpunit/phpunit/src/Util/ErrorHandler.php on line 99

Deprecated: voku\helper\ASCII::to_ascii(): Implicitly marking parameter $replace_single_chars_only as nullable is deprecated, the explicit nullable type must be used instead in /Users/gfabbian/projects/laravel-mongo-auto-sync/vendor/voku/portable-ascii/src/voku/helper/ASCII.php on line 795
EEEEEEEEEEEEEEEEEEEEEEEEEEEEEEEEEEEEEEEEEEEEEEEEEEEEEEEEEEEEEEEE 65 / 95 ( 68%)
EEEEEEEEEEEEEEEEEEEEEEEEEEEEEE                                    95 / 95 (100%)

Time: 00:00.204, Memory: 28.00 MB

There were 95 errors:

1) Tests\DropCollectionTest::test_drop_collection_with_object

Deprecated: PhpParser\Parser::parse(): Implicitly marking parameter $errorHandler as nullable is deprecated, the explicit nullable type must be used instead in /Users/gfabbian/projects/laravel-mongo-auto-sync/vendor/nikic/php-parser/lib/PhpParser/Parser.php on line 17

Deprecated: PharIo\Manifest\Manifest::isExtensionFor(): Implicitly marking parameter $version as nullable is deprecated, the explicit nullable type must be used instead in /Users/gfabbian/projects/laravel-mongo-auto-sync/vendor/phar-io/manifest/src/values/Manifest.php on line 79

Deprecated: SebastianBergmann\GlobalState\Snapshot::__construct(): Implicitly marking parameter $excludeList as nullable is deprecated, the explicit nullable type must be used instead in /Users/gfabbian/projects/laravel-mongo-auto-sync/vendor/sebastian/global-state/src/Snapshot.php on line 104
Error: Class "Jenssegers\Mongodb\MongodbServiceProvider" not found

/Users/gfabbian/projects/laravel-mongo-auto-sync/vendor/laravel/framework/src/Illuminate/Foundation/ProviderRepository.php:206
/Users/gfabbian/projects/laravel-mongo-auto-sync/vendor/laravel/framework/src/Illuminate/Foundation/ProviderRepository.php:142
/Users/gfabbian/projects/laravel-mongo-auto-sync/vendor/laravel/framework/src/Illuminate/Foundation/ProviderRepository.php:61
/Users/gfabbian/projects/laravel-mongo-auto-sync/vendor/laravel/framework/src/Illuminate/Foundation/Application.php:763
/Users/gfabbian/projects/laravel-mongo-auto-sync/vendor/laravel/framework/src/Illuminate/Foundation/Bootstrap/RegisterProviders.php:17
/Users/gfabbian/projects/laravel-mongo-auto-sync/vendor/orchestra/testbench-core/src/Concerns/CreatesApplication.php:362
/Users/gfabbian/projects/laravel-mongo-auto-sync/vendor/orchestra/testbench-core/src/Concerns/CreatesApplication.php:229
/Users/gfabbian/projects/laravel-mongo-auto-sync/tests/CreatesApplication.php:38
/Users/gfabbian/projects/laravel-mongo-auto-sync/vendor/orchestra/testbench-core/src/TestCase.php:119
/Users/gfabbian/projects/laravel-mongo-auto-sync/vendor/orchestra/testbench-core/src/Concerns/ApplicationTestingHooks.php:71
/Users/gfabbian/projects/laravel-mongo-auto-sync/vendor/orchestra/testbench-core/src/Concerns/Testing.php:34
/Users/gfabbian/projects/laravel-mongo-auto-sync/vendor/orchestra/testbench-core/src/TestCase.php:50
/Users/gfabbian/projects/laravel-mongo-auto-sync/tests/TestCase.php:17

2) Tests\DropCollectionTest::test_exception_model_not_found
Error: Class "Jenssegers\Mongodb\MongodbServiceProvider" not found

/Users/gfabbian/projects/laravel-mongo-auto-sync/vendor/laravel/framework/src/Illuminate/Foundation/ProviderRepository.php:206
/Users/gfabbian/projects/laravel-mongo-auto-sync/vendor/laravel/framework/src/Illuminate/Foundation/ProviderRepository.php:142
/Users/gfabbian/projects/laravel-mongo-auto-sync/vendor/laravel/framework/src/Illuminate/Foundation/ProviderRepository.php:61
/Users/gfabbian/projects/laravel-mongo-auto-sync/vendor/laravel/framework/src/Illuminate/Foundation/Application.php:763
/Users/gfabbian/projects/laravel-mongo-auto-sync/vendor/laravel/framework/src/Illuminate/Foundation/Bootstrap/RegisterProviders.php:17
/Users/gfabbian/projects/laravel-mongo-auto-sync/vendor/orchestra/testbench-core/src/Concerns/CreatesApplication.php:362
/Users/gfabbian/projects/laravel-mongo-auto-sync/vendor/orchestra/testbench-core/src/Concerns/CreatesApplication.php:229
/Users/gfabbian/projects/laravel-mongo-auto-sync/tests/CreatesApplication.php:38
/Users/gfabbian/projects/laravel-mongo-auto-sync/vendor/orchestra/testbench-core/src/TestCase.php:119
/Users/gfabbian/projects/laravel-mongo-auto-sync/vendor/orchestra/testbench-core/src/Concerns/ApplicationTestingHooks.php:71
/Users/gfabbian/projects/laravel-mongo-auto-sync/vendor/orchestra/testbench-core/src/Concerns/Testing.php:34
/Users/gfabbian/projects/laravel-mongo-auto-sync/vendor/orchestra/testbench-core/src/TestCase.php:50
/Users/gfabbian/projects/laravel-mongo-auto-sync/tests/TestCase.php:17

3) Tests\DropCollectionTest::test_exception_path_not_found
Error: Class "Jenssegers\Mongodb\MongodbServiceProvider" not found

/Users/gfabbian/projects/laravel-mongo-auto-sync/vendor/laravel/framework/src/Illuminate/Foundation/ProviderRepository.php:206
/Users/gfabbian/projects/laravel-mongo-auto-sync/vendor/laravel/framework/src/Illuminate/Foundation/ProviderRepository.php:142
/Users/gfabbian/projects/laravel-mongo-auto-sync/vendor/laravel/framework/src/Illuminate/Foundation/ProviderRepository.php:61
/Users/gfabbian/projects/laravel-mongo-auto-sync/vendor/laravel/framework/src/Illuminate/Foundation/Application.php:763
/Users/gfabbian/projects/laravel-mongo-auto-sync/vendor/laravel/framework/src/Illuminate/Foundation/Bootstrap/RegisterProviders.php:17
/Users/gfabbian/projects/laravel-mongo-auto-sync/vendor/orchestra/testbench-core/src/Concerns/CreatesApplication.php:362
/Users/gfabbian/projects/laravel-mongo-auto-sync/vendor/orchestra/testbench-core/src/Concerns/CreatesApplication.php:229
/Users/gfabbian/projects/laravel-mongo-auto-sync/tests/CreatesApplication.php:38
/Users/gfabbian/projects/laravel-mongo-auto-sync/vendor/orchestra/testbench-core/src/TestCase.php:119
/Users/gfabbian/projects/laravel-mongo-auto-sync/vendor/orchestra/testbench-core/src/Concerns/ApplicationTestingHooks.php:71
/Users/gfabbian/projects/laravel-mongo-auto-sync/vendor/orchestra/testbench-core/src/Concerns/Testing.php:34
/Users/gfabbian/projects/laravel-mongo-auto-sync/vendor/orchestra/testbench-core/src/TestCase.php:50
/Users/gfabbian/projects/laravel-mongo-auto-sync/tests/TestCase.php:17

4) Tests\EmbeddedRelationsTest::testEmbedsManySave
Error: Class "Jenssegers\Mongodb\MongodbServiceProvider" not found

/Users/gfabbian/projects/laravel-mongo-auto-sync/vendor/laravel/framework/src/Illuminate/Foundation/ProviderRepository.php:206
/Users/gfabbian/projects/laravel-mongo-auto-sync/vendor/laravel/framework/src/Illuminate/Foundation/ProviderRepository.php:142
/Users/gfabbian/projects/laravel-mongo-auto-sync/vendor/laravel/framework/src/Illuminate/Foundation/ProviderRepository.php:61
/Users/gfabbian/projects/laravel-mongo-auto-sync/vendor/laravel/framework/src/Illuminate/Foundation/Application.php:763
/Users/gfabbian/projects/laravel-mongo-auto-sync/vendor/laravel/framework/src/Illuminate/Foundation/Bootstrap/RegisterProviders.php:17
/Users/gfabbian/projects/laravel-mongo-auto-sync/vendor/orchestra/testbench-core/src/Concerns/CreatesApplication.php:362
/Users/gfabbian/projects/laravel-mongo-auto-sync/vendor/orchestra/testbench-core/src/Concerns/CreatesApplication.php:229
/Users/gfabbian/projects/laravel-mongo-auto-sync/tests/CreatesApplication.php:38
/Users/gfabbian/projects/laravel-mongo-auto-sync/vendor/orchestra/testbench-core/src/TestCase.php:119
/Users/gfabbian/projects/laravel-mongo-auto-sync/vendor/orchestra/testbench-core/src/Concerns/ApplicationTestingHooks.php:71
/Users/gfabbian/projects/laravel-mongo-auto-sync/vendor/orchestra/testbench-core/src/Concerns/Testing.php:34
/Users/gfabbian/projects/laravel-mongo-auto-sync/vendor/orchestra/testbench-core/src/TestCase.php:50
/Users/gfabbian/projects/laravel-mongo-auto-sync/tests/TestCase.php:17

5) Tests\EmbeddedRelationsTest::testEmbedsToArray
Error: Class "Jenssegers\Mongodb\MongodbServiceProvider" not found

/Users/gfabbian/projects/laravel-mongo-auto-sync/vendor/laravel/framework/src/Illuminate/Foundation/ProviderRepository.php:206
/Users/gfabbian/projects/laravel-mongo-auto-sync/vendor/laravel/framework/src/Illuminate/Foundation/ProviderRepository.php:142
/Users/gfabbian/projects/laravel-mongo-auto-sync/vendor/laravel/framework/src/Illuminate/Foundation/ProviderRepository.php:61
/Users/gfabbian/projects/laravel-mongo-auto-sync/vendor/laravel/framework/src/Illuminate/Foundation/Application.php:763
/Users/gfabbian/projects/laravel-mongo-auto-sync/vendor/laravel/framework/src/Illuminate/Foundation/Bootstrap/RegisterProviders.php:17
/Users/gfabbian/projects/laravel-mongo-auto-sync/vendor/orchestra/testbench-core/src/Concerns/CreatesApplication.php:362
/Users/gfabbian/projects/laravel-mongo-auto-sync/vendor/orchestra/testbench-core/src/Concerns/CreatesApplication.php:229
/Users/gfabbian/projects/laravel-mongo-auto-sync/tests/CreatesApplication.php:38
/Users/gfabbian/projects/laravel-mongo-auto-sync/vendor/orchestra/testbench-core/src/TestCase.php:119
/Users/gfabbian/projects/laravel-mongo-auto-sync/vendor/orchestra/testbench-core/src/Concerns/ApplicationTestingHooks.php:71
/Users/gfabbian/projects/laravel-mongo-auto-sync/vendor/orchestra/testbench-core/src/Concerns/Testing.php:34
/Users/gfabbian/projects/laravel-mongo-auto-sync/vendor/orchestra/testbench-core/src/TestCase.php:50
/Users/gfabbian/projects/laravel-mongo-auto-sync/tests/TestCase.php:17

6) Tests\EmbeddedRelationsTest::testEmbedsManyAssociate
Error: Class "Jenssegers\Mongodb\MongodbServiceProvider" not found

/Users/gfabbian/projects/laravel-mongo-auto-sync/vendor/laravel/framework/src/Illuminate/Foundation/ProviderRepository.php:206
/Users/gfabbian/projects/laravel-mongo-auto-sync/vendor/laravel/framework/src/Illuminate/Foundation/ProviderRepository.php:142
/Users/gfabbian/projects/laravel-mongo-auto-sync/vendor/laravel/framework/src/Illuminate/Foundation/ProviderRepository.php:61
/Users/gfabbian/projects/laravel-mongo-auto-sync/vendor/laravel/framework/src/Illuminate/Foundation/Application.php:763
/Users/gfabbian/projects/laravel-mongo-auto-sync/vendor/laravel/framework/src/Illuminate/Foundation/Bootstrap/RegisterProviders.php:17
/Users/gfabbian/projects/laravel-mongo-auto-sync/vendor/orchestra/testbench-core/src/Concerns/CreatesApplication.php:362
/Users/gfabbian/projects/laravel-mongo-auto-sync/vendor/orchestra/testbench-core/src/Concerns/CreatesApplication.php:229
/Users/gfabbian/projects/laravel-mongo-auto-sync/tests/CreatesApplication.php:38
/Users/gfabbian/projects/laravel-mongo-auto-sync/vendor/orchestra/testbench-core/src/TestCase.php:119
/Users/gfabbian/projects/laravel-mongo-auto-sync/vendor/orchestra/testbench-core/src/Concerns/ApplicationTestingHooks.php:71
/Users/gfabbian/projects/laravel-mongo-auto-sync/vendor/orchestra/testbench-core/src/Concerns/Testing.php:34
/Users/gfabbian/projects/laravel-mongo-auto-sync/vendor/orchestra/testbench-core/src/TestCase.php:50
/Users/gfabbian/projects/laravel-mongo-auto-sync/tests/TestCase.php:17

7) Tests\EmbeddedRelationsTest::testEmbedsManySaveMany
Error: Class "Jenssegers\Mongodb\MongodbServiceProvider" not found

/Users/gfabbian/projects/laravel-mongo-auto-sync/vendor/laravel/framework/src/Illuminate/Foundation/ProviderRepository.php:206
/Users/gfabbian/projects/laravel-mongo-auto-sync/vendor/laravel/framework/src/Illuminate/Foundation/ProviderRepository.php:142
/Users/gfabbian/projects/laravel-mongo-auto-sync/vendor/laravel/framework/src/Illuminate/Foundation/ProviderRepository.php:61
/Users/gfabbian/projects/laravel-mongo-auto-sync/vendor/laravel/framework/src/Illuminate/Foundation/Application.php:763
/Users/gfabbian/projects/laravel-mongo-auto-sync/vendor/laravel/framework/src/Illuminate/Foundation/Bootstrap/RegisterProviders.php:17
/Users/gfabbian/projects/laravel-mongo-auto-sync/vendor/orchestra/testbench-core/src/Concerns/CreatesApplication.php:362
/Users/gfabbian/projects/laravel-mongo-auto-sync/vendor/orchestra/testbench-core/src/Concerns/CreatesApplication.php:229
/Users/gfabbian/projects/laravel-mongo-auto-sync/tests/CreatesApplication.php:38
/Users/gfabbian/projects/laravel-mongo-auto-sync/vendor/orchestra/testbench-core/src/TestCase.php:119
/Users/gfabbian/projects/laravel-mongo-auto-sync/vendor/orchestra/testbench-core/src/Concerns/ApplicationTestingHooks.php:71
/Users/gfabbian/projects/laravel-mongo-auto-sync/vendor/orchestra/testbench-core/src/Concerns/Testing.php:34
/Users/gfabbian/projects/laravel-mongo-auto-sync/vendor/orchestra/testbench-core/src/TestCase.php:50
/Users/gfabbian/projects/laravel-mongo-auto-sync/tests/TestCase.php:17

8) Tests\EmbeddedRelationsTest::testEmbedsManyDuplicate
Error: Class "Jenssegers\Mongodb\MongodbServiceProvider" not found

/Users/gfabbian/projects/laravel-mongo-auto-sync/vendor/laravel/framework/src/Illuminate/Foundation/ProviderRepository.php:206
/Users/gfabbian/projects/laravel-mongo-auto-sync/vendor/laravel/framework/src/Illuminate/Foundation/ProviderRepository.php:142
/Users/gfabbian/projects/laravel-mongo-auto-sync/vendor/laravel/framework/src/Illuminate/Foundation/ProviderRepository.php:61
/Users/gfabbian/projects/laravel-mongo-auto-sync/vendor/laravel/framework/src/Illuminate/Foundation/Application.php:763
/Users/gfabbian/projects/laravel-mongo-auto-sync/vendor/laravel/framework/src/Illuminate/Foundation/Bootstrap/RegisterProviders.php:17
/Users/gfabbian/projects/laravel-mongo-auto-sync/vendor/orchestra/testbench-core/src/Concerns/CreatesApplication.php:362
/Users/gfabbian/projects/laravel-mongo-auto-sync/vendor/orchestra/testbench-core/src/Concerns/CreatesApplication.php:229
/Users/gfabbian/projects/laravel-mongo-auto-sync/tests/CreatesApplication.php:38
/Users/gfabbian/projects/laravel-mongo-auto-sync/vendor/orchestra/testbench-core/src/TestCase.php:119
/Users/gfabbian/projects/laravel-mongo-auto-sync/vendor/orchestra/testbench-core/src/Concerns/ApplicationTestingHooks.php:71
/Users/gfabbian/projects/laravel-mongo-auto-sync/vendor/orchestra/testbench-core/src/Concerns/Testing.php:34
/Users/gfabbian/projects/laravel-mongo-auto-sync/vendor/orchestra/testbench-core/src/TestCase.php:50
/Users/gfabbian/projects/laravel-mongo-auto-sync/tests/TestCase.php:17

9) Tests\EmbeddedRelationsTest::testEmbedsManyCreate
Error: Class "Jenssegers\Mongodb\MongodbServiceProvider" not found

/Users/gfabbian/projects/laravel-mongo-auto-sync/vendor/laravel/framework/src/Illuminate/Foundation/ProviderRepository.php:206
/Users/gfabbian/projects/laravel-mongo-auto-sync/vendor/laravel/framework/src/Illuminate/Foundation/ProviderRepository.php:142
/Users/gfabbian/projects/laravel-mongo-auto-sync/vendor/laravel/framework/src/Illuminate/Foundation/ProviderRepository.php:61
/Users/gfabbian/projects/laravel-mongo-auto-sync/vendor/laravel/framework/src/Illuminate/Foundation/Application.php:763
/Users/gfabbian/projects/laravel-mongo-auto-sync/vendor/laravel/framework/src/Illuminate/Foundation/Bootstrap/RegisterProviders.php:17
/Users/gfabbian/projects/laravel-mongo-auto-sync/vendor/orchestra/testbench-core/src/Concerns/CreatesApplication.php:362
/Users/gfabbian/projects/laravel-mongo-auto-sync/vendor/orchestra/testbench-core/src/Concerns/CreatesApplication.php:229
/Users/gfabbian/projects/laravel-mongo-auto-sync/tests/CreatesApplication.php:38
/Users/gfabbian/projects/laravel-mongo-auto-sync/vendor/orchestra/testbench-core/src/TestCase.php:119
/Users/gfabbian/projects/laravel-mongo-auto-sync/vendor/orchestra/testbench-core/src/Concerns/ApplicationTestingHooks.php:71
/Users/gfabbian/projects/laravel-mongo-auto-sync/vendor/orchestra/testbench-core/src/Concerns/Testing.php:34
/Users/gfabbian/projects/laravel-mongo-auto-sync/vendor/orchestra/testbench-core/src/TestCase.php:50
/Users/gfabbian/projects/laravel-mongo-auto-sync/tests/TestCase.php:17

10) Tests\EmbeddedRelationsTest::testEmbedsManyCreateMany
Error: Class "Jenssegers\Mongodb\MongodbServiceProvider" not found

/Users/gfabbian/projects/laravel-mongo-auto-sync/vendor/laravel/framework/src/Illuminate/Foundation/ProviderRepository.php:206
/Users/gfabbian/projects/laravel-mongo-auto-sync/vendor/laravel/framework/src/Illuminate/Foundation/ProviderRepository.php:142
/Users/gfabbian/projects/laravel-mongo-auto-sync/vendor/laravel/framework/src/Illuminate/Foundation/ProviderRepository.php:61
/Users/gfabbian/projects/laravel-mongo-auto-sync/vendor/laravel/framework/src/Illuminate/Foundation/Application.php:763
/Users/gfabbian/projects/laravel-mongo-auto-sync/vendor/laravel/framework/src/Illuminate/Foundation/Bootstrap/RegisterProviders.php:17
/Users/gfabbian/projects/laravel-mongo-auto-sync/vendor/orchestra/testbench-core/src/Concerns/CreatesApplication.php:362
/Users/gfabbian/projects/laravel-mongo-auto-sync/vendor/orchestra/testbench-core/src/Concerns/CreatesApplication.php:229
/Users/gfabbian/projects/laravel-mongo-auto-sync/tests/CreatesApplication.php:38
/Users/gfabbian/projects/laravel-mongo-auto-sync/vendor/orchestra/testbench-core/src/TestCase.php:119
/Users/gfabbian/projects/laravel-mongo-auto-sync/vendor/orchestra/testbench-core/src/Concerns/ApplicationTestingHooks.php:71
/Users/gfabbian/projects/laravel-mongo-auto-sync/vendor/orchestra/testbench-core/src/Concerns/Testing.php:34
/Users/gfabbian/projects/laravel-mongo-auto-sync/vendor/orchestra/testbench-core/src/TestCase.php:50
/Users/gfabbian/projects/laravel-mongo-auto-sync/tests/TestCase.php:17

11) Tests\EmbeddedRelationsTest::testEmbedsManyDestroy
Error: Class "Jenssegers\Mongodb\MongodbServiceProvider" not found

/Users/gfabbian/projects/laravel-mongo-auto-sync/vendor/laravel/framework/src/Illuminate/Foundation/ProviderRepository.php:206
/Users/gfabbian/projects/laravel-mongo-auto-sync/vendor/laravel/framework/src/Illuminate/Foundation/ProviderRepository.php:142
/Users/gfabbian/projects/laravel-mongo-auto-sync/vendor/laravel/framework/src/Illuminate/Foundation/ProviderRepository.php:61
/Users/gfabbian/projects/laravel-mongo-auto-sync/vendor/laravel/framework/src/Illuminate/Foundation/Application.php:763
/Users/gfabbian/projects/laravel-mongo-auto-sync/vendor/laravel/framework/src/Illuminate/Foundation/Bootstrap/RegisterProviders.php:17
/Users/gfabbian/projects/laravel-mongo-auto-sync/vendor/orchestra/testbench-core/src/Concerns/CreatesApplication.php:362
/Users/gfabbian/projects/laravel-mongo-auto-sync/vendor/orchestra/testbench-core/src/Concerns/CreatesApplication.php:229
/Users/gfabbian/projects/laravel-mongo-auto-sync/tests/CreatesApplication.php:38
/Users/gfabbian/projects/laravel-mongo-auto-sync/vendor/orchestra/testbench-core/src/TestCase.php:119
/Users/gfabbian/projects/laravel-mongo-auto-sync/vendor/orchestra/testbench-core/src/Concerns/ApplicationTestingHooks.php:71
/Users/gfabbian/projects/laravel-mongo-auto-sync/vendor/orchestra/testbench-core/src/Concerns/Testing.php:34
/Users/gfabbian/projects/laravel-mongo-auto-sync/vendor/orchestra/testbench-core/src/TestCase.php:50
/Users/gfabbian/projects/laravel-mongo-auto-sync/tests/TestCase.php:17

12) Tests\EmbeddedRelationsTest::testEmbedsManyDelete
Error: Class "Jenssegers\Mongodb\MongodbServiceProvider" not found

/Users/gfabbian/projects/laravel-mongo-auto-sync/vendor/laravel/framework/src/Illuminate/Foundation/ProviderRepository.php:206
/Users/gfabbian/projects/laravel-mongo-auto-sync/vendor/laravel/framework/src/Illuminate/Foundation/ProviderRepository.php:142
/Users/gfabbian/projects/laravel-mongo-auto-sync/vendor/laravel/framework/src/Illuminate/Foundation/ProviderRepository.php:61
/Users/gfabbian/projects/laravel-mongo-auto-sync/vendor/laravel/framework/src/Illuminate/Foundation/Application.php:763
/Users/gfabbian/projects/laravel-mongo-auto-sync/vendor/laravel/framework/src/Illuminate/Foundation/Bootstrap/RegisterProviders.php:17
/Users/gfabbian/projects/laravel-mongo-auto-sync/vendor/orchestra/testbench-core/src/Concerns/CreatesApplication.php:362
/Users/gfabbian/projects/laravel-mongo-auto-sync/vendor/orchestra/testbench-core/src/Concerns/CreatesApplication.php:229
/Users/gfabbian/projects/laravel-mongo-auto-sync/tests/CreatesApplication.php:38
/Users/gfabbian/projects/laravel-mongo-auto-sync/vendor/orchestra/testbench-core/src/TestCase.php:119
/Users/gfabbian/projects/laravel-mongo-auto-sync/vendor/orchestra/testbench-core/src/Concerns/ApplicationTestingHooks.php:71
/Users/gfabbian/projects/laravel-mongo-auto-sync/vendor/orchestra/testbench-core/src/Concerns/Testing.php:34
/Users/gfabbian/projects/laravel-mongo-auto-sync/vendor/orchestra/testbench-core/src/TestCase.php:50
/Users/gfabbian/projects/laravel-mongo-auto-sync/tests/TestCase.php:17

13) Tests\EmbeddedRelationsTest::testEmbedsManyDissociate
Error: Class "Jenssegers\Mongodb\MongodbServiceProvider" not found

/Users/gfabbian/projects/laravel-mongo-auto-sync/vendor/laravel/framework/src/Illuminate/Foundation/ProviderRepository.php:206
/Users/gfabbian/projects/laravel-mongo-auto-sync/vendor/laravel/framework/src/Illuminate/Foundation/ProviderRepository.php:142
/Users/gfabbian/projects/laravel-mongo-auto-sync/vendor/laravel/framework/src/Illuminate/Foundation/ProviderRepository.php:61
/Users/gfabbian/projects/laravel-mongo-auto-sync/vendor/laravel/framework/src/Illuminate/Foundation/Application.php:763
/Users/gfabbian/projects/laravel-mongo-auto-sync/vendor/laravel/framework/src/Illuminate/Foundation/Bootstrap/RegisterProviders.php:17
/Users/gfabbian/projects/laravel-mongo-auto-sync/vendor/orchestra/testbench-core/src/Concerns/CreatesApplication.php:362
/Users/gfabbian/projects/laravel-mongo-auto-sync/vendor/orchestra/testbench-core/src/Concerns/CreatesApplication.php:229
/Users/gfabbian/projects/laravel-mongo-auto-sync/tests/CreatesApplication.php:38
/Users/gfabbian/projects/laravel-mongo-auto-sync/vendor/orchestra/testbench-core/src/TestCase.php:119
/Users/gfabbian/projects/laravel-mongo-auto-sync/vendor/orchestra/testbench-core/src/Concerns/ApplicationTestingHooks.php:71
/Users/gfabbian/projects/laravel-mongo-auto-sync/vendor/orchestra/testbench-core/src/Concerns/Testing.php:34
/Users/gfabbian/projects/laravel-mongo-auto-sync/vendor/orchestra/testbench-core/src/TestCase.php:50
/Users/gfabbian/projects/laravel-mongo-auto-sync/tests/TestCase.php:17

14) Tests\EmbeddedRelationsTest::testEmbedsManyAliases
Error: Class "Jenssegers\Mongodb\MongodbServiceProvider" not found

/Users/gfabbian/projects/laravel-mongo-auto-sync/vendor/laravel/framework/src/Illuminate/Foundation/ProviderRepository.php:206
/Users/gfabbian/projects/laravel-mongo-auto-sync/vendor/laravel/framework/src/Illuminate/Foundation/ProviderRepository.php:142
/Users/gfabbian/projects/laravel-mongo-auto-sync/vendor/laravel/framework/src/Illuminate/Foundation/ProviderRepository.php:61
/Users/gfabbian/projects/laravel-mongo-auto-sync/vendor/laravel/framework/src/Illuminate/Foundation/Application.php:763
/Users/gfabbian/projects/laravel-mongo-auto-sync/vendor/laravel/framework/src/Illuminate/Foundation/Bootstrap/RegisterProviders.php:17
/Users/gfabbian/projects/laravel-mongo-auto-sync/vendor/orchestra/testbench-core/src/Concerns/CreatesApplication.php:362
/Users/gfabbian/projects/laravel-mongo-auto-sync/vendor/orchestra/testbench-core/src/Concerns/CreatesApplication.php:229
/Users/gfabbian/projects/laravel-mongo-auto-sync/tests/CreatesApplication.php:38
/Users/gfabbian/projects/laravel-mongo-auto-sync/vendor/orchestra/testbench-core/src/TestCase.php:119
/Users/gfabbian/projects/laravel-mongo-auto-sync/vendor/orchestra/testbench-core/src/Concerns/ApplicationTestingHooks.php:71
/Users/gfabbian/projects/laravel-mongo-auto-sync/vendor/orchestra/testbench-core/src/Concerns/Testing.php:34
/Users/gfabbian/projects/laravel-mongo-auto-sync/vendor/orchestra/testbench-core/src/TestCase.php:50
/Users/gfabbian/projects/laravel-mongo-auto-sync/tests/TestCase.php:17

15) Tests\EmbeddedRelationsTest::testEmbedsManyCreatingEventReturnsFalse
Error: Class "Jenssegers\Mongodb\MongodbServiceProvider" not found

/Users/gfabbian/projects/laravel-mongo-auto-sync/vendor/laravel/framework/src/Illuminate/Foundation/ProviderRepository.php:206
/Users/gfabbian/projects/laravel-mongo-auto-sync/vendor/laravel/framework/src/Illuminate/Foundation/ProviderRepository.php:142
/Users/gfabbian/projects/laravel-mongo-auto-sync/vendor/laravel/framework/src/Illuminate/Foundation/ProviderRepository.php:61
/Users/gfabbian/projects/laravel-mongo-auto-sync/vendor/laravel/framework/src/Illuminate/Foundation/Application.php:763
/Users/gfabbian/projects/laravel-mongo-auto-sync/vendor/laravel/framework/src/Illuminate/Foundation/Bootstrap/RegisterProviders.php:17
/Users/gfabbian/projects/laravel-mongo-auto-sync/vendor/orchestra/testbench-core/src/Concerns/CreatesApplication.php:362
/Users/gfabbian/projects/laravel-mongo-auto-sync/vendor/orchestra/testbench-core/src/Concerns/CreatesApplication.php:229
/Users/gfabbian/projects/laravel-mongo-auto-sync/tests/CreatesApplication.php:38
/Users/gfabbian/projects/laravel-mongo-auto-sync/vendor/orchestra/testbench-core/src/TestCase.php:119
/Users/gfabbian/projects/laravel-mongo-auto-sync/vendor/orchestra/testbench-core/src/Concerns/ApplicationTestingHooks.php:71
/Users/gfabbian/projects/laravel-mongo-auto-sync/vendor/orchestra/testbench-core/src/Concerns/Testing.php:34
/Users/gfabbian/projects/laravel-mongo-auto-sync/vendor/orchestra/testbench-core/src/TestCase.php:50
/Users/gfabbian/projects/laravel-mongo-auto-sync/tests/TestCase.php:17

16) Tests\EmbeddedRelationsTest::testEmbedsManySavingEventReturnsFalse
Error: Class "Jenssegers\Mongodb\MongodbServiceProvider" not found

/Users/gfabbian/projects/laravel-mongo-auto-sync/vendor/laravel/framework/src/Illuminate/Foundation/ProviderRepository.php:206
/Users/gfabbian/projects/laravel-mongo-auto-sync/vendor/laravel/framework/src/Illuminate/Foundation/ProviderRepository.php:142
/Users/gfabbian/projects/laravel-mongo-auto-sync/vendor/laravel/framework/src/Illuminate/Foundation/ProviderRepository.php:61
/Users/gfabbian/projects/laravel-mongo-auto-sync/vendor/laravel/framework/src/Illuminate/Foundation/Application.php:763
/Users/gfabbian/projects/laravel-mongo-auto-sync/vendor/laravel/framework/src/Illuminate/Foundation/Bootstrap/RegisterProviders.php:17
/Users/gfabbian/projects/laravel-mongo-auto-sync/vendor/orchestra/testbench-core/src/Concerns/CreatesApplication.php:362
/Users/gfabbian/projects/laravel-mongo-auto-sync/vendor/orchestra/testbench-core/src/Concerns/CreatesApplication.php:229
/Users/gfabbian/projects/laravel-mongo-auto-sync/tests/CreatesApplication.php:38
/Users/gfabbian/projects/laravel-mongo-auto-sync/vendor/orchestra/testbench-core/src/TestCase.php:119
/Users/gfabbian/projects/laravel-mongo-auto-sync/vendor/orchestra/testbench-core/src/Concerns/ApplicationTestingHooks.php:71
/Users/gfabbian/projects/laravel-mongo-auto-sync/vendor/orchestra/testbench-core/src/Concerns/Testing.php:34
/Users/gfabbian/projects/laravel-mongo-auto-sync/vendor/orchestra/testbench-core/src/TestCase.php:50
/Users/gfabbian/projects/laravel-mongo-auto-sync/tests/TestCase.php:17

17) Tests\EmbeddedRelationsTest::testEmbedsManyUpdatingEventReturnsFalse
Error: Class "Jenssegers\Mongodb\MongodbServiceProvider" not found

/Users/gfabbian/projects/laravel-mongo-auto-sync/vendor/laravel/framework/src/Illuminate/Foundation/ProviderRepository.php:206
/Users/gfabbian/projects/laravel-mongo-auto-sync/vendor/laravel/framework/src/Illuminate/Foundation/ProviderRepository.php:142
/Users/gfabbian/projects/laravel-mongo-auto-sync/vendor/laravel/framework/src/Illuminate/Foundation/ProviderRepository.php:61
/Users/gfabbian/projects/laravel-mongo-auto-sync/vendor/laravel/framework/src/Illuminate/Foundation/Application.php:763
/Users/gfabbian/projects/laravel-mongo-auto-sync/vendor/laravel/framework/src/Illuminate/Foundation/Bootstrap/RegisterProviders.php:17
/Users/gfabbian/projects/laravel-mongo-auto-sync/vendor/orchestra/testbench-core/src/Concerns/CreatesApplication.php:362
/Users/gfabbian/projects/laravel-mongo-auto-sync/vendor/orchestra/testbench-core/src/Concerns/CreatesApplication.php:229
/Users/gfabbian/projects/laravel-mongo-auto-sync/tests/CreatesApplication.php:38
/Users/gfabbian/projects/laravel-mongo-auto-sync/vendor/orchestra/testbench-core/src/TestCase.php:119
/Users/gfabbian/projects/laravel-mongo-auto-sync/vendor/orchestra/testbench-core/src/Concerns/ApplicationTestingHooks.php:71
/Users/gfabbian/projects/laravel-mongo-auto-sync/vendor/orchestra/testbench-core/src/Concerns/Testing.php:34
/Users/gfabbian/projects/laravel-mongo-auto-sync/vendor/orchestra/testbench-core/src/TestCase.php:50
/Users/gfabbian/projects/laravel-mongo-auto-sync/tests/TestCase.php:17

18) Tests\EmbeddedRelationsTest::testEmbedsManyDeletingEventReturnsFalse
Error: Class "Jenssegers\Mongodb\MongodbServiceProvider" not found

/Users/gfabbian/projects/laravel-mongo-auto-sync/vendor/laravel/framework/src/Illuminate/Foundation/ProviderRepository.php:206
/Users/gfabbian/projects/laravel-mongo-auto-sync/vendor/laravel/framework/src/Illuminate/Foundation/ProviderRepository.php:142
/Users/gfabbian/projects/laravel-mongo-auto-sync/vendor/laravel/framework/src/Illuminate/Foundation/ProviderRepository.php:61
/Users/gfabbian/projects/laravel-mongo-auto-sync/vendor/laravel/framework/src/Illuminate/Foundation/Application.php:763
/Users/gfabbian/projects/laravel-mongo-auto-sync/vendor/laravel/framework/src/Illuminate/Foundation/Bootstrap/RegisterProviders.php:17
/Users/gfabbian/projects/laravel-mongo-auto-sync/vendor/orchestra/testbench-core/src/Concerns/CreatesApplication.php:362
/Users/gfabbian/projects/laravel-mongo-auto-sync/vendor/orchestra/testbench-core/src/Concerns/CreatesApplication.php:229
/Users/gfabbian/projects/laravel-mongo-auto-sync/tests/CreatesApplication.php:38
/Users/gfabbian/projects/laravel-mongo-auto-sync/vendor/orchestra/testbench-core/src/TestCase.php:119
/Users/gfabbian/projects/laravel-mongo-auto-sync/vendor/orchestra/testbench-core/src/Concerns/ApplicationTestingHooks.php:71
/Users/gfabbian/projects/laravel-mongo-auto-sync/vendor/orchestra/testbench-core/src/Concerns/Testing.php:34
/Users/gfabbian/projects/laravel-mongo-auto-sync/vendor/orchestra/testbench-core/src/TestCase.php:50
/Users/gfabbian/projects/laravel-mongo-auto-sync/tests/TestCase.php:17

19) Tests\EmbeddedRelationsTest::testEmbedsManyFindOrContains
Error: Class "Jenssegers\Mongodb\MongodbServiceProvider" not found

/Users/gfabbian/projects/laravel-mongo-auto-sync/vendor/laravel/framework/src/Illuminate/Foundation/ProviderRepository.php:206
/Users/gfabbian/projects/laravel-mongo-auto-sync/vendor/laravel/framework/src/Illuminate/Foundation/ProviderRepository.php:142
/Users/gfabbian/projects/laravel-mongo-auto-sync/vendor/laravel/framework/src/Illuminate/Foundation/ProviderRepository.php:61
/Users/gfabbian/projects/laravel-mongo-auto-sync/vendor/laravel/framework/src/Illuminate/Foundation/Application.php:763
/Users/gfabbian/projects/laravel-mongo-auto-sync/vendor/laravel/framework/src/Illuminate/Foundation/Bootstrap/RegisterProviders.php:17
/Users/gfabbian/projects/laravel-mongo-auto-sync/vendor/orchestra/testbench-core/src/Concerns/CreatesApplication.php:362
/Users/gfabbian/projects/laravel-mongo-auto-sync/vendor/orchestra/testbench-core/src/Concerns/CreatesApplication.php:229
/Users/gfabbian/projects/laravel-mongo-auto-sync/tests/CreatesApplication.php:38
/Users/gfabbian/projects/laravel-mongo-auto-sync/vendor/orchestra/testbench-core/src/TestCase.php:119
/Users/gfabbian/projects/laravel-mongo-auto-sync/vendor/orchestra/testbench-core/src/Concerns/ApplicationTestingHooks.php:71
/Users/gfabbian/projects/laravel-mongo-auto-sync/vendor/orchestra/testbench-core/src/Concerns/Testing.php:34
/Users/gfabbian/projects/laravel-mongo-auto-sync/vendor/orchestra/testbench-core/src/TestCase.php:50
/Users/gfabbian/projects/laravel-mongo-auto-sync/tests/TestCase.php:17

20) Tests\EmbeddedRelationsTest::testEmbedsManyEagerLoading
Error: Class "Jenssegers\Mongodb\MongodbServiceProvider" not found

/Users/gfabbian/projects/laravel-mongo-auto-sync/vendor/laravel/framework/src/Illuminate/Foundation/ProviderRepository.php:206
/Users/gfabbian/projects/laravel-mongo-auto-sync/vendor/laravel/framework/src/Illuminate/Foundation/ProviderRepository.php:142
/Users/gfabbian/projects/laravel-mongo-auto-sync/vendor/laravel/framework/src/Illuminate/Foundation/ProviderRepository.php:61
/Users/gfabbian/projects/laravel-mongo-auto-sync/vendor/laravel/framework/src/Illuminate/Foundation/Application.php:763
/Users/gfabbian/projects/laravel-mongo-auto-sync/vendor/laravel/framework/src/Illuminate/Foundation/Bootstrap/RegisterProviders.php:17
/Users/gfabbian/projects/laravel-mongo-auto-sync/vendor/orchestra/testbench-core/src/Concerns/CreatesApplication.php:362
/Users/gfabbian/projects/laravel-mongo-auto-sync/vendor/orchestra/testbench-core/src/Concerns/CreatesApplication.php:229
/Users/gfabbian/projects/laravel-mongo-auto-sync/tests/CreatesApplication.php:38
/Users/gfabbian/projects/laravel-mongo-auto-sync/vendor/orchestra/testbench-core/src/TestCase.php:119
/Users/gfabbian/projects/laravel-mongo-auto-sync/vendor/orchestra/testbench-core/src/Concerns/ApplicationTestingHooks.php:71
/Users/gfabbian/projects/laravel-mongo-auto-sync/vendor/orchestra/testbench-core/src/Concerns/Testing.php:34
/Users/gfabbian/projects/laravel-mongo-auto-sync/vendor/orchestra/testbench-core/src/TestCase.php:50
/Users/gfabbian/projects/laravel-mongo-auto-sync/tests/TestCase.php:17

21) Tests\EmbeddedRelationsTest::testEmbedsManyDeleteAll
Error: Class "Jenssegers\Mongodb\MongodbServiceProvider" not found

/Users/gfabbian/projects/laravel-mongo-auto-sync/vendor/laravel/framework/src/Illuminate/Foundation/ProviderRepository.php:206
/Users/gfabbian/projects/laravel-mongo-auto-sync/vendor/laravel/framework/src/Illuminate/Foundation/ProviderRepository.php:142
/Users/gfabbian/projects/laravel-mongo-auto-sync/vendor/laravel/framework/src/Illuminate/Foundation/ProviderRepository.php:61
/Users/gfabbian/projects/laravel-mongo-auto-sync/vendor/laravel/framework/src/Illuminate/Foundation/Application.php:763
/Users/gfabbian/projects/laravel-mongo-auto-sync/vendor/laravel/framework/src/Illuminate/Foundation/Bootstrap/RegisterProviders.php:17
/Users/gfabbian/projects/laravel-mongo-auto-sync/vendor/orchestra/testbench-core/src/Concerns/CreatesApplication.php:362
/Users/gfabbian/projects/laravel-mongo-auto-sync/vendor/orchestra/testbench-core/src/Concerns/CreatesApplication.php:229
/Users/gfabbian/projects/laravel-mongo-auto-sync/tests/CreatesApplication.php:38
/Users/gfabbian/projects/laravel-mongo-auto-sync/vendor/orchestra/testbench-core/src/TestCase.php:119
/Users/gfabbian/projects/laravel-mongo-auto-sync/vendor/orchestra/testbench-core/src/Concerns/ApplicationTestingHooks.php:71
/Users/gfabbian/projects/laravel-mongo-auto-sync/vendor/orchestra/testbench-core/src/Concerns/Testing.php:34
/Users/gfabbian/projects/laravel-mongo-auto-sync/vendor/orchestra/testbench-core/src/TestCase.php:50
/Users/gfabbian/projects/laravel-mongo-auto-sync/tests/TestCase.php:17

22) Tests\EmbeddedRelationsTest::testEmbedsManyCollectionMethods
Error: Class "Jenssegers\Mongodb\MongodbServiceProvider" not found

/Users/gfabbian/projects/laravel-mongo-auto-sync/vendor/laravel/framework/src/Illuminate/Foundation/ProviderRepository.php:206
/Users/gfabbian/projects/laravel-mongo-auto-sync/vendor/laravel/framework/src/Illuminate/Foundation/ProviderRepository.php:142
/Users/gfabbian/projects/laravel-mongo-auto-sync/vendor/laravel/framework/src/Illuminate/Foundation/ProviderRepository.php:61
/Users/gfabbian/projects/laravel-mongo-auto-sync/vendor/laravel/framework/src/Illuminate/Foundation/Application.php:763
/Users/gfabbian/projects/laravel-mongo-auto-sync/vendor/laravel/framework/src/Illuminate/Foundation/Bootstrap/RegisterProviders.php:17
/Users/gfabbian/projects/laravel-mongo-auto-sync/vendor/orchestra/testbench-core/src/Concerns/CreatesApplication.php:362
/Users/gfabbian/projects/laravel-mongo-auto-sync/vendor/orchestra/testbench-core/src/Concerns/CreatesApplication.php:229
/Users/gfabbian/projects/laravel-mongo-auto-sync/tests/CreatesApplication.php:38
/Users/gfabbian/projects/laravel-mongo-auto-sync/vendor/orchestra/testbench-core/src/TestCase.php:119
/Users/gfabbian/projects/laravel-mongo-auto-sync/vendor/orchestra/testbench-core/src/Concerns/ApplicationTestingHooks.php:71
/Users/gfabbian/projects/laravel-mongo-auto-sync/vendor/orchestra/testbench-core/src/Concerns/Testing.php:34
/Users/gfabbian/projects/laravel-mongo-auto-sync/vendor/orchestra/testbench-core/src/TestCase.php:50
/Users/gfabbian/projects/laravel-mongo-auto-sync/tests/TestCase.php:17

23) Tests\EmbeddedRelationsTest::testEmbedsOne
Error: Class "Jenssegers\Mongodb\MongodbServiceProvider" not found

/Users/gfabbian/projects/laravel-mongo-auto-sync/vendor/laravel/framework/src/Illuminate/Foundation/ProviderRepository.php:206
/Users/gfabbian/projects/laravel-mongo-auto-sync/vendor/laravel/framework/src/Illuminate/Foundation/ProviderRepository.php:142
/Users/gfabbian/projects/laravel-mongo-auto-sync/vendor/laravel/framework/src/Illuminate/Foundation/ProviderRepository.php:61
/Users/gfabbian/projects/laravel-mongo-auto-sync/vendor/laravel/framework/src/Illuminate/Foundation/Application.php:763
/Users/gfabbian/projects/laravel-mongo-auto-sync/vendor/laravel/framework/src/Illuminate/Foundation/Bootstrap/RegisterProviders.php:17
/Users/gfabbian/projects/laravel-mongo-auto-sync/vendor/orchestra/testbench-core/src/Concerns/CreatesApplication.php:362
/Users/gfabbian/projects/laravel-mongo-auto-sync/vendor/orchestra/testbench-core/src/Concerns/CreatesApplication.php:229
/Users/gfabbian/projects/laravel-mongo-auto-sync/tests/CreatesApplication.php:38
/Users/gfabbian/projects/laravel-mongo-auto-sync/vendor/orchestra/testbench-core/src/TestCase.php:119
/Users/gfabbian/projects/laravel-mongo-auto-sync/vendor/orchestra/testbench-core/src/Concerns/ApplicationTestingHooks.php:71
/Users/gfabbian/projects/laravel-mongo-auto-sync/vendor/orchestra/testbench-core/src/Concerns/Testing.php:34
/Users/gfabbian/projects/laravel-mongo-auto-sync/vendor/orchestra/testbench-core/src/TestCase.php:50
/Users/gfabbian/projects/laravel-mongo-auto-sync/tests/TestCase.php:17

24) Tests\EmbeddedRelationsTest::testEmbedsOneAssociate
Error: Class "Jenssegers\Mongodb\MongodbServiceProvider" not found

/Users/gfabbian/projects/laravel-mongo-auto-sync/vendor/laravel/framework/src/Illuminate/Foundation/ProviderRepository.php:206
/Users/gfabbian/projects/laravel-mongo-auto-sync/vendor/laravel/framework/src/Illuminate/Foundation/ProviderRepository.php:142
/Users/gfabbian/projects/laravel-mongo-auto-sync/vendor/laravel/framework/src/Illuminate/Foundation/ProviderRepository.php:61
/Users/gfabbian/projects/laravel-mongo-auto-sync/vendor/laravel/framework/src/Illuminate/Foundation/Application.php:763
/Users/gfabbian/projects/laravel-mongo-auto-sync/vendor/laravel/framework/src/Illuminate/Foundation/Bootstrap/RegisterProviders.php:17
/Users/gfabbian/projects/laravel-mongo-auto-sync/vendor/orchestra/testbench-core/src/Concerns/CreatesApplication.php:362
/Users/gfabbian/projects/laravel-mongo-auto-sync/vendor/orchestra/testbench-core/src/Concerns/CreatesApplication.php:229
/Users/gfabbian/projects/laravel-mongo-auto-sync/tests/CreatesApplication.php:38
/Users/gfabbian/projects/laravel-mongo-auto-sync/vendor/orchestra/testbench-core/src/TestCase.php:119
/Users/gfabbian/projects/laravel-mongo-auto-sync/vendor/orchestra/testbench-core/src/Concerns/ApplicationTestingHooks.php:71
/Users/gfabbian/projects/laravel-mongo-auto-sync/vendor/orchestra/testbench-core/src/Concerns/Testing.php:34
/Users/gfabbian/projects/laravel-mongo-auto-sync/vendor/orchestra/testbench-core/src/TestCase.php:50
/Users/gfabbian/projects/laravel-mongo-auto-sync/tests/TestCase.php:17

25) Tests\EmbeddedRelationsTest::testEmbedsOneNullAssociation
Error: Class "Jenssegers\Mongodb\MongodbServiceProvider" not found

/Users/gfabbian/projects/laravel-mongo-auto-sync/vendor/laravel/framework/src/Illuminate/Foundation/ProviderRepository.php:206
/Users/gfabbian/projects/laravel-mongo-auto-sync/vendor/laravel/framework/src/Illuminate/Foundation/ProviderRepository.php:142
/Users/gfabbian/projects/laravel-mongo-auto-sync/vendor/laravel/framework/src/Illuminate/Foundation/ProviderRepository.php:61
/Users/gfabbian/projects/laravel-mongo-auto-sync/vendor/laravel/framework/src/Illuminate/Foundation/Application.php:763
/Users/gfabbian/projects/laravel-mongo-auto-sync/vendor/laravel/framework/src/Illuminate/Foundation/Bootstrap/RegisterProviders.php:17
/Users/gfabbian/projects/laravel-mongo-auto-sync/vendor/orchestra/testbench-core/src/Concerns/CreatesApplication.php:362
/Users/gfabbian/projects/laravel-mongo-auto-sync/vendor/orchestra/testbench-core/src/Concerns/CreatesApplication.php:229
/Users/gfabbian/projects/laravel-mongo-auto-sync/tests/CreatesApplication.php:38
/Users/gfabbian/projects/laravel-mongo-auto-sync/vendor/orchestra/testbench-core/src/TestCase.php:119
/Users/gfabbian/projects/laravel-mongo-auto-sync/vendor/orchestra/testbench-core/src/Concerns/ApplicationTestingHooks.php:71
/Users/gfabbian/projects/laravel-mongo-auto-sync/vendor/orchestra/testbench-core/src/Concerns/Testing.php:34
/Users/gfabbian/projects/laravel-mongo-auto-sync/vendor/orchestra/testbench-core/src/TestCase.php:50
/Users/gfabbian/projects/laravel-mongo-auto-sync/tests/TestCase.php:17

26) Tests\EmbeddedRelationsTest::testEmbedsOneDelete
Error: Class "Jenssegers\Mongodb\MongodbServiceProvider" not found

/Users/gfabbian/projects/laravel-mongo-auto-sync/vendor/laravel/framework/src/Illuminate/Foundation/ProviderRepository.php:206
/Users/gfabbian/projects/laravel-mongo-auto-sync/vendor/laravel/framework/src/Illuminate/Foundation/ProviderRepository.php:142
/Users/gfabbian/projects/laravel-mongo-auto-sync/vendor/laravel/framework/src/Illuminate/Foundation/ProviderRepository.php:61
/Users/gfabbian/projects/laravel-mongo-auto-sync/vendor/laravel/framework/src/Illuminate/Foundation/Application.php:763
/Users/gfabbian/projects/laravel-mongo-auto-sync/vendor/laravel/framework/src/Illuminate/Foundation/Bootstrap/RegisterProviders.php:17
/Users/gfabbian/projects/laravel-mongo-auto-sync/vendor/orchestra/testbench-core/src/Concerns/CreatesApplication.php:362
/Users/gfabbian/projects/laravel-mongo-auto-sync/vendor/orchestra/testbench-core/src/Concerns/CreatesApplication.php:229
/Users/gfabbian/projects/laravel-mongo-auto-sync/tests/CreatesApplication.php:38
/Users/gfabbian/projects/laravel-mongo-auto-sync/vendor/orchestra/testbench-core/src/TestCase.php:119
/Users/gfabbian/projects/laravel-mongo-auto-sync/vendor/orchestra/testbench-core/src/Concerns/ApplicationTestingHooks.php:71
/Users/gfabbian/projects/laravel-mongo-auto-sync/vendor/orchestra/testbench-core/src/Concerns/Testing.php:34
/Users/gfabbian/projects/laravel-mongo-auto-sync/vendor/orchestra/testbench-core/src/TestCase.php:50
/Users/gfabbian/projects/laravel-mongo-auto-sync/tests/TestCase.php:17

27) Tests\EmbeddedRelationsTest::testEmbedsManyToArray
Error: Class "Jenssegers\Mongodb\MongodbServiceProvider" not found

/Users/gfabbian/projects/laravel-mongo-auto-sync/vendor/laravel/framework/src/Illuminate/Foundation/ProviderRepository.php:206
/Users/gfabbian/projects/laravel-mongo-auto-sync/vendor/laravel/framework/src/Illuminate/Foundation/ProviderRepository.php:142
/Users/gfabbian/projects/laravel-mongo-auto-sync/vendor/laravel/framework/src/Illuminate/Foundation/ProviderRepository.php:61
/Users/gfabbian/projects/laravel-mongo-auto-sync/vendor/laravel/framework/src/Illuminate/Foundation/Application.php:763
/Users/gfabbian/projects/laravel-mongo-auto-sync/vendor/laravel/framework/src/Illuminate/Foundation/Bootstrap/RegisterProviders.php:17
/Users/gfabbian/projects/laravel-mongo-auto-sync/vendor/orchestra/testbench-core/src/Concerns/CreatesApplication.php:362
/Users/gfabbian/projects/laravel-mongo-auto-sync/vendor/orchestra/testbench-core/src/Concerns/CreatesApplication.php:229
/Users/gfabbian/projects/laravel-mongo-auto-sync/tests/CreatesApplication.php:38
/Users/gfabbian/projects/laravel-mongo-auto-sync/vendor/orchestra/testbench-core/src/TestCase.php:119
/Users/gfabbian/projects/laravel-mongo-auto-sync/vendor/orchestra/testbench-core/src/Concerns/ApplicationTestingHooks.php:71
/Users/gfabbian/projects/laravel-mongo-auto-sync/vendor/orchestra/testbench-core/src/Concerns/Testing.php:34
/Users/gfabbian/projects/laravel-mongo-auto-sync/vendor/orchestra/testbench-core/src/TestCase.php:50
/Users/gfabbian/projects/laravel-mongo-auto-sync/tests/TestCase.php:17

28) Tests\EmbeddedRelationsTest::testEmbeddedSave
Error: Class "Jenssegers\Mongodb\MongodbServiceProvider" not found

/Users/gfabbian/projects/laravel-mongo-auto-sync/vendor/laravel/framework/src/Illuminate/Foundation/ProviderRepository.php:206
/Users/gfabbian/projects/laravel-mongo-auto-sync/vendor/laravel/framework/src/Illuminate/Foundation/ProviderRepository.php:142
/Users/gfabbian/projects/laravel-mongo-auto-sync/vendor/laravel/framework/src/Illuminate/Foundation/ProviderRepository.php:61
/Users/gfabbian/projects/laravel-mongo-auto-sync/vendor/laravel/framework/src/Illuminate/Foundation/Application.php:763
/Users/gfabbian/projects/laravel-mongo-auto-sync/vendor/laravel/framework/src/Illuminate/Foundation/Bootstrap/RegisterProviders.php:17
/Users/gfabbian/projects/laravel-mongo-auto-sync/vendor/orchestra/testbench-core/src/Concerns/CreatesApplication.php:362
/Users/gfabbian/projects/laravel-mongo-auto-sync/vendor/orchestra/testbench-core/src/Concerns/CreatesApplication.php:229
/Users/gfabbian/projects/laravel-mongo-auto-sync/tests/CreatesApplication.php:38
/Users/gfabbian/projects/laravel-mongo-auto-sync/vendor/orchestra/testbench-core/src/TestCase.php:119
/Users/gfabbian/projects/laravel-mongo-auto-sync/vendor/orchestra/testbench-core/src/Concerns/ApplicationTestingHooks.php:71
/Users/gfabbian/projects/laravel-mongo-auto-sync/vendor/orchestra/testbench-core/src/Concerns/Testing.php:34
/Users/gfabbian/projects/laravel-mongo-auto-sync/vendor/orchestra/testbench-core/src/TestCase.php:50
/Users/gfabbian/projects/laravel-mongo-auto-sync/tests/TestCase.php:17

29) Tests\EmbeddedRelationsTest::testNestedEmbedsOne
Error: Class "Jenssegers\Mongodb\MongodbServiceProvider" not found

/Users/gfabbian/projects/laravel-mongo-auto-sync/vendor/laravel/framework/src/Illuminate/Foundation/ProviderRepository.php:206
/Users/gfabbian/projects/laravel-mongo-auto-sync/vendor/laravel/framework/src/Illuminate/Foundation/ProviderRepository.php:142
/Users/gfabbian/projects/laravel-mongo-auto-sync/vendor/laravel/framework/src/Illuminate/Foundation/ProviderRepository.php:61
/Users/gfabbian/projects/laravel-mongo-auto-sync/vendor/laravel/framework/src/Illuminate/Foundation/Application.php:763
/Users/gfabbian/projects/laravel-mongo-auto-sync/vendor/laravel/framework/src/Illuminate/Foundation/Bootstrap/RegisterProviders.php:17
/Users/gfabbian/projects/laravel-mongo-auto-sync/vendor/orchestra/testbench-core/src/Concerns/CreatesApplication.php:362
/Users/gfabbian/projects/laravel-mongo-auto-sync/vendor/orchestra/testbench-core/src/Concerns/CreatesApplication.php:229
/Users/gfabbian/projects/laravel-mongo-auto-sync/tests/CreatesApplication.php:38
/Users/gfabbian/projects/laravel-mongo-auto-sync/vendor/orchestra/testbench-core/src/TestCase.php:119
/Users/gfabbian/projects/laravel-mongo-auto-sync/vendor/orchestra/testbench-core/src/Concerns/ApplicationTestingHooks.php:71
/Users/gfabbian/projects/laravel-mongo-auto-sync/vendor/orchestra/testbench-core/src/Concerns/Testing.php:34
/Users/gfabbian/projects/laravel-mongo-auto-sync/vendor/orchestra/testbench-core/src/TestCase.php:50
/Users/gfabbian/projects/laravel-mongo-auto-sync/tests/TestCase.php:17

30) Tests\EmbeddedRelationsTest::testNestedEmbedsMany
Error: Class "Jenssegers\Mongodb\MongodbServiceProvider" not found

/Users/gfabbian/projects/laravel-mongo-auto-sync/vendor/laravel/framework/src/Illuminate/Foundation/ProviderRepository.php:206
/Users/gfabbian/projects/laravel-mongo-auto-sync/vendor/laravel/framework/src/Illuminate/Foundation/ProviderRepository.php:142
/Users/gfabbian/projects/laravel-mongo-auto-sync/vendor/laravel/framework/src/Illuminate/Foundation/ProviderRepository.php:61
/Users/gfabbian/projects/laravel-mongo-auto-sync/vendor/laravel/framework/src/Illuminate/Foundation/Application.php:763
/Users/gfabbian/projects/laravel-mongo-auto-sync/vendor/laravel/framework/src/Illuminate/Foundation/Bootstrap/RegisterProviders.php:17
/Users/gfabbian/projects/laravel-mongo-auto-sync/vendor/orchestra/testbench-core/src/Concerns/CreatesApplication.php:362
/Users/gfabbian/projects/laravel-mongo-auto-sync/vendor/orchestra/testbench-core/src/Concerns/CreatesApplication.php:229
/Users/gfabbian/projects/laravel-mongo-auto-sync/tests/CreatesApplication.php:38
/Users/gfabbian/projects/laravel-mongo-auto-sync/vendor/orchestra/testbench-core/src/TestCase.php:119
/Users/gfabbian/projects/laravel-mongo-auto-sync/vendor/orchestra/testbench-core/src/Concerns/ApplicationTestingHooks.php:71
/Users/gfabbian/projects/laravel-mongo-auto-sync/vendor/orchestra/testbench-core/src/Concerns/Testing.php:34
/Users/gfabbian/projects/laravel-mongo-auto-sync/vendor/orchestra/testbench-core/src/TestCase.php:50
/Users/gfabbian/projects/laravel-mongo-auto-sync/tests/TestCase.php:17

31) Tests\EmbeddedRelationsTest::testNestedMixedEmbeds
Error: Class "Jenssegers\Mongodb\MongodbServiceProvider" not found

/Users/gfabbian/projects/laravel-mongo-auto-sync/vendor/laravel/framework/src/Illuminate/Foundation/ProviderRepository.php:206
/Users/gfabbian/projects/laravel-mongo-auto-sync/vendor/laravel/framework/src/Illuminate/Foundation/ProviderRepository.php:142
/Users/gfabbian/projects/laravel-mongo-auto-sync/vendor/laravel/framework/src/Illuminate/Foundation/ProviderRepository.php:61
/Users/gfabbian/projects/laravel-mongo-auto-sync/vendor/laravel/framework/src/Illuminate/Foundation/Application.php:763
/Users/gfabbian/projects/laravel-mongo-auto-sync/vendor/laravel/framework/src/Illuminate/Foundation/Bootstrap/RegisterProviders.php:17
/Users/gfabbian/projects/laravel-mongo-auto-sync/vendor/orchestra/testbench-core/src/Concerns/CreatesApplication.php:362
/Users/gfabbian/projects/laravel-mongo-auto-sync/vendor/orchestra/testbench-core/src/Concerns/CreatesApplication.php:229
/Users/gfabbian/projects/laravel-mongo-auto-sync/tests/CreatesApplication.php:38
/Users/gfabbian/projects/laravel-mongo-auto-sync/vendor/orchestra/testbench-core/src/TestCase.php:119
/Users/gfabbian/projects/laravel-mongo-auto-sync/vendor/orchestra/testbench-core/src/Concerns/ApplicationTestingHooks.php:71
/Users/gfabbian/projects/laravel-mongo-auto-sync/vendor/orchestra/testbench-core/src/Concerns/Testing.php:34
/Users/gfabbian/projects/laravel-mongo-auto-sync/vendor/orchestra/testbench-core/src/TestCase.php:50
/Users/gfabbian/projects/laravel-mongo-auto-sync/tests/TestCase.php:17

32) Tests\EmbeddedRelationsTest::testNestedEmbedsOneDelete
Error: Class "Jenssegers\Mongodb\MongodbServiceProvider" not found

/Users/gfabbian/projects/laravel-mongo-auto-sync/vendor/laravel/framework/src/Illuminate/Foundation/ProviderRepository.php:206
/Users/gfabbian/projects/laravel-mongo-auto-sync/vendor/laravel/framework/src/Illuminate/Foundation/ProviderRepository.php:142
/Users/gfabbian/projects/laravel-mongo-auto-sync/vendor/laravel/framework/src/Illuminate/Foundation/ProviderRepository.php:61
/Users/gfabbian/projects/laravel-mongo-auto-sync/vendor/laravel/framework/src/Illuminate/Foundation/Application.php:763
/Users/gfabbian/projects/laravel-mongo-auto-sync/vendor/laravel/framework/src/Illuminate/Foundation/Bootstrap/RegisterProviders.php:17
/Users/gfabbian/projects/laravel-mongo-auto-sync/vendor/orchestra/testbench-core/src/Concerns/CreatesApplication.php:362
/Users/gfabbian/projects/laravel-mongo-auto-sync/vendor/orchestra/testbench-core/src/Concerns/CreatesApplication.php:229
/Users/gfabbian/projects/laravel-mongo-auto-sync/tests/CreatesApplication.php:38
/Users/gfabbian/projects/laravel-mongo-auto-sync/vendor/orchestra/testbench-core/src/TestCase.php:119
/Users/gfabbian/projects/laravel-mongo-auto-sync/vendor/orchestra/testbench-core/src/Concerns/ApplicationTestingHooks.php:71
/Users/gfabbian/projects/laravel-mongo-auto-sync/vendor/orchestra/testbench-core/src/Concerns/Testing.php:34
/Users/gfabbian/projects/laravel-mongo-auto-sync/vendor/orchestra/testbench-core/src/TestCase.php:50
/Users/gfabbian/projects/laravel-mongo-auto-sync/tests/TestCase.php:17

33) Tests\EmbeddedRelationsTest::testNestedEmbedsManyDelete
Error: Class "Jenssegers\Mongodb\MongodbServiceProvider" not found

/Users/gfabbian/projects/laravel-mongo-auto-sync/vendor/laravel/framework/src/Illuminate/Foundation/ProviderRepository.php:206
/Users/gfabbian/projects/laravel-mongo-auto-sync/vendor/laravel/framework/src/Illuminate/Foundation/ProviderRepository.php:142
/Users/gfabbian/projects/laravel-mongo-auto-sync/vendor/laravel/framework/src/Illuminate/Foundation/ProviderRepository.php:61
/Users/gfabbian/projects/laravel-mongo-auto-sync/vendor/laravel/framework/src/Illuminate/Foundation/Application.php:763
/Users/gfabbian/projects/laravel-mongo-auto-sync/vendor/laravel/framework/src/Illuminate/Foundation/Bootstrap/RegisterProviders.php:17
/Users/gfabbian/projects/laravel-mongo-auto-sync/vendor/orchestra/testbench-core/src/Concerns/CreatesApplication.php:362
/Users/gfabbian/projects/laravel-mongo-auto-sync/vendor/orchestra/testbench-core/src/Concerns/CreatesApplication.php:229
/Users/gfabbian/projects/laravel-mongo-auto-sync/tests/CreatesApplication.php:38
/Users/gfabbian/projects/laravel-mongo-auto-sync/vendor/orchestra/testbench-core/src/TestCase.php:119
/Users/gfabbian/projects/laravel-mongo-auto-sync/vendor/orchestra/testbench-core/src/Concerns/ApplicationTestingHooks.php:71
/Users/gfabbian/projects/laravel-mongo-auto-sync/vendor/orchestra/testbench-core/src/Concerns/Testing.php:34
/Users/gfabbian/projects/laravel-mongo-auto-sync/vendor/orchestra/testbench-core/src/TestCase.php:50
/Users/gfabbian/projects/laravel-mongo-auto-sync/tests/TestCase.php:17

34) Tests\EmbeddedRelationsTest::testNestedMixedEmbedsDelete
Error: Class "Jenssegers\Mongodb\MongodbServiceProvider" not found

/Users/gfabbian/projects/laravel-mongo-auto-sync/vendor/laravel/framework/src/Illuminate/Foundation/ProviderRepository.php:206
/Users/gfabbian/projects/laravel-mongo-auto-sync/vendor/laravel/framework/src/Illuminate/Foundation/ProviderRepository.php:142
/Users/gfabbian/projects/laravel-mongo-auto-sync/vendor/laravel/framework/src/Illuminate/Foundation/ProviderRepository.php:61
/Users/gfabbian/projects/laravel-mongo-auto-sync/vendor/laravel/framework/src/Illuminate/Foundation/Application.php:763
/Users/gfabbian/projects/laravel-mongo-auto-sync/vendor/laravel/framework/src/Illuminate/Foundation/Bootstrap/RegisterProviders.php:17
/Users/gfabbian/projects/laravel-mongo-auto-sync/vendor/orchestra/testbench-core/src/Concerns/CreatesApplication.php:362
/Users/gfabbian/projects/laravel-mongo-auto-sync/vendor/orchestra/testbench-core/src/Concerns/CreatesApplication.php:229
/Users/gfabbian/projects/laravel-mongo-auto-sync/tests/CreatesApplication.php:38
/Users/gfabbian/projects/laravel-mongo-auto-sync/vendor/orchestra/testbench-core/src/TestCase.php:119
/Users/gfabbian/projects/laravel-mongo-auto-sync/vendor/orchestra/testbench-core/src/Concerns/ApplicationTestingHooks.php:71
/Users/gfabbian/projects/laravel-mongo-auto-sync/vendor/orchestra/testbench-core/src/Concerns/Testing.php:34
/Users/gfabbian/projects/laravel-mongo-auto-sync/vendor/orchestra/testbench-core/src/TestCase.php:50
/Users/gfabbian/projects/laravel-mongo-auto-sync/tests/TestCase.php:17

35) Tests\EmbeddedRelationsTest::testDoubleAssociate
Error: Class "Jenssegers\Mongodb\MongodbServiceProvider" not found

/Users/gfabbian/projects/laravel-mongo-auto-sync/vendor/laravel/framework/src/Illuminate/Foundation/ProviderRepository.php:206
/Users/gfabbian/projects/laravel-mongo-auto-sync/vendor/laravel/framework/src/Illuminate/Foundation/ProviderRepository.php:142
/Users/gfabbian/projects/laravel-mongo-auto-sync/vendor/laravel/framework/src/Illuminate/Foundation/ProviderRepository.php:61
/Users/gfabbian/projects/laravel-mongo-auto-sync/vendor/laravel/framework/src/Illuminate/Foundation/Application.php:763
/Users/gfabbian/projects/laravel-mongo-auto-sync/vendor/laravel/framework/src/Illuminate/Foundation/Bootstrap/RegisterProviders.php:17
/Users/gfabbian/projects/laravel-mongo-auto-sync/vendor/orchestra/testbench-core/src/Concerns/CreatesApplication.php:362
/Users/gfabbian/projects/laravel-mongo-auto-sync/vendor/orchestra/testbench-core/src/Concerns/CreatesApplication.php:229
/Users/gfabbian/projects/laravel-mongo-auto-sync/tests/CreatesApplication.php:38
/Users/gfabbian/projects/laravel-mongo-auto-sync/vendor/orchestra/testbench-core/src/TestCase.php:119
/Users/gfabbian/projects/laravel-mongo-auto-sync/vendor/orchestra/testbench-core/src/Concerns/ApplicationTestingHooks.php:71
/Users/gfabbian/projects/laravel-mongo-auto-sync/vendor/orchestra/testbench-core/src/Concerns/Testing.php:34
/Users/gfabbian/projects/laravel-mongo-auto-sync/vendor/orchestra/testbench-core/src/TestCase.php:50
/Users/gfabbian/projects/laravel-mongo-auto-sync/tests/TestCase.php:17

36) Tests\EmbeddedRelationsTest::testSaveEmptyModel
Error: Class "Jenssegers\Mongodb\MongodbServiceProvider" not found

/Users/gfabbian/projects/laravel-mongo-auto-sync/vendor/laravel/framework/src/Illuminate/Foundation/ProviderRepository.php:206
/Users/gfabbian/projects/laravel-mongo-auto-sync/vendor/laravel/framework/src/Illuminate/Foundation/ProviderRepository.php:142
/Users/gfabbian/projects/laravel-mongo-auto-sync/vendor/laravel/framework/src/Illuminate/Foundation/ProviderRepository.php:61
/Users/gfabbian/projects/laravel-mongo-auto-sync/vendor/laravel/framework/src/Illuminate/Foundation/Application.php:763
/Users/gfabbian/projects/laravel-mongo-auto-sync/vendor/laravel/framework/src/Illuminate/Foundation/Bootstrap/RegisterProviders.php:17
/Users/gfabbian/projects/laravel-mongo-auto-sync/vendor/orchestra/testbench-core/src/Concerns/CreatesApplication.php:362
/Users/gfabbian/projects/laravel-mongo-auto-sync/vendor/orchestra/testbench-core/src/Concerns/CreatesApplication.php:229
/Users/gfabbian/projects/laravel-mongo-auto-sync/tests/CreatesApplication.php:38
/Users/gfabbian/projects/laravel-mongo-auto-sync/vendor/orchestra/testbench-core/src/TestCase.php:119
/Users/gfabbian/projects/laravel-mongo-auto-sync/vendor/orchestra/testbench-core/src/Concerns/ApplicationTestingHooks.php:71
/Users/gfabbian/projects/laravel-mongo-auto-sync/vendor/orchestra/testbench-core/src/Concerns/Testing.php:34
/Users/gfabbian/projects/laravel-mongo-auto-sync/vendor/orchestra/testbench-core/src/TestCase.php:50
/Users/gfabbian/projects/laravel-mongo-auto-sync/tests/TestCase.php:17

37) Tests\EmbeddedRelationsTest::testIncrementEmbedded
Error: Class "Jenssegers\Mongodb\MongodbServiceProvider" not found

/Users/gfabbian/projects/laravel-mongo-auto-sync/vendor/laravel/framework/src/Illuminate/Foundation/ProviderRepository.php:206
/Users/gfabbian/projects/laravel-mongo-auto-sync/vendor/laravel/framework/src/Illuminate/Foundation/ProviderRepository.php:142
/Users/gfabbian/projects/laravel-mongo-auto-sync/vendor/laravel/framework/src/Illuminate/Foundation/ProviderRepository.php:61
/Users/gfabbian/projects/laravel-mongo-auto-sync/vendor/laravel/framework/src/Illuminate/Foundation/Application.php:763
/Users/gfabbian/projects/laravel-mongo-auto-sync/vendor/laravel/framework/src/Illuminate/Foundation/Bootstrap/RegisterProviders.php:17
/Users/gfabbian/projects/laravel-mongo-auto-sync/vendor/orchestra/testbench-core/src/Concerns/CreatesApplication.php:362
/Users/gfabbian/projects/laravel-mongo-auto-sync/vendor/orchestra/testbench-core/src/Concerns/CreatesApplication.php:229
/Users/gfabbian/projects/laravel-mongo-auto-sync/tests/CreatesApplication.php:38
/Users/gfabbian/projects/laravel-mongo-auto-sync/vendor/orchestra/testbench-core/src/TestCase.php:119
/Users/gfabbian/projects/laravel-mongo-auto-sync/vendor/orchestra/testbench-core/src/Concerns/ApplicationTestingHooks.php:71
/Users/gfabbian/projects/laravel-mongo-auto-sync/vendor/orchestra/testbench-core/src/Concerns/Testing.php:34
/Users/gfabbian/projects/laravel-mongo-auto-sync/vendor/orchestra/testbench-core/src/TestCase.php:50
/Users/gfabbian/projects/laravel-mongo-auto-sync/tests/TestCase.php:17

38) Tests\EmbeddedRelationsTest::testPaginateEmbedsMany
Error: Class "Jenssegers\Mongodb\MongodbServiceProvider" not found

/Users/gfabbian/projects/laravel-mongo-auto-sync/vendor/laravel/framework/src/Illuminate/Foundation/ProviderRepository.php:206
/Users/gfabbian/projects/laravel-mongo-auto-sync/vendor/laravel/framework/src/Illuminate/Foundation/ProviderRepository.php:142
/Users/gfabbian/projects/laravel-mongo-auto-sync/vendor/laravel/framework/src/Illuminate/Foundation/ProviderRepository.php:61
/Users/gfabbian/projects/laravel-mongo-auto-sync/vendor/laravel/framework/src/Illuminate/Foundation/Application.php:763
/Users/gfabbian/projects/laravel-mongo-auto-sync/vendor/laravel/framework/src/Illuminate/Foundation/Bootstrap/RegisterProviders.php:17
/Users/gfabbian/projects/laravel-mongo-auto-sync/vendor/orchestra/testbench-core/src/Concerns/CreatesApplication.php:362
/Users/gfabbian/projects/laravel-mongo-auto-sync/vendor/orchestra/testbench-core/src/Concerns/CreatesApplication.php:229
/Users/gfabbian/projects/laravel-mongo-auto-sync/tests/CreatesApplication.php:38
/Users/gfabbian/projects/laravel-mongo-auto-sync/vendor/orchestra/testbench-core/src/TestCase.php:119
/Users/gfabbian/projects/laravel-mongo-auto-sync/vendor/orchestra/testbench-core/src/Concerns/ApplicationTestingHooks.php:71
/Users/gfabbian/projects/laravel-mongo-auto-sync/vendor/orchestra/testbench-core/src/Concerns/Testing.php:34
/Users/gfabbian/projects/laravel-mongo-auto-sync/vendor/orchestra/testbench-core/src/TestCase.php:50
/Users/gfabbian/projects/laravel-mongo-auto-sync/tests/TestCase.php:17

39) Tests\EmbeddedRelationsTest::testGetQueueableRelationsEmbedsMany
Error: Class "Jenssegers\Mongodb\MongodbServiceProvider" not found

/Users/gfabbian/projects/laravel-mongo-auto-sync/vendor/laravel/framework/src/Illuminate/Foundation/ProviderRepository.php:206
/Users/gfabbian/projects/laravel-mongo-auto-sync/vendor/laravel/framework/src/Illuminate/Foundation/ProviderRepository.php:142
/Users/gfabbian/projects/laravel-mongo-auto-sync/vendor/laravel/framework/src/Illuminate/Foundation/ProviderRepository.php:61
/Users/gfabbian/projects/laravel-mongo-auto-sync/vendor/laravel/framework/src/Illuminate/Foundation/Application.php:763
/Users/gfabbian/projects/laravel-mongo-auto-sync/vendor/laravel/framework/src/Illuminate/Foundation/Bootstrap/RegisterProviders.php:17
/Users/gfabbian/projects/laravel-mongo-auto-sync/vendor/orchestra/testbench-core/src/Concerns/CreatesApplication.php:362
/Users/gfabbian/projects/laravel-mongo-auto-sync/vendor/orchestra/testbench-core/src/Concerns/CreatesApplication.php:229
/Users/gfabbian/projects/laravel-mongo-auto-sync/tests/CreatesApplication.php:38
/Users/gfabbian/projects/laravel-mongo-auto-sync/vendor/orchestra/testbench-core/src/TestCase.php:119
/Users/gfabbian/projects/laravel-mongo-auto-sync/vendor/orchestra/testbench-core/src/Concerns/ApplicationTestingHooks.php:71
/Users/gfabbian/projects/laravel-mongo-auto-sync/vendor/orchestra/testbench-core/src/Concerns/Testing.php:34
/Users/gfabbian/projects/laravel-mongo-auto-sync/vendor/orchestra/testbench-core/src/TestCase.php:50
/Users/gfabbian/projects/laravel-mongo-auto-sync/tests/TestCase.php:17

40) Tests\EmbeddedRelationsTest::testGetQueueableRelationsEmbedsOne
Error: Class "Jenssegers\Mongodb\MongodbServiceProvider" not found

/Users/gfabbian/projects/laravel-mongo-auto-sync/vendor/laravel/framework/src/Illuminate/Foundation/ProviderRepository.php:206
/Users/gfabbian/projects/laravel-mongo-auto-sync/vendor/laravel/framework/src/Illuminate/Foundation/ProviderRepository.php:142
/Users/gfabbian/projects/laravel-mongo-auto-sync/vendor/laravel/framework/src/Illuminate/Foundation/ProviderRepository.php:61
/Users/gfabbian/projects/laravel-mongo-auto-sync/vendor/laravel/framework/src/Illuminate/Foundation/Application.php:763
/Users/gfabbian/projects/laravel-mongo-auto-sync/vendor/laravel/framework/src/Illuminate/Foundation/Bootstrap/RegisterProviders.php:17
/Users/gfabbian/projects/laravel-mongo-auto-sync/vendor/orchestra/testbench-core/src/Concerns/CreatesApplication.php:362
/Users/gfabbian/projects/laravel-mongo-auto-sync/vendor/orchestra/testbench-core/src/Concerns/CreatesApplication.php:229
/Users/gfabbian/projects/laravel-mongo-auto-sync/tests/CreatesApplication.php:38
/Users/gfabbian/projects/laravel-mongo-auto-sync/vendor/orchestra/testbench-core/src/TestCase.php:119
/Users/gfabbian/projects/laravel-mongo-auto-sync/vendor/orchestra/testbench-core/src/Concerns/ApplicationTestingHooks.php:71
/Users/gfabbian/projects/laravel-mongo-auto-sync/vendor/orchestra/testbench-core/src/Concerns/Testing.php:34
/Users/gfabbian/projects/laravel-mongo-auto-sync/vendor/orchestra/testbench-core/src/TestCase.php:50
/Users/gfabbian/projects/laravel-mongo-auto-sync/tests/TestCase.php:17

41) Tests\GenerateModelDocumentationTest::test_generate_model_documentation
Error: Class "Jenssegers\Mongodb\MongodbServiceProvider" not found

/Users/gfabbian/projects/laravel-mongo-auto-sync/vendor/laravel/framework/src/Illuminate/Foundation/ProviderRepository.php:206
/Users/gfabbian/projects/laravel-mongo-auto-sync/vendor/laravel/framework/src/Illuminate/Foundation/ProviderRepository.php:142
/Users/gfabbian/projects/laravel-mongo-auto-sync/vendor/laravel/framework/src/Illuminate/Foundation/ProviderRepository.php:61
/Users/gfabbian/projects/laravel-mongo-auto-sync/vendor/laravel/framework/src/Illuminate/Foundation/Application.php:763
/Users/gfabbian/projects/laravel-mongo-auto-sync/vendor/laravel/framework/src/Illuminate/Foundation/Bootstrap/RegisterProviders.php:17
/Users/gfabbian/projects/laravel-mongo-auto-sync/vendor/orchestra/testbench-core/src/Concerns/CreatesApplication.php:362
/Users/gfabbian/projects/laravel-mongo-auto-sync/vendor/orchestra/testbench-core/src/Concerns/CreatesApplication.php:229
/Users/gfabbian/projects/laravel-mongo-auto-sync/tests/CreatesApplication.php:38
/Users/gfabbian/projects/laravel-mongo-auto-sync/vendor/orchestra/testbench-core/src/TestCase.php:119
/Users/gfabbian/projects/laravel-mongo-auto-sync/vendor/orchestra/testbench-core/src/Concerns/ApplicationTestingHooks.php:71
/Users/gfabbian/projects/laravel-mongo-auto-sync/vendor/orchestra/testbench-core/src/Concerns/Testing.php:34
/Users/gfabbian/projects/laravel-mongo-auto-sync/vendor/orchestra/testbench-core/src/TestCase.php:50
/Users/gfabbian/projects/laravel-mongo-auto-sync/tests/TestCase.php:17

42) Tests\GenerateModelDocumentationTest::test_generate_model_documentation_for_article
Error: Class "Jenssegers\Mongodb\MongodbServiceProvider" not found

/Users/gfabbian/projects/laravel-mongo-auto-sync/vendor/laravel/framework/src/Illuminate/Foundation/ProviderRepository.php:206
/Users/gfabbian/projects/laravel-mongo-auto-sync/vendor/laravel/framework/src/Illuminate/Foundation/ProviderRepository.php:142
/Users/gfabbian/projects/laravel-mongo-auto-sync/vendor/laravel/framework/src/Illuminate/Foundation/ProviderRepository.php:61
/Users/gfabbian/projects/laravel-mongo-auto-sync/vendor/laravel/framework/src/Illuminate/Foundation/Application.php:763
/Users/gfabbian/projects/laravel-mongo-auto-sync/vendor/laravel/framework/src/Illuminate/Foundation/Bootstrap/RegisterProviders.php:17
/Users/gfabbian/projects/laravel-mongo-auto-sync/vendor/orchestra/testbench-core/src/Concerns/CreatesApplication.php:362
/Users/gfabbian/projects/laravel-mongo-auto-sync/vendor/orchestra/testbench-core/src/Concerns/CreatesApplication.php:229
/Users/gfabbian/projects/laravel-mongo-auto-sync/tests/CreatesApplication.php:38
/Users/gfabbian/projects/laravel-mongo-auto-sync/vendor/orchestra/testbench-core/src/TestCase.php:119
/Users/gfabbian/projects/laravel-mongo-auto-sync/vendor/orchestra/testbench-core/src/Concerns/ApplicationTestingHooks.php:71
/Users/gfabbian/projects/laravel-mongo-auto-sync/vendor/orchestra/testbench-core/src/Concerns/Testing.php:34
/Users/gfabbian/projects/laravel-mongo-auto-sync/vendor/orchestra/testbench-core/src/TestCase.php:50
/Users/gfabbian/projects/laravel-mongo-auto-sync/tests/TestCase.php:17

43) Tests\GenerateModelDocumentationTest::test_exception_model_not_found
Error: Class "Jenssegers\Mongodb\MongodbServiceProvider" not found

/Users/gfabbian/projects/laravel-mongo-auto-sync/vendor/laravel/framework/src/Illuminate/Foundation/ProviderRepository.php:206
/Users/gfabbian/projects/laravel-mongo-auto-sync/vendor/laravel/framework/src/Illuminate/Foundation/ProviderRepository.php:142
/Users/gfabbian/projects/laravel-mongo-auto-sync/vendor/laravel/framework/src/Illuminate/Foundation/ProviderRepository.php:61
/Users/gfabbian/projects/laravel-mongo-auto-sync/vendor/laravel/framework/src/Illuminate/Foundation/Application.php:763
/Users/gfabbian/projects/laravel-mongo-auto-sync/vendor/laravel/framework/src/Illuminate/Foundation/Bootstrap/RegisterProviders.php:17
/Users/gfabbian/projects/laravel-mongo-auto-sync/vendor/orchestra/testbench-core/src/Concerns/CreatesApplication.php:362
/Users/gfabbian/projects/laravel-mongo-auto-sync/vendor/orchestra/testbench-core/src/Concerns/CreatesApplication.php:229
/Users/gfabbian/projects/laravel-mongo-auto-sync/tests/CreatesApplication.php:38
/Users/gfabbian/projects/laravel-mongo-auto-sync/vendor/orchestra/testbench-core/src/TestCase.php:119
/Users/gfabbian/projects/laravel-mongo-auto-sync/vendor/orchestra/testbench-core/src/Concerns/ApplicationTestingHooks.php:71
/Users/gfabbian/projects/laravel-mongo-auto-sync/vendor/orchestra/testbench-core/src/Concerns/Testing.php:34
/Users/gfabbian/projects/laravel-mongo-auto-sync/vendor/orchestra/testbench-core/src/TestCase.php:50
/Users/gfabbian/projects/laravel-mongo-auto-sync/tests/TestCase.php:17

44) Tests\GenerateModelDocumentationTest::test_exception_path_not_found
Error: Class "Jenssegers\Mongodb\MongodbServiceProvider" not found

/Users/gfabbian/projects/laravel-mongo-auto-sync/vendor/laravel/framework/src/Illuminate/Foundation/ProviderRepository.php:206
/Users/gfabbian/projects/laravel-mongo-auto-sync/vendor/laravel/framework/src/Illuminate/Foundation/ProviderRepository.php:142
/Users/gfabbian/projects/laravel-mongo-auto-sync/vendor/laravel/framework/src/Illuminate/Foundation/ProviderRepository.php:61
/Users/gfabbian/projects/laravel-mongo-auto-sync/vendor/laravel/framework/src/Illuminate/Foundation/Application.php:763
/Users/gfabbian/projects/laravel-mongo-auto-sync/vendor/laravel/framework/src/Illuminate/Foundation/Bootstrap/RegisterProviders.php:17
/Users/gfabbian/projects/laravel-mongo-auto-sync/vendor/orchestra/testbench-core/src/Concerns/CreatesApplication.php:362
/Users/gfabbian/projects/laravel-mongo-auto-sync/vendor/orchestra/testbench-core/src/Concerns/CreatesApplication.php:229
/Users/gfabbian/projects/laravel-mongo-auto-sync/tests/CreatesApplication.php:38
/Users/gfabbian/projects/laravel-mongo-auto-sync/vendor/orchestra/testbench-core/src/TestCase.php:119
/Users/gfabbian/projects/laravel-mongo-auto-sync/vendor/orchestra/testbench-core/src/Concerns/ApplicationTestingHooks.php:71
/Users/gfabbian/projects/laravel-mongo-auto-sync/vendor/orchestra/testbench-core/src/Concerns/Testing.php:34
/Users/gfabbian/projects/laravel-mongo-auto-sync/vendor/orchestra/testbench-core/src/TestCase.php:50
/Users/gfabbian/projects/laravel-mongo-auto-sync/tests/TestCase.php:17

45) Tests\MongoSyncTraitTest::test_null_value_saved
Error: Class "Jenssegers\Mongodb\MongodbServiceProvider" not found

/Users/gfabbian/projects/laravel-mongo-auto-sync/vendor/laravel/framework/src/Illuminate/Foundation/ProviderRepository.php:206
/Users/gfabbian/projects/laravel-mongo-auto-sync/vendor/laravel/framework/src/Illuminate/Foundation/ProviderRepository.php:142
/Users/gfabbian/projects/laravel-mongo-auto-sync/vendor/laravel/framework/src/Illuminate/Foundation/ProviderRepository.php:61
/Users/gfabbian/projects/laravel-mongo-auto-sync/vendor/laravel/framework/src/Illuminate/Foundation/Application.php:763
/Users/gfabbian/projects/laravel-mongo-auto-sync/vendor/laravel/framework/src/Illuminate/Foundation/Bootstrap/RegisterProviders.php:17
/Users/gfabbian/projects/laravel-mongo-auto-sync/vendor/orchestra/testbench-core/src/Concerns/CreatesApplication.php:362
/Users/gfabbian/projects/laravel-mongo-auto-sync/vendor/orchestra/testbench-core/src/Concerns/CreatesApplication.php:229
/Users/gfabbian/projects/laravel-mongo-auto-sync/tests/CreatesApplication.php:38
/Users/gfabbian/projects/laravel-mongo-auto-sync/vendor/orchestra/testbench-core/src/TestCase.php:119
/Users/gfabbian/projects/laravel-mongo-auto-sync/vendor/orchestra/testbench-core/src/Concerns/ApplicationTestingHooks.php:71
/Users/gfabbian/projects/laravel-mongo-auto-sync/vendor/orchestra/testbench-core/src/Concerns/Testing.php:34
/Users/gfabbian/projects/laravel-mongo-auto-sync/vendor/orchestra/testbench-core/src/TestCase.php:50
/Users/gfabbian/projects/laravel-mongo-auto-sync/tests/TestCase.php:17

46) Tests\MongoSyncTraitTest::test_store_with_sync
Error: Class "Jenssegers\Mongodb\MongodbServiceProvider" not found

/Users/gfabbian/projects/laravel-mongo-auto-sync/vendor/laravel/framework/src/Illuminate/Foundation/ProviderRepository.php:206
/Users/gfabbian/projects/laravel-mongo-auto-sync/vendor/laravel/framework/src/Illuminate/Foundation/ProviderRepository.php:142
/Users/gfabbian/projects/laravel-mongo-auto-sync/vendor/laravel/framework/src/Illuminate/Foundation/ProviderRepository.php:61
/Users/gfabbian/projects/laravel-mongo-auto-sync/vendor/laravel/framework/src/Illuminate/Foundation/Application.php:763
/Users/gfabbian/projects/laravel-mongo-auto-sync/vendor/laravel/framework/src/Illuminate/Foundation/Bootstrap/RegisterProviders.php:17
/Users/gfabbian/projects/laravel-mongo-auto-sync/vendor/orchestra/testbench-core/src/Concerns/CreatesApplication.php:362
/Users/gfabbian/projects/laravel-mongo-auto-sync/vendor/orchestra/testbench-core/src/Concerns/CreatesApplication.php:229
/Users/gfabbian/projects/laravel-mongo-auto-sync/tests/CreatesApplication.php:38
/Users/gfabbian/projects/laravel-mongo-auto-sync/vendor/orchestra/testbench-core/src/TestCase.php:119
/Users/gfabbian/projects/laravel-mongo-auto-sync/vendor/orchestra/testbench-core/src/Concerns/ApplicationTestingHooks.php:71
/Users/gfabbian/projects/laravel-mongo-auto-sync/vendor/orchestra/testbench-core/src/Concerns/Testing.php:34
/Users/gfabbian/projects/laravel-mongo-auto-sync/vendor/orchestra/testbench-core/src/TestCase.php:50
/Users/gfabbian/projects/laravel-mongo-auto-sync/tests/TestCase.php:17

47) Tests\MongoSyncTraitTest::test_store_different_input_type
Error: Class "Jenssegers\Mongodb\MongodbServiceProvider" not found

/Users/gfabbian/projects/laravel-mongo-auto-sync/vendor/laravel/framework/src/Illuminate/Foundation/ProviderRepository.php:206
/Users/gfabbian/projects/laravel-mongo-auto-sync/vendor/laravel/framework/src/Illuminate/Foundation/ProviderRepository.php:142
/Users/gfabbian/projects/laravel-mongo-auto-sync/vendor/laravel/framework/src/Illuminate/Foundation/ProviderRepository.php:61
/Users/gfabbian/projects/laravel-mongo-auto-sync/vendor/laravel/framework/src/Illuminate/Foundation/Application.php:763
/Users/gfabbian/projects/laravel-mongo-auto-sync/vendor/laravel/framework/src/Illuminate/Foundation/Bootstrap/RegisterProviders.php:17
/Users/gfabbian/projects/laravel-mongo-auto-sync/vendor/orchestra/testbench-core/src/Concerns/CreatesApplication.php:362
/Users/gfabbian/projects/laravel-mongo-auto-sync/vendor/orchestra/testbench-core/src/Concerns/CreatesApplication.php:229
/Users/gfabbian/projects/laravel-mongo-auto-sync/tests/CreatesApplication.php:38
/Users/gfabbian/projects/laravel-mongo-auto-sync/vendor/orchestra/testbench-core/src/TestCase.php:119
/Users/gfabbian/projects/laravel-mongo-auto-sync/vendor/orchestra/testbench-core/src/Concerns/ApplicationTestingHooks.php:71
/Users/gfabbian/projects/laravel-mongo-auto-sync/vendor/orchestra/testbench-core/src/Concerns/Testing.php:34
/Users/gfabbian/projects/laravel-mongo-auto-sync/vendor/orchestra/testbench-core/src/TestCase.php:50
/Users/gfabbian/projects/laravel-mongo-auto-sync/tests/TestCase.php:17

48) Tests\MongoSyncTraitTest::test_update_with_sync_with_embeds_one_on_target
Error: Class "Jenssegers\Mongodb\MongodbServiceProvider" not found

/Users/gfabbian/projects/laravel-mongo-auto-sync/vendor/laravel/framework/src/Illuminate/Foundation/ProviderRepository.php:206
/Users/gfabbian/projects/laravel-mongo-auto-sync/vendor/laravel/framework/src/Illuminate/Foundation/ProviderRepository.php:142
/Users/gfabbian/projects/laravel-mongo-auto-sync/vendor/laravel/framework/src/Illuminate/Foundation/ProviderRepository.php:61
/Users/gfabbian/projects/laravel-mongo-auto-sync/vendor/laravel/framework/src/Illuminate/Foundation/Application.php:763
/Users/gfabbian/projects/laravel-mongo-auto-sync/vendor/laravel/framework/src/Illuminate/Foundation/Bootstrap/RegisterProviders.php:17
/Users/gfabbian/projects/laravel-mongo-auto-sync/vendor/orchestra/testbench-core/src/Concerns/CreatesApplication.php:362
/Users/gfabbian/projects/laravel-mongo-auto-sync/vendor/orchestra/testbench-core/src/Concerns/CreatesApplication.php:229
/Users/gfabbian/projects/laravel-mongo-auto-sync/tests/CreatesApplication.php:38
/Users/gfabbian/projects/laravel-mongo-auto-sync/vendor/orchestra/testbench-core/src/TestCase.php:119
/Users/gfabbian/projects/laravel-mongo-auto-sync/vendor/orchestra/testbench-core/src/Concerns/ApplicationTestingHooks.php:71
/Users/gfabbian/projects/laravel-mongo-auto-sync/vendor/orchestra/testbench-core/src/Concerns/Testing.php:34
/Users/gfabbian/projects/laravel-mongo-auto-sync/vendor/orchestra/testbench-core/src/TestCase.php:50
/Users/gfabbian/projects/laravel-mongo-auto-sync/tests/TestCase.php:17

49) Tests\MongoSyncTraitTest::test_update_with_sync_with_embeds_many_on_target
Error: Class "Jenssegers\Mongodb\MongodbServiceProvider" not found

/Users/gfabbian/projects/laravel-mongo-auto-sync/vendor/laravel/framework/src/Illuminate/Foundation/ProviderRepository.php:206
/Users/gfabbian/projects/laravel-mongo-auto-sync/vendor/laravel/framework/src/Illuminate/Foundation/ProviderRepository.php:142
/Users/gfabbian/projects/laravel-mongo-auto-sync/vendor/laravel/framework/src/Illuminate/Foundation/ProviderRepository.php:61
/Users/gfabbian/projects/laravel-mongo-auto-sync/vendor/laravel/framework/src/Illuminate/Foundation/Application.php:763
/Users/gfabbian/projects/laravel-mongo-auto-sync/vendor/laravel/framework/src/Illuminate/Foundation/Bootstrap/RegisterProviders.php:17
/Users/gfabbian/projects/laravel-mongo-auto-sync/vendor/orchestra/testbench-core/src/Concerns/CreatesApplication.php:362
/Users/gfabbian/projects/laravel-mongo-auto-sync/vendor/orchestra/testbench-core/src/Concerns/CreatesApplication.php:229
/Users/gfabbian/projects/laravel-mongo-auto-sync/tests/CreatesApplication.php:38
/Users/gfabbian/projects/laravel-mongo-auto-sync/vendor/orchestra/testbench-core/src/TestCase.php:119
/Users/gfabbian/projects/laravel-mongo-auto-sync/vendor/orchestra/testbench-core/src/Concerns/ApplicationTestingHooks.php:71
/Users/gfabbian/projects/laravel-mongo-auto-sync/vendor/orchestra/testbench-core/src/Concerns/Testing.php:34
/Users/gfabbian/projects/laravel-mongo-auto-sync/vendor/orchestra/testbench-core/src/TestCase.php:50
/Users/gfabbian/projects/laravel-mongo-auto-sync/tests/TestCase.php:17

50) Tests\MongoSyncTraitTest::test_update_different_input_type
Error: Class "Jenssegers\Mongodb\MongodbServiceProvider" not found

/Users/gfabbian/projects/laravel-mongo-auto-sync/vendor/laravel/framework/src/Illuminate/Foundation/ProviderRepository.php:206
/Users/gfabbian/projects/laravel-mongo-auto-sync/vendor/laravel/framework/src/Illuminate/Foundation/ProviderRepository.php:142
/Users/gfabbian/projects/laravel-mongo-auto-sync/vendor/laravel/framework/src/Illuminate/Foundation/ProviderRepository.php:61
/Users/gfabbian/projects/laravel-mongo-auto-sync/vendor/laravel/framework/src/Illuminate/Foundation/Application.php:763
/Users/gfabbian/projects/laravel-mongo-auto-sync/vendor/laravel/framework/src/Illuminate/Foundation/Bootstrap/RegisterProviders.php:17
/Users/gfabbian/projects/laravel-mongo-auto-sync/vendor/orchestra/testbench-core/src/Concerns/CreatesApplication.php:362
/Users/gfabbian/projects/laravel-mongo-auto-sync/vendor/orchestra/testbench-core/src/Concerns/CreatesApplication.php:229
/Users/gfabbian/projects/laravel-mongo-auto-sync/tests/CreatesApplication.php:38
/Users/gfabbian/projects/laravel-mongo-auto-sync/vendor/orchestra/testbench-core/src/TestCase.php:119
/Users/gfabbian/projects/laravel-mongo-auto-sync/vendor/orchestra/testbench-core/src/Concerns/ApplicationTestingHooks.php:71
/Users/gfabbian/projects/laravel-mongo-auto-sync/vendor/orchestra/testbench-core/src/Concerns/Testing.php:34
/Users/gfabbian/projects/laravel-mongo-auto-sync/vendor/orchestra/testbench-core/src/TestCase.php:50
/Users/gfabbian/projects/laravel-mongo-auto-sync/tests/TestCase.php:17

51) Tests\MongoSyncTraitTest::test_update_null_value_on_all_field_except_text_and_code
Error: Class "Jenssegers\Mongodb\MongodbServiceProvider" not found

/Users/gfabbian/projects/laravel-mongo-auto-sync/vendor/laravel/framework/src/Illuminate/Foundation/ProviderRepository.php:206
/Users/gfabbian/projects/laravel-mongo-auto-sync/vendor/laravel/framework/src/Illuminate/Foundation/ProviderRepository.php:142
/Users/gfabbian/projects/laravel-mongo-auto-sync/vendor/laravel/framework/src/Illuminate/Foundation/ProviderRepository.php:61
/Users/gfabbian/projects/laravel-mongo-auto-sync/vendor/laravel/framework/src/Illuminate/Foundation/Application.php:763
/Users/gfabbian/projects/laravel-mongo-auto-sync/vendor/laravel/framework/src/Illuminate/Foundation/Bootstrap/RegisterProviders.php:17
/Users/gfabbian/projects/laravel-mongo-auto-sync/vendor/orchestra/testbench-core/src/Concerns/CreatesApplication.php:362
/Users/gfabbian/projects/laravel-mongo-auto-sync/vendor/orchestra/testbench-core/src/Concerns/CreatesApplication.php:229
/Users/gfabbian/projects/laravel-mongo-auto-sync/tests/CreatesApplication.php:38
/Users/gfabbian/projects/laravel-mongo-auto-sync/vendor/orchestra/testbench-core/src/TestCase.php:119
/Users/gfabbian/projects/laravel-mongo-auto-sync/vendor/orchestra/testbench-core/src/Concerns/ApplicationTestingHooks.php:71
/Users/gfabbian/projects/laravel-mongo-auto-sync/vendor/orchestra/testbench-core/src/Concerns/Testing.php:34
/Users/gfabbian/projects/laravel-mongo-auto-sync/vendor/orchestra/testbench-core/src/TestCase.php:50
/Users/gfabbian/projects/laravel-mongo-auto-sync/tests/TestCase.php:17

52) Tests\MongoSyncTraitTest::test_store_item_with_relation
Error: Class "Jenssegers\Mongodb\MongodbServiceProvider" not found

/Users/gfabbian/projects/laravel-mongo-auto-sync/vendor/laravel/framework/src/Illuminate/Foundation/ProviderRepository.php:206
/Users/gfabbian/projects/laravel-mongo-auto-sync/vendor/laravel/framework/src/Illuminate/Foundation/ProviderRepository.php:142
/Users/gfabbian/projects/laravel-mongo-auto-sync/vendor/laravel/framework/src/Illuminate/Foundation/ProviderRepository.php:61
/Users/gfabbian/projects/laravel-mongo-auto-sync/vendor/laravel/framework/src/Illuminate/Foundation/Application.php:763
/Users/gfabbian/projects/laravel-mongo-auto-sync/vendor/laravel/framework/src/Illuminate/Foundation/Bootstrap/RegisterProviders.php:17
/Users/gfabbian/projects/laravel-mongo-auto-sync/vendor/orchestra/testbench-core/src/Concerns/CreatesApplication.php:362
/Users/gfabbian/projects/laravel-mongo-auto-sync/vendor/orchestra/testbench-core/src/Concerns/CreatesApplication.php:229
/Users/gfabbian/projects/laravel-mongo-auto-sync/tests/CreatesApplication.php:38
/Users/gfabbian/projects/laravel-mongo-auto-sync/vendor/orchestra/testbench-core/src/TestCase.php:119
/Users/gfabbian/projects/laravel-mongo-auto-sync/vendor/orchestra/testbench-core/src/Concerns/ApplicationTestingHooks.php:71
/Users/gfabbian/projects/laravel-mongo-auto-sync/vendor/orchestra/testbench-core/src/Concerns/Testing.php:34
/Users/gfabbian/projects/laravel-mongo-auto-sync/vendor/orchestra/testbench-core/src/TestCase.php:50
/Users/gfabbian/projects/laravel-mongo-auto-sync/tests/TestCase.php:17

53) Tests\MongoSyncTraitTest::test_update_navigation_with_items
Error: Class "Jenssegers\Mongodb\MongodbServiceProvider" not found

/Users/gfabbian/projects/laravel-mongo-auto-sync/vendor/laravel/framework/src/Illuminate/Foundation/ProviderRepository.php:206
/Users/gfabbian/projects/laravel-mongo-auto-sync/vendor/laravel/framework/src/Illuminate/Foundation/ProviderRepository.php:142
/Users/gfabbian/projects/laravel-mongo-auto-sync/vendor/laravel/framework/src/Illuminate/Foundation/ProviderRepository.php:61
/Users/gfabbian/projects/laravel-mongo-auto-sync/vendor/laravel/framework/src/Illuminate/Foundation/Application.php:763
/Users/gfabbian/projects/laravel-mongo-auto-sync/vendor/laravel/framework/src/Illuminate/Foundation/Bootstrap/RegisterProviders.php:17
/Users/gfabbian/projects/laravel-mongo-auto-sync/vendor/orchestra/testbench-core/src/Concerns/CreatesApplication.php:362
/Users/gfabbian/projects/laravel-mongo-auto-sync/vendor/orchestra/testbench-core/src/Concerns/CreatesApplication.php:229
/Users/gfabbian/projects/laravel-mongo-auto-sync/tests/CreatesApplication.php:38
/Users/gfabbian/projects/laravel-mongo-auto-sync/vendor/orchestra/testbench-core/src/TestCase.php:119
/Users/gfabbian/projects/laravel-mongo-auto-sync/vendor/orchestra/testbench-core/src/Concerns/ApplicationTestingHooks.php:71
/Users/gfabbian/projects/laravel-mongo-auto-sync/vendor/orchestra/testbench-core/src/Concerns/Testing.php:34
/Users/gfabbian/projects/laravel-mongo-auto-sync/vendor/orchestra/testbench-core/src/TestCase.php:50
/Users/gfabbian/projects/laravel-mongo-auto-sync/tests/TestCase.php:17

54) Tests\QueryBuilderTest::testDeleteWithId
Error: Class "Jenssegers\Mongodb\MongodbServiceProvider" not found

/Users/gfabbian/projects/laravel-mongo-auto-sync/vendor/laravel/framework/src/Illuminate/Foundation/ProviderRepository.php:206
/Users/gfabbian/projects/laravel-mongo-auto-sync/vendor/laravel/framework/src/Illuminate/Foundation/ProviderRepository.php:142
/Users/gfabbian/projects/laravel-mongo-auto-sync/vendor/laravel/framework/src/Illuminate/Foundation/ProviderRepository.php:61
/Users/gfabbian/projects/laravel-mongo-auto-sync/vendor/laravel/framework/src/Illuminate/Foundation/Application.php:763
/Users/gfabbian/projects/laravel-mongo-auto-sync/vendor/laravel/framework/src/Illuminate/Foundation/Bootstrap/RegisterProviders.php:17
/Users/gfabbian/projects/laravel-mongo-auto-sync/vendor/orchestra/testbench-core/src/Concerns/CreatesApplication.php:362
/Users/gfabbian/projects/laravel-mongo-auto-sync/vendor/orchestra/testbench-core/src/Concerns/CreatesApplication.php:229
/Users/gfabbian/projects/laravel-mongo-auto-sync/tests/CreatesApplication.php:38
/Users/gfabbian/projects/laravel-mongo-auto-sync/vendor/orchestra/testbench-core/src/TestCase.php:119
/Users/gfabbian/projects/laravel-mongo-auto-sync/vendor/orchestra/testbench-core/src/Concerns/ApplicationTestingHooks.php:71
/Users/gfabbian/projects/laravel-mongo-auto-sync/vendor/orchestra/testbench-core/src/Concerns/Testing.php:34
/Users/gfabbian/projects/laravel-mongo-auto-sync/vendor/orchestra/testbench-core/src/TestCase.php:50
/Users/gfabbian/projects/laravel-mongo-auto-sync/tests/TestCase.php:17

55) Tests\QueryBuilderTest::testCollection
Error: Class "Jenssegers\Mongodb\MongodbServiceProvider" not found

/Users/gfabbian/projects/laravel-mongo-auto-sync/vendor/laravel/framework/src/Illuminate/Foundation/ProviderRepository.php:206
/Users/gfabbian/projects/laravel-mongo-auto-sync/vendor/laravel/framework/src/Illuminate/Foundation/ProviderRepository.php:142
/Users/gfabbian/projects/laravel-mongo-auto-sync/vendor/laravel/framework/src/Illuminate/Foundation/ProviderRepository.php:61
/Users/gfabbian/projects/laravel-mongo-auto-sync/vendor/laravel/framework/src/Illuminate/Foundation/Application.php:763
/Users/gfabbian/projects/laravel-mongo-auto-sync/vendor/laravel/framework/src/Illuminate/Foundation/Bootstrap/RegisterProviders.php:17
/Users/gfabbian/projects/laravel-mongo-auto-sync/vendor/orchestra/testbench-core/src/Concerns/CreatesApplication.php:362
/Users/gfabbian/projects/laravel-mongo-auto-sync/vendor/orchestra/testbench-core/src/Concerns/CreatesApplication.php:229
/Users/gfabbian/projects/laravel-mongo-auto-sync/tests/CreatesApplication.php:38
/Users/gfabbian/projects/laravel-mongo-auto-sync/vendor/orchestra/testbench-core/src/TestCase.php:119
/Users/gfabbian/projects/laravel-mongo-auto-sync/vendor/orchestra/testbench-core/src/Concerns/ApplicationTestingHooks.php:71
/Users/gfabbian/projects/laravel-mongo-auto-sync/vendor/orchestra/testbench-core/src/Concerns/Testing.php:34
/Users/gfabbian/projects/laravel-mongo-auto-sync/vendor/orchestra/testbench-core/src/TestCase.php:50
/Users/gfabbian/projects/laravel-mongo-auto-sync/tests/TestCase.php:17

56) Tests\QueryBuilderTest::testGet
Error: Class "Jenssegers\Mongodb\MongodbServiceProvider" not found

/Users/gfabbian/projects/laravel-mongo-auto-sync/vendor/laravel/framework/src/Illuminate/Foundation/ProviderRepository.php:206
/Users/gfabbian/projects/laravel-mongo-auto-sync/vendor/laravel/framework/src/Illuminate/Foundation/ProviderRepository.php:142
/Users/gfabbian/projects/laravel-mongo-auto-sync/vendor/laravel/framework/src/Illuminate/Foundation/ProviderRepository.php:61
/Users/gfabbian/projects/laravel-mongo-auto-sync/vendor/laravel/framework/src/Illuminate/Foundation/Application.php:763
/Users/gfabbian/projects/laravel-mongo-auto-sync/vendor/laravel/framework/src/Illuminate/Foundation/Bootstrap/RegisterProviders.php:17
/Users/gfabbian/projects/laravel-mongo-auto-sync/vendor/orchestra/testbench-core/src/Concerns/CreatesApplication.php:362
/Users/gfabbian/projects/laravel-mongo-auto-sync/vendor/orchestra/testbench-core/src/Concerns/CreatesApplication.php:229
/Users/gfabbian/projects/laravel-mongo-auto-sync/tests/CreatesApplication.php:38
/Users/gfabbian/projects/laravel-mongo-auto-sync/vendor/orchestra/testbench-core/src/TestCase.php:119
/Users/gfabbian/projects/laravel-mongo-auto-sync/vendor/orchestra/testbench-core/src/Concerns/ApplicationTestingHooks.php:71
/Users/gfabbian/projects/laravel-mongo-auto-sync/vendor/orchestra/testbench-core/src/Concerns/Testing.php:34
/Users/gfabbian/projects/laravel-mongo-auto-sync/vendor/orchestra/testbench-core/src/TestCase.php:50
/Users/gfabbian/projects/laravel-mongo-auto-sync/tests/TestCase.php:17

57) Tests\QueryBuilderTest::testNoDocument
Error: Class "Jenssegers\Mongodb\MongodbServiceProvider" not found

/Users/gfabbian/projects/laravel-mongo-auto-sync/vendor/laravel/framework/src/Illuminate/Foundation/ProviderRepository.php:206
/Users/gfabbian/projects/laravel-mongo-auto-sync/vendor/laravel/framework/src/Illuminate/Foundation/ProviderRepository.php:142
/Users/gfabbian/projects/laravel-mongo-auto-sync/vendor/laravel/framework/src/Illuminate/Foundation/ProviderRepository.php:61
/Users/gfabbian/projects/laravel-mongo-auto-sync/vendor/laravel/framework/src/Illuminate/Foundation/Application.php:763
/Users/gfabbian/projects/laravel-mongo-auto-sync/vendor/laravel/framework/src/Illuminate/Foundation/Bootstrap/RegisterProviders.php:17
/Users/gfabbian/projects/laravel-mongo-auto-sync/vendor/orchestra/testbench-core/src/Concerns/CreatesApplication.php:362
/Users/gfabbian/projects/laravel-mongo-auto-sync/vendor/orchestra/testbench-core/src/Concerns/CreatesApplication.php:229
/Users/gfabbian/projects/laravel-mongo-auto-sync/tests/CreatesApplication.php:38
/Users/gfabbian/projects/laravel-mongo-auto-sync/vendor/orchestra/testbench-core/src/TestCase.php:119
/Users/gfabbian/projects/laravel-mongo-auto-sync/vendor/orchestra/testbench-core/src/Concerns/ApplicationTestingHooks.php:71
/Users/gfabbian/projects/laravel-mongo-auto-sync/vendor/orchestra/testbench-core/src/Concerns/Testing.php:34
/Users/gfabbian/projects/laravel-mongo-auto-sync/vendor/orchestra/testbench-core/src/TestCase.php:50
/Users/gfabbian/projects/laravel-mongo-auto-sync/tests/TestCase.php:17

58) Tests\QueryBuilderTest::testInsert
Error: Class "Jenssegers\Mongodb\MongodbServiceProvider" not found

/Users/gfabbian/projects/laravel-mongo-auto-sync/vendor/laravel/framework/src/Illuminate/Foundation/ProviderRepository.php:206
/Users/gfabbian/projects/laravel-mongo-auto-sync/vendor/laravel/framework/src/Illuminate/Foundation/ProviderRepository.php:142
/Users/gfabbian/projects/laravel-mongo-auto-sync/vendor/laravel/framework/src/Illuminate/Foundation/ProviderRepository.php:61
/Users/gfabbian/projects/laravel-mongo-auto-sync/vendor/laravel/framework/src/Illuminate/Foundation/Application.php:763
/Users/gfabbian/projects/laravel-mongo-auto-sync/vendor/laravel/framework/src/Illuminate/Foundation/Bootstrap/RegisterProviders.php:17
/Users/gfabbian/projects/laravel-mongo-auto-sync/vendor/orchestra/testbench-core/src/Concerns/CreatesApplication.php:362
/Users/gfabbian/projects/laravel-mongo-auto-sync/vendor/orchestra/testbench-core/src/Concerns/CreatesApplication.php:229
/Users/gfabbian/projects/laravel-mongo-auto-sync/tests/CreatesApplication.php:38
/Users/gfabbian/projects/laravel-mongo-auto-sync/vendor/orchestra/testbench-core/src/TestCase.php:119
/Users/gfabbian/projects/laravel-mongo-auto-sync/vendor/orchestra/testbench-core/src/Concerns/ApplicationTestingHooks.php:71
/Users/gfabbian/projects/laravel-mongo-auto-sync/vendor/orchestra/testbench-core/src/Concerns/Testing.php:34
/Users/gfabbian/projects/laravel-mongo-auto-sync/vendor/orchestra/testbench-core/src/TestCase.php:50
/Users/gfabbian/projects/laravel-mongo-auto-sync/tests/TestCase.php:17

59) Tests\QueryBuilderTest::testInsertGetId
Error: Class "Jenssegers\Mongodb\MongodbServiceProvider" not found

/Users/gfabbian/projects/laravel-mongo-auto-sync/vendor/laravel/framework/src/Illuminate/Foundation/ProviderRepository.php:206
/Users/gfabbian/projects/laravel-mongo-auto-sync/vendor/laravel/framework/src/Illuminate/Foundation/ProviderRepository.php:142
/Users/gfabbian/projects/laravel-mongo-auto-sync/vendor/laravel/framework/src/Illuminate/Foundation/ProviderRepository.php:61
/Users/gfabbian/projects/laravel-mongo-auto-sync/vendor/laravel/framework/src/Illuminate/Foundation/Application.php:763
/Users/gfabbian/projects/laravel-mongo-auto-sync/vendor/laravel/framework/src/Illuminate/Foundation/Bootstrap/RegisterProviders.php:17
/Users/gfabbian/projects/laravel-mongo-auto-sync/vendor/orchestra/testbench-core/src/Concerns/CreatesApplication.php:362
/Users/gfabbian/projects/laravel-mongo-auto-sync/vendor/orchestra/testbench-core/src/Concerns/CreatesApplication.php:229
/Users/gfabbian/projects/laravel-mongo-auto-sync/tests/CreatesApplication.php:38
/Users/gfabbian/projects/laravel-mongo-auto-sync/vendor/orchestra/testbench-core/src/TestCase.php:119
/Users/gfabbian/projects/laravel-mongo-auto-sync/vendor/orchestra/testbench-core/src/Concerns/ApplicationTestingHooks.php:71
/Users/gfabbian/projects/laravel-mongo-auto-sync/vendor/orchestra/testbench-core/src/Concerns/Testing.php:34
/Users/gfabbian/projects/laravel-mongo-auto-sync/vendor/orchestra/testbench-core/src/TestCase.php:50
/Users/gfabbian/projects/laravel-mongo-auto-sync/tests/TestCase.php:17

60) Tests\QueryBuilderTest::testBatchInsert
Error: Class "Jenssegers\Mongodb\MongodbServiceProvider" not found

/Users/gfabbian/projects/laravel-mongo-auto-sync/vendor/laravel/framework/src/Illuminate/Foundation/ProviderRepository.php:206
/Users/gfabbian/projects/laravel-mongo-auto-sync/vendor/laravel/framework/src/Illuminate/Foundation/ProviderRepository.php:142
/Users/gfabbian/projects/laravel-mongo-auto-sync/vendor/laravel/framework/src/Illuminate/Foundation/ProviderRepository.php:61
/Users/gfabbian/projects/laravel-mongo-auto-sync/vendor/laravel/framework/src/Illuminate/Foundation/Application.php:763
/Users/gfabbian/projects/laravel-mongo-auto-sync/vendor/laravel/framework/src/Illuminate/Foundation/Bootstrap/RegisterProviders.php:17
/Users/gfabbian/projects/laravel-mongo-auto-sync/vendor/orchestra/testbench-core/src/Concerns/CreatesApplication.php:362
/Users/gfabbian/projects/laravel-mongo-auto-sync/vendor/orchestra/testbench-core/src/Concerns/CreatesApplication.php:229
/Users/gfabbian/projects/laravel-mongo-auto-sync/tests/CreatesApplication.php:38
/Users/gfabbian/projects/laravel-mongo-auto-sync/vendor/orchestra/testbench-core/src/TestCase.php:119
/Users/gfabbian/projects/laravel-mongo-auto-sync/vendor/orchestra/testbench-core/src/Concerns/ApplicationTestingHooks.php:71
/Users/gfabbian/projects/laravel-mongo-auto-sync/vendor/orchestra/testbench-core/src/Concerns/Testing.php:34
/Users/gfabbian/projects/laravel-mongo-auto-sync/vendor/orchestra/testbench-core/src/TestCase.php:50
/Users/gfabbian/projects/laravel-mongo-auto-sync/tests/TestCase.php:17

61) Tests\QueryBuilderTest::testFind
Error: Class "Jenssegers\Mongodb\MongodbServiceProvider" not found

/Users/gfabbian/projects/laravel-mongo-auto-sync/vendor/laravel/framework/src/Illuminate/Foundation/ProviderRepository.php:206
/Users/gfabbian/projects/laravel-mongo-auto-sync/vendor/laravel/framework/src/Illuminate/Foundation/ProviderRepository.php:142
/Users/gfabbian/projects/laravel-mongo-auto-sync/vendor/laravel/framework/src/Illuminate/Foundation/ProviderRepository.php:61
/Users/gfabbian/projects/laravel-mongo-auto-sync/vendor/laravel/framework/src/Illuminate/Foundation/Application.php:763
/Users/gfabbian/projects/laravel-mongo-auto-sync/vendor/laravel/framework/src/Illuminate/Foundation/Bootstrap/RegisterProviders.php:17
/Users/gfabbian/projects/laravel-mongo-auto-sync/vendor/orchestra/testbench-core/src/Concerns/CreatesApplication.php:362
/Users/gfabbian/projects/laravel-mongo-auto-sync/vendor/orchestra/testbench-core/src/Concerns/CreatesApplication.php:229
/Users/gfabbian/projects/laravel-mongo-auto-sync/tests/CreatesApplication.php:38
/Users/gfabbian/projects/laravel-mongo-auto-sync/vendor/orchestra/testbench-core/src/TestCase.php:119
/Users/gfabbian/projects/laravel-mongo-auto-sync/vendor/orchestra/testbench-core/src/Concerns/ApplicationTestingHooks.php:71
/Users/gfabbian/projects/laravel-mongo-auto-sync/vendor/orchestra/testbench-core/src/Concerns/Testing.php:34
/Users/gfabbian/projects/laravel-mongo-auto-sync/vendor/orchestra/testbench-core/src/TestCase.php:50
/Users/gfabbian/projects/laravel-mongo-auto-sync/tests/TestCase.php:17

62) Tests\QueryBuilderTest::testFindNull
Error: Class "Jenssegers\Mongodb\MongodbServiceProvider" not found

/Users/gfabbian/projects/laravel-mongo-auto-sync/vendor/laravel/framework/src/Illuminate/Foundation/ProviderRepository.php:206
/Users/gfabbian/projects/laravel-mongo-auto-sync/vendor/laravel/framework/src/Illuminate/Foundation/ProviderRepository.php:142
/Users/gfabbian/projects/laravel-mongo-auto-sync/vendor/laravel/framework/src/Illuminate/Foundation/ProviderRepository.php:61
/Users/gfabbian/projects/laravel-mongo-auto-sync/vendor/laravel/framework/src/Illuminate/Foundation/Application.php:763
/Users/gfabbian/projects/laravel-mongo-auto-sync/vendor/laravel/framework/src/Illuminate/Foundation/Bootstrap/RegisterProviders.php:17
/Users/gfabbian/projects/laravel-mongo-auto-sync/vendor/orchestra/testbench-core/src/Concerns/CreatesApplication.php:362
/Users/gfabbian/projects/laravel-mongo-auto-sync/vendor/orchestra/testbench-core/src/Concerns/CreatesApplication.php:229
/Users/gfabbian/projects/laravel-mongo-auto-sync/tests/CreatesApplication.php:38
/Users/gfabbian/projects/laravel-mongo-auto-sync/vendor/orchestra/testbench-core/src/TestCase.php:119
/Users/gfabbian/projects/laravel-mongo-auto-sync/vendor/orchestra/testbench-core/src/Concerns/ApplicationTestingHooks.php:71
/Users/gfabbian/projects/laravel-mongo-auto-sync/vendor/orchestra/testbench-core/src/Concerns/Testing.php:34
/Users/gfabbian/projects/laravel-mongo-auto-sync/vendor/orchestra/testbench-core/src/TestCase.php:50
/Users/gfabbian/projects/laravel-mongo-auto-sync/tests/TestCase.php:17

63) Tests\QueryBuilderTest::testCount
Error: Class "Jenssegers\Mongodb\MongodbServiceProvider" not found

/Users/gfabbian/projects/laravel-mongo-auto-sync/vendor/laravel/framework/src/Illuminate/Foundation/ProviderRepository.php:206
/Users/gfabbian/projects/laravel-mongo-auto-sync/vendor/laravel/framework/src/Illuminate/Foundation/ProviderRepository.php:142
/Users/gfabbian/projects/laravel-mongo-auto-sync/vendor/laravel/framework/src/Illuminate/Foundation/ProviderRepository.php:61
/Users/gfabbian/projects/laravel-mongo-auto-sync/vendor/laravel/framework/src/Illuminate/Foundation/Application.php:763
/Users/gfabbian/projects/laravel-mongo-auto-sync/vendor/laravel/framework/src/Illuminate/Foundation/Bootstrap/RegisterProviders.php:17
/Users/gfabbian/projects/laravel-mongo-auto-sync/vendor/orchestra/testbench-core/src/Concerns/CreatesApplication.php:362
/Users/gfabbian/projects/laravel-mongo-auto-sync/vendor/orchestra/testbench-core/src/Concerns/CreatesApplication.php:229
/Users/gfabbian/projects/laravel-mongo-auto-sync/tests/CreatesApplication.php:38
/Users/gfabbian/projects/laravel-mongo-auto-sync/vendor/orchestra/testbench-core/src/TestCase.php:119
/Users/gfabbian/projects/laravel-mongo-auto-sync/vendor/orchestra/testbench-core/src/Concerns/ApplicationTestingHooks.php:71
/Users/gfabbian/projects/laravel-mongo-auto-sync/vendor/orchestra/testbench-core/src/Concerns/Testing.php:34
/Users/gfabbian/projects/laravel-mongo-auto-sync/vendor/orchestra/testbench-core/src/TestCase.php:50
/Users/gfabbian/projects/laravel-mongo-auto-sync/tests/TestCase.php:17

64) Tests\QueryBuilderTest::testUpdate
Error: Class "Jenssegers\Mongodb\MongodbServiceProvider" not found

/Users/gfabbian/projects/laravel-mongo-auto-sync/vendor/laravel/framework/src/Illuminate/Foundation/ProviderRepository.php:206
/Users/gfabbian/projects/laravel-mongo-auto-sync/vendor/laravel/framework/src/Illuminate/Foundation/ProviderRepository.php:142
/Users/gfabbian/projects/laravel-mongo-auto-sync/vendor/laravel/framework/src/Illuminate/Foundation/ProviderRepository.php:61
/Users/gfabbian/projects/laravel-mongo-auto-sync/vendor/laravel/framework/src/Illuminate/Foundation/Application.php:763
/Users/gfabbian/projects/laravel-mongo-auto-sync/vendor/laravel/framework/src/Illuminate/Foundation/Bootstrap/RegisterProviders.php:17
/Users/gfabbian/projects/laravel-mongo-auto-sync/vendor/orchestra/testbench-core/src/Concerns/CreatesApplication.php:362
/Users/gfabbian/projects/laravel-mongo-auto-sync/vendor/orchestra/testbench-core/src/Concerns/CreatesApplication.php:229
/Users/gfabbian/projects/laravel-mongo-auto-sync/tests/CreatesApplication.php:38
/Users/gfabbian/projects/laravel-mongo-auto-sync/vendor/orchestra/testbench-core/src/TestCase.php:119
/Users/gfabbian/projects/laravel-mongo-auto-sync/vendor/orchestra/testbench-core/src/Concerns/ApplicationTestingHooks.php:71
/Users/gfabbian/projects/laravel-mongo-auto-sync/vendor/orchestra/testbench-core/src/Concerns/Testing.php:34
/Users/gfabbian/projects/laravel-mongo-auto-sync/vendor/orchestra/testbench-core/src/TestCase.php:50
/Users/gfabbian/projects/laravel-mongo-auto-sync/tests/TestCase.php:17

65) Tests\QueryBuilderTest::testDelete
Error: Class "Jenssegers\Mongodb\MongodbServiceProvider" not found

/Users/gfabbian/projects/laravel-mongo-auto-sync/vendor/laravel/framework/src/Illuminate/Foundation/ProviderRepository.php:206
/Users/gfabbian/projects/laravel-mongo-auto-sync/vendor/laravel/framework/src/Illuminate/Foundation/ProviderRepository.php:142
/Users/gfabbian/projects/laravel-mongo-auto-sync/vendor/laravel/framework/src/Illuminate/Foundation/ProviderRepository.php:61
/Users/gfabbian/projects/laravel-mongo-auto-sync/vendor/laravel/framework/src/Illuminate/Foundation/Application.php:763
/Users/gfabbian/projects/laravel-mongo-auto-sync/vendor/laravel/framework/src/Illuminate/Foundation/Bootstrap/RegisterProviders.php:17
/Users/gfabbian/projects/laravel-mongo-auto-sync/vendor/orchestra/testbench-core/src/Concerns/CreatesApplication.php:362
/Users/gfabbian/projects/laravel-mongo-auto-sync/vendor/orchestra/testbench-core/src/Concerns/CreatesApplication.php:229
/Users/gfabbian/projects/laravel-mongo-auto-sync/tests/CreatesApplication.php:38
/Users/gfabbian/projects/laravel-mongo-auto-sync/vendor/orchestra/testbench-core/src/TestCase.php:119
/Users/gfabbian/projects/laravel-mongo-auto-sync/vendor/orchestra/testbench-core/src/Concerns/ApplicationTestingHooks.php:71
/Users/gfabbian/projects/laravel-mongo-auto-sync/vendor/orchestra/testbench-core/src/Concerns/Testing.php:34
/Users/gfabbian/projects/laravel-mongo-auto-sync/vendor/orchestra/testbench-core/src/TestCase.php:50
/Users/gfabbian/projects/laravel-mongo-auto-sync/tests/TestCase.php:17

66) Tests\QueryBuilderTest::testTruncate
Error: Class "Jenssegers\Mongodb\MongodbServiceProvider" not found

/Users/gfabbian/projects/laravel-mongo-auto-sync/vendor/laravel/framework/src/Illuminate/Foundation/ProviderRepository.php:206
/Users/gfabbian/projects/laravel-mongo-auto-sync/vendor/laravel/framework/src/Illuminate/Foundation/ProviderRepository.php:142
/Users/gfabbian/projects/laravel-mongo-auto-sync/vendor/laravel/framework/src/Illuminate/Foundation/ProviderRepository.php:61
/Users/gfabbian/projects/laravel-mongo-auto-sync/vendor/laravel/framework/src/Illuminate/Foundation/Application.php:763
/Users/gfabbian/projects/laravel-mongo-auto-sync/vendor/laravel/framework/src/Illuminate/Foundation/Bootstrap/RegisterProviders.php:17
/Users/gfabbian/projects/laravel-mongo-auto-sync/vendor/orchestra/testbench-core/src/Concerns/CreatesApplication.php:362
/Users/gfabbian/projects/laravel-mongo-auto-sync/vendor/orchestra/testbench-core/src/Concerns/CreatesApplication.php:229
/Users/gfabbian/projects/laravel-mongo-auto-sync/tests/CreatesApplication.php:38
/Users/gfabbian/projects/laravel-mongo-auto-sync/vendor/orchestra/testbench-core/src/TestCase.php:119
/Users/gfabbian/projects/laravel-mongo-auto-sync/vendor/orchestra/testbench-core/src/Concerns/ApplicationTestingHooks.php:71
/Users/gfabbian/projects/laravel-mongo-auto-sync/vendor/orchestra/testbench-core/src/Concerns/Testing.php:34
/Users/gfabbian/projects/laravel-mongo-auto-sync/vendor/orchestra/testbench-core/src/TestCase.php:50
/Users/gfabbian/projects/laravel-mongo-auto-sync/tests/TestCase.php:17

67) Tests\QueryBuilderTest::testSubKey
Error: Class "Jenssegers\Mongodb\MongodbServiceProvider" not found

/Users/gfabbian/projects/laravel-mongo-auto-sync/vendor/laravel/framework/src/Illuminate/Foundation/ProviderRepository.php:206
/Users/gfabbian/projects/laravel-mongo-auto-sync/vendor/laravel/framework/src/Illuminate/Foundation/ProviderRepository.php:142
/Users/gfabbian/projects/laravel-mongo-auto-sync/vendor/laravel/framework/src/Illuminate/Foundation/ProviderRepository.php:61
/Users/gfabbian/projects/laravel-mongo-auto-sync/vendor/laravel/framework/src/Illuminate/Foundation/Application.php:763
/Users/gfabbian/projects/laravel-mongo-auto-sync/vendor/laravel/framework/src/Illuminate/Foundation/Bootstrap/RegisterProviders.php:17
/Users/gfabbian/projects/laravel-mongo-auto-sync/vendor/orchestra/testbench-core/src/Concerns/CreatesApplication.php:362
/Users/gfabbian/projects/laravel-mongo-auto-sync/vendor/orchestra/testbench-core/src/Concerns/CreatesApplication.php:229
/Users/gfabbian/projects/laravel-mongo-auto-sync/tests/CreatesApplication.php:38
/Users/gfabbian/projects/laravel-mongo-auto-sync/vendor/orchestra/testbench-core/src/TestCase.php:119
/Users/gfabbian/projects/laravel-mongo-auto-sync/vendor/orchestra/testbench-core/src/Concerns/ApplicationTestingHooks.php:71
/Users/gfabbian/projects/laravel-mongo-auto-sync/vendor/orchestra/testbench-core/src/Concerns/Testing.php:34
/Users/gfabbian/projects/laravel-mongo-auto-sync/vendor/orchestra/testbench-core/src/TestCase.php:50
/Users/gfabbian/projects/laravel-mongo-auto-sync/tests/TestCase.php:17

68) Tests\QueryBuilderTest::testInArray
Error: Class "Jenssegers\Mongodb\MongodbServiceProvider" not found

/Users/gfabbian/projects/laravel-mongo-auto-sync/vendor/laravel/framework/src/Illuminate/Foundation/ProviderRepository.php:206
/Users/gfabbian/projects/laravel-mongo-auto-sync/vendor/laravel/framework/src/Illuminate/Foundation/ProviderRepository.php:142
/Users/gfabbian/projects/laravel-mongo-auto-sync/vendor/laravel/framework/src/Illuminate/Foundation/ProviderRepository.php:61
/Users/gfabbian/projects/laravel-mongo-auto-sync/vendor/laravel/framework/src/Illuminate/Foundation/Application.php:763
/Users/gfabbian/projects/laravel-mongo-auto-sync/vendor/laravel/framework/src/Illuminate/Foundation/Bootstrap/RegisterProviders.php:17
/Users/gfabbian/projects/laravel-mongo-auto-sync/vendor/orchestra/testbench-core/src/Concerns/CreatesApplication.php:362
/Users/gfabbian/projects/laravel-mongo-auto-sync/vendor/orchestra/testbench-core/src/Concerns/CreatesApplication.php:229
/Users/gfabbian/projects/laravel-mongo-auto-sync/tests/CreatesApplication.php:38
/Users/gfabbian/projects/laravel-mongo-auto-sync/vendor/orchestra/testbench-core/src/TestCase.php:119
/Users/gfabbian/projects/laravel-mongo-auto-sync/vendor/orchestra/testbench-core/src/Concerns/ApplicationTestingHooks.php:71
/Users/gfabbian/projects/laravel-mongo-auto-sync/vendor/orchestra/testbench-core/src/Concerns/Testing.php:34
/Users/gfabbian/projects/laravel-mongo-auto-sync/vendor/orchestra/testbench-core/src/TestCase.php:50
/Users/gfabbian/projects/laravel-mongo-auto-sync/tests/TestCase.php:17

69) Tests\QueryBuilderTest::testRaw
Error: Class "Jenssegers\Mongodb\MongodbServiceProvider" not found

/Users/gfabbian/projects/laravel-mongo-auto-sync/vendor/laravel/framework/src/Illuminate/Foundation/ProviderRepository.php:206
/Users/gfabbian/projects/laravel-mongo-auto-sync/vendor/laravel/framework/src/Illuminate/Foundation/ProviderRepository.php:142
/Users/gfabbian/projects/laravel-mongo-auto-sync/vendor/laravel/framework/src/Illuminate/Foundation/ProviderRepository.php:61
/Users/gfabbian/projects/laravel-mongo-auto-sync/vendor/laravel/framework/src/Illuminate/Foundation/Application.php:763
/Users/gfabbian/projects/laravel-mongo-auto-sync/vendor/laravel/framework/src/Illuminate/Foundation/Bootstrap/RegisterProviders.php:17
/Users/gfabbian/projects/laravel-mongo-auto-sync/vendor/orchestra/testbench-core/src/Concerns/CreatesApplication.php:362
/Users/gfabbian/projects/laravel-mongo-auto-sync/vendor/orchestra/testbench-core/src/Concerns/CreatesApplication.php:229
/Users/gfabbian/projects/laravel-mongo-auto-sync/tests/CreatesApplication.php:38
/Users/gfabbian/projects/laravel-mongo-auto-sync/vendor/orchestra/testbench-core/src/TestCase.php:119
/Users/gfabbian/projects/laravel-mongo-auto-sync/vendor/orchestra/testbench-core/src/Concerns/ApplicationTestingHooks.php:71
/Users/gfabbian/projects/laravel-mongo-auto-sync/vendor/orchestra/testbench-core/src/Concerns/Testing.php:34
/Users/gfabbian/projects/laravel-mongo-auto-sync/vendor/orchestra/testbench-core/src/TestCase.php:50
/Users/gfabbian/projects/laravel-mongo-auto-sync/tests/TestCase.php:17

70) Tests\QueryBuilderTest::testPush
Error: Class "Jenssegers\Mongodb\MongodbServiceProvider" not found

/Users/gfabbian/projects/laravel-mongo-auto-sync/vendor/laravel/framework/src/Illuminate/Foundation/ProviderRepository.php:206
/Users/gfabbian/projects/laravel-mongo-auto-sync/vendor/laravel/framework/src/Illuminate/Foundation/ProviderRepository.php:142
/Users/gfabbian/projects/laravel-mongo-auto-sync/vendor/laravel/framework/src/Illuminate/Foundation/ProviderRepository.php:61
/Users/gfabbian/projects/laravel-mongo-auto-sync/vendor/laravel/framework/src/Illuminate/Foundation/Application.php:763
/Users/gfabbian/projects/laravel-mongo-auto-sync/vendor/laravel/framework/src/Illuminate/Foundation/Bootstrap/RegisterProviders.php:17
/Users/gfabbian/projects/laravel-mongo-auto-sync/vendor/orchestra/testbench-core/src/Concerns/CreatesApplication.php:362
/Users/gfabbian/projects/laravel-mongo-auto-sync/vendor/orchestra/testbench-core/src/Concerns/CreatesApplication.php:229
/Users/gfabbian/projects/laravel-mongo-auto-sync/tests/CreatesApplication.php:38
/Users/gfabbian/projects/laravel-mongo-auto-sync/vendor/orchestra/testbench-core/src/TestCase.php:119
/Users/gfabbian/projects/laravel-mongo-auto-sync/vendor/orchestra/testbench-core/src/Concerns/ApplicationTestingHooks.php:71
/Users/gfabbian/projects/laravel-mongo-auto-sync/vendor/orchestra/testbench-core/src/Concerns/Testing.php:34
/Users/gfabbian/projects/laravel-mongo-auto-sync/vendor/orchestra/testbench-core/src/TestCase.php:50
/Users/gfabbian/projects/laravel-mongo-auto-sync/tests/TestCase.php:17

71) Tests\QueryBuilderTest::testPull
Error: Class "Jenssegers\Mongodb\MongodbServiceProvider" not found

/Users/gfabbian/projects/laravel-mongo-auto-sync/vendor/laravel/framework/src/Illuminate/Foundation/ProviderRepository.php:206
/Users/gfabbian/projects/laravel-mongo-auto-sync/vendor/laravel/framework/src/Illuminate/Foundation/ProviderRepository.php:142
/Users/gfabbian/projects/laravel-mongo-auto-sync/vendor/laravel/framework/src/Illuminate/Foundation/ProviderRepository.php:61
/Users/gfabbian/projects/laravel-mongo-auto-sync/vendor/laravel/framework/src/Illuminate/Foundation/Application.php:763
/Users/gfabbian/projects/laravel-mongo-auto-sync/vendor/laravel/framework/src/Illuminate/Foundation/Bootstrap/RegisterProviders.php:17
/Users/gfabbian/projects/laravel-mongo-auto-sync/vendor/orchestra/testbench-core/src/Concerns/CreatesApplication.php:362
/Users/gfabbian/projects/laravel-mongo-auto-sync/vendor/orchestra/testbench-core/src/Concerns/CreatesApplication.php:229
/Users/gfabbian/projects/laravel-mongo-auto-sync/tests/CreatesApplication.php:38
/Users/gfabbian/projects/laravel-mongo-auto-sync/vendor/orchestra/testbench-core/src/TestCase.php:119
/Users/gfabbian/projects/laravel-mongo-auto-sync/vendor/orchestra/testbench-core/src/Concerns/ApplicationTestingHooks.php:71
/Users/gfabbian/projects/laravel-mongo-auto-sync/vendor/orchestra/testbench-core/src/Concerns/Testing.php:34
/Users/gfabbian/projects/laravel-mongo-auto-sync/vendor/orchestra/testbench-core/src/TestCase.php:50
/Users/gfabbian/projects/laravel-mongo-auto-sync/tests/TestCase.php:17

72) Tests\QueryBuilderTest::testDistinct
Error: Class "Jenssegers\Mongodb\MongodbServiceProvider" not found

/Users/gfabbian/projects/laravel-mongo-auto-sync/vendor/laravel/framework/src/Illuminate/Foundation/ProviderRepository.php:206
/Users/gfabbian/projects/laravel-mongo-auto-sync/vendor/laravel/framework/src/Illuminate/Foundation/ProviderRepository.php:142
/Users/gfabbian/projects/laravel-mongo-auto-sync/vendor/laravel/framework/src/Illuminate/Foundation/ProviderRepository.php:61
/Users/gfabbian/projects/laravel-mongo-auto-sync/vendor/laravel/framework/src/Illuminate/Foundation/Application.php:763
/Users/gfabbian/projects/laravel-mongo-auto-sync/vendor/laravel/framework/src/Illuminate/Foundation/Bootstrap/RegisterProviders.php:17
/Users/gfabbian/projects/laravel-mongo-auto-sync/vendor/orchestra/testbench-core/src/Concerns/CreatesApplication.php:362
/Users/gfabbian/projects/laravel-mongo-auto-sync/vendor/orchestra/testbench-core/src/Concerns/CreatesApplication.php:229
/Users/gfabbian/projects/laravel-mongo-auto-sync/tests/CreatesApplication.php:38
/Users/gfabbian/projects/laravel-mongo-auto-sync/vendor/orchestra/testbench-core/src/TestCase.php:119
/Users/gfabbian/projects/laravel-mongo-auto-sync/vendor/orchestra/testbench-core/src/Concerns/ApplicationTestingHooks.php:71
/Users/gfabbian/projects/laravel-mongo-auto-sync/vendor/orchestra/testbench-core/src/Concerns/Testing.php:34
/Users/gfabbian/projects/laravel-mongo-auto-sync/vendor/orchestra/testbench-core/src/TestCase.php:50
/Users/gfabbian/projects/laravel-mongo-auto-sync/tests/TestCase.php:17

73) Tests\QueryBuilderTest::testCustomId
Error: Class "Jenssegers\Mongodb\MongodbServiceProvider" not found

/Users/gfabbian/projects/laravel-mongo-auto-sync/vendor/laravel/framework/src/Illuminate/Foundation/ProviderRepository.php:206
/Users/gfabbian/projects/laravel-mongo-auto-sync/vendor/laravel/framework/src/Illuminate/Foundation/ProviderRepository.php:142
/Users/gfabbian/projects/laravel-mongo-auto-sync/vendor/laravel/framework/src/Illuminate/Foundation/ProviderRepository.php:61
/Users/gfabbian/projects/laravel-mongo-auto-sync/vendor/laravel/framework/src/Illuminate/Foundation/Application.php:763
/Users/gfabbian/projects/laravel-mongo-auto-sync/vendor/laravel/framework/src/Illuminate/Foundation/Bootstrap/RegisterProviders.php:17
/Users/gfabbian/projects/laravel-mongo-auto-sync/vendor/orchestra/testbench-core/src/Concerns/CreatesApplication.php:362
/Users/gfabbian/projects/laravel-mongo-auto-sync/vendor/orchestra/testbench-core/src/Concerns/CreatesApplication.php:229
/Users/gfabbian/projects/laravel-mongo-auto-sync/tests/CreatesApplication.php:38
/Users/gfabbian/projects/laravel-mongo-auto-sync/vendor/orchestra/testbench-core/src/TestCase.php:119
/Users/gfabbian/projects/laravel-mongo-auto-sync/vendor/orchestra/testbench-core/src/Concerns/ApplicationTestingHooks.php:71
/Users/gfabbian/projects/laravel-mongo-auto-sync/vendor/orchestra/testbench-core/src/Concerns/Testing.php:34
/Users/gfabbian/projects/laravel-mongo-auto-sync/vendor/orchestra/testbench-core/src/TestCase.php:50
/Users/gfabbian/projects/laravel-mongo-auto-sync/tests/TestCase.php:17

74) Tests\QueryBuilderTest::testTake
Error: Class "Jenssegers\Mongodb\MongodbServiceProvider" not found

/Users/gfabbian/projects/laravel-mongo-auto-sync/vendor/laravel/framework/src/Illuminate/Foundation/ProviderRepository.php:206
/Users/gfabbian/projects/laravel-mongo-auto-sync/vendor/laravel/framework/src/Illuminate/Foundation/ProviderRepository.php:142
/Users/gfabbian/projects/laravel-mongo-auto-sync/vendor/laravel/framework/src/Illuminate/Foundation/ProviderRepository.php:61
/Users/gfabbian/projects/laravel-mongo-auto-sync/vendor/laravel/framework/src/Illuminate/Foundation/Application.php:763
/Users/gfabbian/projects/laravel-mongo-auto-sync/vendor/laravel/framework/src/Illuminate/Foundation/Bootstrap/RegisterProviders.php:17
/Users/gfabbian/projects/laravel-mongo-auto-sync/vendor/orchestra/testbench-core/src/Concerns/CreatesApplication.php:362
/Users/gfabbian/projects/laravel-mongo-auto-sync/vendor/orchestra/testbench-core/src/Concerns/CreatesApplication.php:229
/Users/gfabbian/projects/laravel-mongo-auto-sync/tests/CreatesApplication.php:38
/Users/gfabbian/projects/laravel-mongo-auto-sync/vendor/orchestra/testbench-core/src/TestCase.php:119
/Users/gfabbian/projects/laravel-mongo-auto-sync/vendor/orchestra/testbench-core/src/Concerns/ApplicationTestingHooks.php:71
/Users/gfabbian/projects/laravel-mongo-auto-sync/vendor/orchestra/testbench-core/src/Concerns/Testing.php:34
/Users/gfabbian/projects/laravel-mongo-auto-sync/vendor/orchestra/testbench-core/src/TestCase.php:50
/Users/gfabbian/projects/laravel-mongo-auto-sync/tests/TestCase.php:17

75) Tests\QueryBuilderTest::testSkip
Error: Class "Jenssegers\Mongodb\MongodbServiceProvider" not found

/Users/gfabbian/projects/laravel-mongo-auto-sync/vendor/laravel/framework/src/Illuminate/Foundation/ProviderRepository.php:206
/Users/gfabbian/projects/laravel-mongo-auto-sync/vendor/laravel/framework/src/Illuminate/Foundation/ProviderRepository.php:142
/Users/gfabbian/projects/laravel-mongo-auto-sync/vendor/laravel/framework/src/Illuminate/Foundation/ProviderRepository.php:61
/Users/gfabbian/projects/laravel-mongo-auto-sync/vendor/laravel/framework/src/Illuminate/Foundation/Application.php:763
/Users/gfabbian/projects/laravel-mongo-auto-sync/vendor/laravel/framework/src/Illuminate/Foundation/Bootstrap/RegisterProviders.php:17
/Users/gfabbian/projects/laravel-mongo-auto-sync/vendor/orchestra/testbench-core/src/Concerns/CreatesApplication.php:362
/Users/gfabbian/projects/laravel-mongo-auto-sync/vendor/orchestra/testbench-core/src/Concerns/CreatesApplication.php:229
/Users/gfabbian/projects/laravel-mongo-auto-sync/tests/CreatesApplication.php:38
/Users/gfabbian/projects/laravel-mongo-auto-sync/vendor/orchestra/testbench-core/src/TestCase.php:119
/Users/gfabbian/projects/laravel-mongo-auto-sync/vendor/orchestra/testbench-core/src/Concerns/ApplicationTestingHooks.php:71
/Users/gfabbian/projects/laravel-mongo-auto-sync/vendor/orchestra/testbench-core/src/Concerns/Testing.php:34
/Users/gfabbian/projects/laravel-mongo-auto-sync/vendor/orchestra/testbench-core/src/TestCase.php:50
/Users/gfabbian/projects/laravel-mongo-auto-sync/tests/TestCase.php:17

76) Tests\QueryBuilderTest::testPluck
Error: Class "Jenssegers\Mongodb\MongodbServiceProvider" not found

/Users/gfabbian/projects/laravel-mongo-auto-sync/vendor/laravel/framework/src/Illuminate/Foundation/ProviderRepository.php:206
/Users/gfabbian/projects/laravel-mongo-auto-sync/vendor/laravel/framework/src/Illuminate/Foundation/ProviderRepository.php:142
/Users/gfabbian/projects/laravel-mongo-auto-sync/vendor/laravel/framework/src/Illuminate/Foundation/ProviderRepository.php:61
/Users/gfabbian/projects/laravel-mongo-auto-sync/vendor/laravel/framework/src/Illuminate/Foundation/Application.php:763
/Users/gfabbian/projects/laravel-mongo-auto-sync/vendor/laravel/framework/src/Illuminate/Foundation/Bootstrap/RegisterProviders.php:17
/Users/gfabbian/projects/laravel-mongo-auto-sync/vendor/orchestra/testbench-core/src/Concerns/CreatesApplication.php:362
/Users/gfabbian/projects/laravel-mongo-auto-sync/vendor/orchestra/testbench-core/src/Concerns/CreatesApplication.php:229
/Users/gfabbian/projects/laravel-mongo-auto-sync/tests/CreatesApplication.php:38
/Users/gfabbian/projects/laravel-mongo-auto-sync/vendor/orchestra/testbench-core/src/TestCase.php:119
/Users/gfabbian/projects/laravel-mongo-auto-sync/vendor/orchestra/testbench-core/src/Concerns/ApplicationTestingHooks.php:71
/Users/gfabbian/projects/laravel-mongo-auto-sync/vendor/orchestra/testbench-core/src/Concerns/Testing.php:34
/Users/gfabbian/projects/laravel-mongo-auto-sync/vendor/orchestra/testbench-core/src/TestCase.php:50
/Users/gfabbian/projects/laravel-mongo-auto-sync/tests/TestCase.php:17

77) Tests\QueryBuilderTest::testList
Error: Class "Jenssegers\Mongodb\MongodbServiceProvider" not found

/Users/gfabbian/projects/laravel-mongo-auto-sync/vendor/laravel/framework/src/Illuminate/Foundation/ProviderRepository.php:206
/Users/gfabbian/projects/laravel-mongo-auto-sync/vendor/laravel/framework/src/Illuminate/Foundation/ProviderRepository.php:142
/Users/gfabbian/projects/laravel-mongo-auto-sync/vendor/laravel/framework/src/Illuminate/Foundation/ProviderRepository.php:61
/Users/gfabbian/projects/laravel-mongo-auto-sync/vendor/laravel/framework/src/Illuminate/Foundation/Application.php:763
/Users/gfabbian/projects/laravel-mongo-auto-sync/vendor/laravel/framework/src/Illuminate/Foundation/Bootstrap/RegisterProviders.php:17
/Users/gfabbian/projects/laravel-mongo-auto-sync/vendor/orchestra/testbench-core/src/Concerns/CreatesApplication.php:362
/Users/gfabbian/projects/laravel-mongo-auto-sync/vendor/orchestra/testbench-core/src/Concerns/CreatesApplication.php:229
/Users/gfabbian/projects/laravel-mongo-auto-sync/tests/CreatesApplication.php:38
/Users/gfabbian/projects/laravel-mongo-auto-sync/vendor/orchestra/testbench-core/src/TestCase.php:119
/Users/gfabbian/projects/laravel-mongo-auto-sync/vendor/orchestra/testbench-core/src/Concerns/ApplicationTestingHooks.php:71
/Users/gfabbian/projects/laravel-mongo-auto-sync/vendor/orchestra/testbench-core/src/Concerns/Testing.php:34
/Users/gfabbian/projects/laravel-mongo-auto-sync/vendor/orchestra/testbench-core/src/TestCase.php:50
/Users/gfabbian/projects/laravel-mongo-auto-sync/tests/TestCase.php:17

78) Tests\QueryBuilderTest::testAggregate
Error: Class "Jenssegers\Mongodb\MongodbServiceProvider" not found

/Users/gfabbian/projects/laravel-mongo-auto-sync/vendor/laravel/framework/src/Illuminate/Foundation/ProviderRepository.php:206
/Users/gfabbian/projects/laravel-mongo-auto-sync/vendor/laravel/framework/src/Illuminate/Foundation/ProviderRepository.php:142
/Users/gfabbian/projects/laravel-mongo-auto-sync/vendor/laravel/framework/src/Illuminate/Foundation/ProviderRepository.php:61
/Users/gfabbian/projects/laravel-mongo-auto-sync/vendor/laravel/framework/src/Illuminate/Foundation/Application.php:763
/Users/gfabbian/projects/laravel-mongo-auto-sync/vendor/laravel/framework/src/Illuminate/Foundation/Bootstrap/RegisterProviders.php:17
/Users/gfabbian/projects/laravel-mongo-auto-sync/vendor/orchestra/testbench-core/src/Concerns/CreatesApplication.php:362
/Users/gfabbian/projects/laravel-mongo-auto-sync/vendor/orchestra/testbench-core/src/Concerns/CreatesApplication.php:229
/Users/gfabbian/projects/laravel-mongo-auto-sync/tests/CreatesApplication.php:38
/Users/gfabbian/projects/laravel-mongo-auto-sync/vendor/orchestra/testbench-core/src/TestCase.php:119
/Users/gfabbian/projects/laravel-mongo-auto-sync/vendor/orchestra/testbench-core/src/Concerns/ApplicationTestingHooks.php:71
/Users/gfabbian/projects/laravel-mongo-auto-sync/vendor/orchestra/testbench-core/src/Concerns/Testing.php:34
/Users/gfabbian/projects/laravel-mongo-auto-sync/vendor/orchestra/testbench-core/src/TestCase.php:50
/Users/gfabbian/projects/laravel-mongo-auto-sync/tests/TestCase.php:17

79) Tests\QueryBuilderTest::testSubdocumentAggregate
Error: Class "Jenssegers\Mongodb\MongodbServiceProvider" not found

/Users/gfabbian/projects/laravel-mongo-auto-sync/vendor/laravel/framework/src/Illuminate/Foundation/ProviderRepository.php:206
/Users/gfabbian/projects/laravel-mongo-auto-sync/vendor/laravel/framework/src/Illuminate/Foundation/ProviderRepository.php:142
/Users/gfabbian/projects/laravel-mongo-auto-sync/vendor/laravel/framework/src/Illuminate/Foundation/ProviderRepository.php:61
/Users/gfabbian/projects/laravel-mongo-auto-sync/vendor/laravel/framework/src/Illuminate/Foundation/Application.php:763
/Users/gfabbian/projects/laravel-mongo-auto-sync/vendor/laravel/framework/src/Illuminate/Foundation/Bootstrap/RegisterProviders.php:17
/Users/gfabbian/projects/laravel-mongo-auto-sync/vendor/orchestra/testbench-core/src/Concerns/CreatesApplication.php:362
/Users/gfabbian/projects/laravel-mongo-auto-sync/vendor/orchestra/testbench-core/src/Concerns/CreatesApplication.php:229
/Users/gfabbian/projects/laravel-mongo-auto-sync/tests/CreatesApplication.php:38
/Users/gfabbian/projects/laravel-mongo-auto-sync/vendor/orchestra/testbench-core/src/TestCase.php:119
/Users/gfabbian/projects/laravel-mongo-auto-sync/vendor/orchestra/testbench-core/src/Concerns/ApplicationTestingHooks.php:71
/Users/gfabbian/projects/laravel-mongo-auto-sync/vendor/orchestra/testbench-core/src/Concerns/Testing.php:34
/Users/gfabbian/projects/laravel-mongo-auto-sync/vendor/orchestra/testbench-core/src/TestCase.php:50
/Users/gfabbian/projects/laravel-mongo-auto-sync/tests/TestCase.php:17

80) Tests\QueryBuilderTest::testSubdocumentArrayAggregate
Error: Class "Jenssegers\Mongodb\MongodbServiceProvider" not found

/Users/gfabbian/projects/laravel-mongo-auto-sync/vendor/laravel/framework/src/Illuminate/Foundation/ProviderRepository.php:206
/Users/gfabbian/projects/laravel-mongo-auto-sync/vendor/laravel/framework/src/Illuminate/Foundation/ProviderRepository.php:142
/Users/gfabbian/projects/laravel-mongo-auto-sync/vendor/laravel/framework/src/Illuminate/Foundation/ProviderRepository.php:61
/Users/gfabbian/projects/laravel-mongo-auto-sync/vendor/laravel/framework/src/Illuminate/Foundation/Application.php:763
/Users/gfabbian/projects/laravel-mongo-auto-sync/vendor/laravel/framework/src/Illuminate/Foundation/Bootstrap/RegisterProviders.php:17
/Users/gfabbian/projects/laravel-mongo-auto-sync/vendor/orchestra/testbench-core/src/Concerns/CreatesApplication.php:362
/Users/gfabbian/projects/laravel-mongo-auto-sync/vendor/orchestra/testbench-core/src/Concerns/CreatesApplication.php:229
/Users/gfabbian/projects/laravel-mongo-auto-sync/tests/CreatesApplication.php:38
/Users/gfabbian/projects/laravel-mongo-auto-sync/vendor/orchestra/testbench-core/src/TestCase.php:119
/Users/gfabbian/projects/laravel-mongo-auto-sync/vendor/orchestra/testbench-core/src/Concerns/ApplicationTestingHooks.php:71
/Users/gfabbian/projects/laravel-mongo-auto-sync/vendor/orchestra/testbench-core/src/Concerns/Testing.php:34
/Users/gfabbian/projects/laravel-mongo-auto-sync/vendor/orchestra/testbench-core/src/TestCase.php:50
/Users/gfabbian/projects/laravel-mongo-auto-sync/tests/TestCase.php:17

81) Tests\QueryBuilderTest::testUpsert
Error: Class "Jenssegers\Mongodb\MongodbServiceProvider" not found

/Users/gfabbian/projects/laravel-mongo-auto-sync/vendor/laravel/framework/src/Illuminate/Foundation/ProviderRepository.php:206
/Users/gfabbian/projects/laravel-mongo-auto-sync/vendor/laravel/framework/src/Illuminate/Foundation/ProviderRepository.php:142
/Users/gfabbian/projects/laravel-mongo-auto-sync/vendor/laravel/framework/src/Illuminate/Foundation/ProviderRepository.php:61
/Users/gfabbian/projects/laravel-mongo-auto-sync/vendor/laravel/framework/src/Illuminate/Foundation/Application.php:763
/Users/gfabbian/projects/laravel-mongo-auto-sync/vendor/laravel/framework/src/Illuminate/Foundation/Bootstrap/RegisterProviders.php:17
/Users/gfabbian/projects/laravel-mongo-auto-sync/vendor/orchestra/testbench-core/src/Concerns/CreatesApplication.php:362
/Users/gfabbian/projects/laravel-mongo-auto-sync/vendor/orchestra/testbench-core/src/Concerns/CreatesApplication.php:229
/Users/gfabbian/projects/laravel-mongo-auto-sync/tests/CreatesApplication.php:38
/Users/gfabbian/projects/laravel-mongo-auto-sync/vendor/orchestra/testbench-core/src/TestCase.php:119
/Users/gfabbian/projects/laravel-mongo-auto-sync/vendor/orchestra/testbench-core/src/Concerns/ApplicationTestingHooks.php:71
/Users/gfabbian/projects/laravel-mongo-auto-sync/vendor/orchestra/testbench-core/src/Concerns/Testing.php:34
/Users/gfabbian/projects/laravel-mongo-auto-sync/vendor/orchestra/testbench-core/src/TestCase.php:50
/Users/gfabbian/projects/laravel-mongo-auto-sync/tests/TestCase.php:17

82) Tests\QueryBuilderTest::testUnset
Error: Class "Jenssegers\Mongodb\MongodbServiceProvider" not found

/Users/gfabbian/projects/laravel-mongo-auto-sync/vendor/laravel/framework/src/Illuminate/Foundation/ProviderRepository.php:206
/Users/gfabbian/projects/laravel-mongo-auto-sync/vendor/laravel/framework/src/Illuminate/Foundation/ProviderRepository.php:142
/Users/gfabbian/projects/laravel-mongo-auto-sync/vendor/laravel/framework/src/Illuminate/Foundation/ProviderRepository.php:61
/Users/gfabbian/projects/laravel-mongo-auto-sync/vendor/laravel/framework/src/Illuminate/Foundation/Application.php:763
/Users/gfabbian/projects/laravel-mongo-auto-sync/vendor/laravel/framework/src/Illuminate/Foundation/Bootstrap/RegisterProviders.php:17
/Users/gfabbian/projects/laravel-mongo-auto-sync/vendor/orchestra/testbench-core/src/Concerns/CreatesApplication.php:362
/Users/gfabbian/projects/laravel-mongo-auto-sync/vendor/orchestra/testbench-core/src/Concerns/CreatesApplication.php:229
/Users/gfabbian/projects/laravel-mongo-auto-sync/tests/CreatesApplication.php:38
/Users/gfabbian/projects/laravel-mongo-auto-sync/vendor/orchestra/testbench-core/src/TestCase.php:119
/Users/gfabbian/projects/laravel-mongo-auto-sync/vendor/orchestra/testbench-core/src/Concerns/ApplicationTestingHooks.php:71
/Users/gfabbian/projects/laravel-mongo-auto-sync/vendor/orchestra/testbench-core/src/Concerns/Testing.php:34
/Users/gfabbian/projects/laravel-mongo-auto-sync/vendor/orchestra/testbench-core/src/TestCase.php:50
/Users/gfabbian/projects/laravel-mongo-auto-sync/tests/TestCase.php:17

83) Tests\QueryBuilderTest::testUpdateSubdocument
Error: Class "Jenssegers\Mongodb\MongodbServiceProvider" not found

/Users/gfabbian/projects/laravel-mongo-auto-sync/vendor/laravel/framework/src/Illuminate/Foundation/ProviderRepository.php:206
/Users/gfabbian/projects/laravel-mongo-auto-sync/vendor/laravel/framework/src/Illuminate/Foundation/ProviderRepository.php:142
/Users/gfabbian/projects/laravel-mongo-auto-sync/vendor/laravel/framework/src/Illuminate/Foundation/ProviderRepository.php:61
/Users/gfabbian/projects/laravel-mongo-auto-sync/vendor/laravel/framework/src/Illuminate/Foundation/Application.php:763
/Users/gfabbian/projects/laravel-mongo-auto-sync/vendor/laravel/framework/src/Illuminate/Foundation/Bootstrap/RegisterProviders.php:17
/Users/gfabbian/projects/laravel-mongo-auto-sync/vendor/orchestra/testbench-core/src/Concerns/CreatesApplication.php:362
/Users/gfabbian/projects/laravel-mongo-auto-sync/vendor/orchestra/testbench-core/src/Concerns/CreatesApplication.php:229
/Users/gfabbian/projects/laravel-mongo-auto-sync/tests/CreatesApplication.php:38
/Users/gfabbian/projects/laravel-mongo-auto-sync/vendor/orchestra/testbench-core/src/TestCase.php:119
/Users/gfabbian/projects/laravel-mongo-auto-sync/vendor/orchestra/testbench-core/src/Concerns/ApplicationTestingHooks.php:71
/Users/gfabbian/projects/laravel-mongo-auto-sync/vendor/orchestra/testbench-core/src/Concerns/Testing.php:34
/Users/gfabbian/projects/laravel-mongo-auto-sync/vendor/orchestra/testbench-core/src/TestCase.php:50
/Users/gfabbian/projects/laravel-mongo-auto-sync/tests/TestCase.php:17

84) Tests\QueryBuilderTest::testDates
Error: Class "Jenssegers\Mongodb\MongodbServiceProvider" not found

/Users/gfabbian/projects/laravel-mongo-auto-sync/vendor/laravel/framework/src/Illuminate/Foundation/ProviderRepository.php:206
/Users/gfabbian/projects/laravel-mongo-auto-sync/vendor/laravel/framework/src/Illuminate/Foundation/ProviderRepository.php:142
/Users/gfabbian/projects/laravel-mongo-auto-sync/vendor/laravel/framework/src/Illuminate/Foundation/ProviderRepository.php:61
/Users/gfabbian/projects/laravel-mongo-auto-sync/vendor/laravel/framework/src/Illuminate/Foundation/Application.php:763
/Users/gfabbian/projects/laravel-mongo-auto-sync/vendor/laravel/framework/src/Illuminate/Foundation/Bootstrap/RegisterProviders.php:17
/Users/gfabbian/projects/laravel-mongo-auto-sync/vendor/orchestra/testbench-core/src/Concerns/CreatesApplication.php:362
/Users/gfabbian/projects/laravel-mongo-auto-sync/vendor/orchestra/testbench-core/src/Concerns/CreatesApplication.php:229
/Users/gfabbian/projects/laravel-mongo-auto-sync/tests/CreatesApplication.php:38
/Users/gfabbian/projects/laravel-mongo-auto-sync/vendor/orchestra/testbench-core/src/TestCase.php:119
/Users/gfabbian/projects/laravel-mongo-auto-sync/vendor/orchestra/testbench-core/src/Concerns/ApplicationTestingHooks.php:71
/Users/gfabbian/projects/laravel-mongo-auto-sync/vendor/orchestra/testbench-core/src/Concerns/Testing.php:34
/Users/gfabbian/projects/laravel-mongo-auto-sync/vendor/orchestra/testbench-core/src/TestCase.php:50
/Users/gfabbian/projects/laravel-mongo-auto-sync/tests/TestCase.php:17

85) Tests\QueryBuilderTest::testOperators
Error: Class "Jenssegers\Mongodb\MongodbServiceProvider" not found

/Users/gfabbian/projects/laravel-mongo-auto-sync/vendor/laravel/framework/src/Illuminate/Foundation/ProviderRepository.php:206
/Users/gfabbian/projects/laravel-mongo-auto-sync/vendor/laravel/framework/src/Illuminate/Foundation/ProviderRepository.php:142
/Users/gfabbian/projects/laravel-mongo-auto-sync/vendor/laravel/framework/src/Illuminate/Foundation/ProviderRepository.php:61
/Users/gfabbian/projects/laravel-mongo-auto-sync/vendor/laravel/framework/src/Illuminate/Foundation/Application.php:763
/Users/gfabbian/projects/laravel-mongo-auto-sync/vendor/laravel/framework/src/Illuminate/Foundation/Bootstrap/RegisterProviders.php:17
/Users/gfabbian/projects/laravel-mongo-auto-sync/vendor/orchestra/testbench-core/src/Concerns/CreatesApplication.php:362
/Users/gfabbian/projects/laravel-mongo-auto-sync/vendor/orchestra/testbench-core/src/Concerns/CreatesApplication.php:229
/Users/gfabbian/projects/laravel-mongo-auto-sync/tests/CreatesApplication.php:38
/Users/gfabbian/projects/laravel-mongo-auto-sync/vendor/orchestra/testbench-core/src/TestCase.php:119
/Users/gfabbian/projects/laravel-mongo-auto-sync/vendor/orchestra/testbench-core/src/Concerns/ApplicationTestingHooks.php:71
/Users/gfabbian/projects/laravel-mongo-auto-sync/vendor/orchestra/testbench-core/src/Concerns/Testing.php:34
/Users/gfabbian/projects/laravel-mongo-auto-sync/vendor/orchestra/testbench-core/src/TestCase.php:50
/Users/gfabbian/projects/laravel-mongo-auto-sync/tests/TestCase.php:17

86) Tests\QueryBuilderTest::testIncrement
Error: Class "Jenssegers\Mongodb\MongodbServiceProvider" not found

/Users/gfabbian/projects/laravel-mongo-auto-sync/vendor/laravel/framework/src/Illuminate/Foundation/ProviderRepository.php:206
/Users/gfabbian/projects/laravel-mongo-auto-sync/vendor/laravel/framework/src/Illuminate/Foundation/ProviderRepository.php:142
/Users/gfabbian/projects/laravel-mongo-auto-sync/vendor/laravel/framework/src/Illuminate/Foundation/ProviderRepository.php:61
/Users/gfabbian/projects/laravel-mongo-auto-sync/vendor/laravel/framework/src/Illuminate/Foundation/Application.php:763
/Users/gfabbian/projects/laravel-mongo-auto-sync/vendor/laravel/framework/src/Illuminate/Foundation/Bootstrap/RegisterProviders.php:17
/Users/gfabbian/projects/laravel-mongo-auto-sync/vendor/orchestra/testbench-core/src/Concerns/CreatesApplication.php:362
/Users/gfabbian/projects/laravel-mongo-auto-sync/vendor/orchestra/testbench-core/src/Concerns/CreatesApplication.php:229
/Users/gfabbian/projects/laravel-mongo-auto-sync/tests/CreatesApplication.php:38
/Users/gfabbian/projects/laravel-mongo-auto-sync/vendor/orchestra/testbench-core/src/TestCase.php:119
/Users/gfabbian/projects/laravel-mongo-auto-sync/vendor/orchestra/testbench-core/src/Concerns/ApplicationTestingHooks.php:71
/Users/gfabbian/projects/laravel-mongo-auto-sync/vendor/orchestra/testbench-core/src/Concerns/Testing.php:34
/Users/gfabbian/projects/laravel-mongo-auto-sync/vendor/orchestra/testbench-core/src/TestCase.php:50
/Users/gfabbian/projects/laravel-mongo-auto-sync/tests/TestCase.php:17

87) Tests\QueryBuilderTest::testProjections
Error: Class "Jenssegers\Mongodb\MongodbServiceProvider" not found

/Users/gfabbian/projects/laravel-mongo-auto-sync/vendor/laravel/framework/src/Illuminate/Foundation/ProviderRepository.php:206
/Users/gfabbian/projects/laravel-mongo-auto-sync/vendor/laravel/framework/src/Illuminate/Foundation/ProviderRepository.php:142
/Users/gfabbian/projects/laravel-mongo-auto-sync/vendor/laravel/framework/src/Illuminate/Foundation/ProviderRepository.php:61
/Users/gfabbian/projects/laravel-mongo-auto-sync/vendor/laravel/framework/src/Illuminate/Foundation/Application.php:763
/Users/gfabbian/projects/laravel-mongo-auto-sync/vendor/laravel/framework/src/Illuminate/Foundation/Bootstrap/RegisterProviders.php:17
/Users/gfabbian/projects/laravel-mongo-auto-sync/vendor/orchestra/testbench-core/src/Concerns/CreatesApplication.php:362
/Users/gfabbian/projects/laravel-mongo-auto-sync/vendor/orchestra/testbench-core/src/Concerns/CreatesApplication.php:229
/Users/gfabbian/projects/laravel-mongo-auto-sync/tests/CreatesApplication.php:38
/Users/gfabbian/projects/laravel-mongo-auto-sync/vendor/orchestra/testbench-core/src/TestCase.php:119
/Users/gfabbian/projects/laravel-mongo-auto-sync/vendor/orchestra/testbench-core/src/Concerns/ApplicationTestingHooks.php:71
/Users/gfabbian/projects/laravel-mongo-auto-sync/vendor/orchestra/testbench-core/src/Concerns/Testing.php:34
/Users/gfabbian/projects/laravel-mongo-auto-sync/vendor/orchestra/testbench-core/src/TestCase.php:50
/Users/gfabbian/projects/laravel-mongo-auto-sync/tests/TestCase.php:17

88) Tests\QueryBuilderTest::testValue
Error: Class "Jenssegers\Mongodb\MongodbServiceProvider" not found

/Users/gfabbian/projects/laravel-mongo-auto-sync/vendor/laravel/framework/src/Illuminate/Foundation/ProviderRepository.php:206
/Users/gfabbian/projects/laravel-mongo-auto-sync/vendor/laravel/framework/src/Illuminate/Foundation/ProviderRepository.php:142
/Users/gfabbian/projects/laravel-mongo-auto-sync/vendor/laravel/framework/src/Illuminate/Foundation/ProviderRepository.php:61
/Users/gfabbian/projects/laravel-mongo-auto-sync/vendor/laravel/framework/src/Illuminate/Foundation/Application.php:763
/Users/gfabbian/projects/laravel-mongo-auto-sync/vendor/laravel/framework/src/Illuminate/Foundation/Bootstrap/RegisterProviders.php:17
/Users/gfabbian/projects/laravel-mongo-auto-sync/vendor/orchestra/testbench-core/src/Concerns/CreatesApplication.php:362
/Users/gfabbian/projects/laravel-mongo-auto-sync/vendor/orchestra/testbench-core/src/Concerns/CreatesApplication.php:229
/Users/gfabbian/projects/laravel-mongo-auto-sync/tests/CreatesApplication.php:38
/Users/gfabbian/projects/laravel-mongo-auto-sync/vendor/orchestra/testbench-core/src/TestCase.php:119
/Users/gfabbian/projects/laravel-mongo-auto-sync/vendor/orchestra/testbench-core/src/Concerns/ApplicationTestingHooks.php:71
/Users/gfabbian/projects/laravel-mongo-auto-sync/vendor/orchestra/testbench-core/src/Concerns/Testing.php:34
/Users/gfabbian/projects/laravel-mongo-auto-sync/vendor/orchestra/testbench-core/src/TestCase.php:50
/Users/gfabbian/projects/laravel-mongo-auto-sync/tests/TestCase.php:17

89) Tests\QueryBuilderTest::testHintOptions
Error: Class "Jenssegers\Mongodb\MongodbServiceProvider" not found

/Users/gfabbian/projects/laravel-mongo-auto-sync/vendor/laravel/framework/src/Illuminate/Foundation/ProviderRepository.php:206
/Users/gfabbian/projects/laravel-mongo-auto-sync/vendor/laravel/framework/src/Illuminate/Foundation/ProviderRepository.php:142
/Users/gfabbian/projects/laravel-mongo-auto-sync/vendor/laravel/framework/src/Illuminate/Foundation/ProviderRepository.php:61
/Users/gfabbian/projects/laravel-mongo-auto-sync/vendor/laravel/framework/src/Illuminate/Foundation/Application.php:763
/Users/gfabbian/projects/laravel-mongo-auto-sync/vendor/laravel/framework/src/Illuminate/Foundation/Bootstrap/RegisterProviders.php:17
/Users/gfabbian/projects/laravel-mongo-auto-sync/vendor/orchestra/testbench-core/src/Concerns/CreatesApplication.php:362
/Users/gfabbian/projects/laravel-mongo-auto-sync/vendor/orchestra/testbench-core/src/Concerns/CreatesApplication.php:229
/Users/gfabbian/projects/laravel-mongo-auto-sync/tests/CreatesApplication.php:38
/Users/gfabbian/projects/laravel-mongo-auto-sync/vendor/orchestra/testbench-core/src/TestCase.php:119
/Users/gfabbian/projects/laravel-mongo-auto-sync/vendor/orchestra/testbench-core/src/Concerns/ApplicationTestingHooks.php:71
/Users/gfabbian/projects/laravel-mongo-auto-sync/vendor/orchestra/testbench-core/src/Concerns/Testing.php:34
/Users/gfabbian/projects/laravel-mongo-auto-sync/vendor/orchestra/testbench-core/src/TestCase.php:50
/Users/gfabbian/projects/laravel-mongo-auto-sync/tests/TestCase.php:17

90) Tests\StoreWIthSyncTest::test_store_with_embeds_one_on_target
Error: Class "Jenssegers\Mongodb\MongodbServiceProvider" not found

/Users/gfabbian/projects/laravel-mongo-auto-sync/vendor/laravel/framework/src/Illuminate/Foundation/ProviderRepository.php:206
/Users/gfabbian/projects/laravel-mongo-auto-sync/vendor/laravel/framework/src/Illuminate/Foundation/ProviderRepository.php:142
/Users/gfabbian/projects/laravel-mongo-auto-sync/vendor/laravel/framework/src/Illuminate/Foundation/ProviderRepository.php:61
/Users/gfabbian/projects/laravel-mongo-auto-sync/vendor/laravel/framework/src/Illuminate/Foundation/Application.php:763
/Users/gfabbian/projects/laravel-mongo-auto-sync/vendor/laravel/framework/src/Illuminate/Foundation/Bootstrap/RegisterProviders.php:17
/Users/gfabbian/projects/laravel-mongo-auto-sync/vendor/orchestra/testbench-core/src/Concerns/CreatesApplication.php:362
/Users/gfabbian/projects/laravel-mongo-auto-sync/vendor/orchestra/testbench-core/src/Concerns/CreatesApplication.php:229
/Users/gfabbian/projects/laravel-mongo-auto-sync/tests/CreatesApplication.php:38
/Users/gfabbian/projects/laravel-mongo-auto-sync/vendor/orchestra/testbench-core/src/TestCase.php:119
/Users/gfabbian/projects/laravel-mongo-auto-sync/vendor/orchestra/testbench-core/src/Concerns/ApplicationTestingHooks.php:71
/Users/gfabbian/projects/laravel-mongo-auto-sync/vendor/orchestra/testbench-core/src/Concerns/Testing.php:34
/Users/gfabbian/projects/laravel-mongo-auto-sync/vendor/orchestra/testbench-core/src/TestCase.php:50
/Users/gfabbian/projects/laravel-mongo-auto-sync/tests/TestCase.php:17

91) Tests\StoreWIthSyncTest::test_store_with_embeds_many_on_target
Error: Class "Jenssegers\Mongodb\MongodbServiceProvider" not found

/Users/gfabbian/projects/laravel-mongo-auto-sync/vendor/laravel/framework/src/Illuminate/Foundation/ProviderRepository.php:206
/Users/gfabbian/projects/laravel-mongo-auto-sync/vendor/laravel/framework/src/Illuminate/Foundation/ProviderRepository.php:142
/Users/gfabbian/projects/laravel-mongo-auto-sync/vendor/laravel/framework/src/Illuminate/Foundation/ProviderRepository.php:61
/Users/gfabbian/projects/laravel-mongo-auto-sync/vendor/laravel/framework/src/Illuminate/Foundation/Application.php:763
/Users/gfabbian/projects/laravel-mongo-auto-sync/vendor/laravel/framework/src/Illuminate/Foundation/Bootstrap/RegisterProviders.php:17
/Users/gfabbian/projects/laravel-mongo-auto-sync/vendor/orchestra/testbench-core/src/Concerns/CreatesApplication.php:362
/Users/gfabbian/projects/laravel-mongo-auto-sync/vendor/orchestra/testbench-core/src/Concerns/CreatesApplication.php:229
/Users/gfabbian/projects/laravel-mongo-auto-sync/tests/CreatesApplication.php:38
/Users/gfabbian/projects/laravel-mongo-auto-sync/vendor/orchestra/testbench-core/src/TestCase.php:119
/Users/gfabbian/projects/laravel-mongo-auto-sync/vendor/orchestra/testbench-core/src/Concerns/ApplicationTestingHooks.php:71
/Users/gfabbian/projects/laravel-mongo-auto-sync/vendor/orchestra/testbench-core/src/Concerns/Testing.php:34
/Users/gfabbian/projects/laravel-mongo-auto-sync/vendor/orchestra/testbench-core/src/TestCase.php:50
/Users/gfabbian/projects/laravel-mongo-auto-sync/tests/TestCase.php:17

92) Tests\Feature\UpdateWithSyncTest::test_update_with_embeds_one_on_target
Error: Class "Jenssegers\Mongodb\MongodbServiceProvider" not found

/Users/gfabbian/projects/laravel-mongo-auto-sync/vendor/laravel/framework/src/Illuminate/Foundation/ProviderRepository.php:206
/Users/gfabbian/projects/laravel-mongo-auto-sync/vendor/laravel/framework/src/Illuminate/Foundation/ProviderRepository.php:142
/Users/gfabbian/projects/laravel-mongo-auto-sync/vendor/laravel/framework/src/Illuminate/Foundation/ProviderRepository.php:61
/Users/gfabbian/projects/laravel-mongo-auto-sync/vendor/laravel/framework/src/Illuminate/Foundation/Application.php:763
/Users/gfabbian/projects/laravel-mongo-auto-sync/vendor/laravel/framework/src/Illuminate/Foundation/Bootstrap/RegisterProviders.php:17
/Users/gfabbian/projects/laravel-mongo-auto-sync/vendor/orchestra/testbench-core/src/Concerns/CreatesApplication.php:362
/Users/gfabbian/projects/laravel-mongo-auto-sync/vendor/orchestra/testbench-core/src/Concerns/CreatesApplication.php:229
/Users/gfabbian/projects/laravel-mongo-auto-sync/tests/CreatesApplication.php:38
/Users/gfabbian/projects/laravel-mongo-auto-sync/vendor/orchestra/testbench-core/src/TestCase.php:119
/Users/gfabbian/projects/laravel-mongo-auto-sync/vendor/orchestra/testbench-core/src/Concerns/ApplicationTestingHooks.php:71
/Users/gfabbian/projects/laravel-mongo-auto-sync/vendor/orchestra/testbench-core/src/Concerns/Testing.php:34
/Users/gfabbian/projects/laravel-mongo-auto-sync/vendor/orchestra/testbench-core/src/TestCase.php:50
/Users/gfabbian/projects/laravel-mongo-auto-sync/tests/TestCase.php:17

93) Tests\Feature\UpdateWithSyncTest::test_update_with_embeds_many_on_target
Error: Class "Jenssegers\Mongodb\MongodbServiceProvider" not found

/Users/gfabbian/projects/laravel-mongo-auto-sync/vendor/laravel/framework/src/Illuminate/Foundation/ProviderRepository.php:206
/Users/gfabbian/projects/laravel-mongo-auto-sync/vendor/laravel/framework/src/Illuminate/Foundation/ProviderRepository.php:142
/Users/gfabbian/projects/laravel-mongo-auto-sync/vendor/laravel/framework/src/Illuminate/Foundation/ProviderRepository.php:61
/Users/gfabbian/projects/laravel-mongo-auto-sync/vendor/laravel/framework/src/Illuminate/Foundation/Application.php:763
/Users/gfabbian/projects/laravel-mongo-auto-sync/vendor/laravel/framework/src/Illuminate/Foundation/Bootstrap/RegisterProviders.php:17
/Users/gfabbian/projects/laravel-mongo-auto-sync/vendor/orchestra/testbench-core/src/Concerns/CreatesApplication.php:362
/Users/gfabbian/projects/laravel-mongo-auto-sync/vendor/orchestra/testbench-core/src/Concerns/CreatesApplication.php:229
/Users/gfabbian/projects/laravel-mongo-auto-sync/tests/CreatesApplication.php:38
/Users/gfabbian/projects/laravel-mongo-auto-sync/vendor/orchestra/testbench-core/src/TestCase.php:119
/Users/gfabbian/projects/laravel-mongo-auto-sync/vendor/orchestra/testbench-core/src/Concerns/ApplicationTestingHooks.php:71
/Users/gfabbian/projects/laravel-mongo-auto-sync/vendor/orchestra/testbench-core/src/Concerns/Testing.php:34
/Users/gfabbian/projects/laravel-mongo-auto-sync/vendor/orchestra/testbench-core/src/TestCase.php:50
/Users/gfabbian/projects/laravel-mongo-auto-sync/tests/TestCase.php:17

94) Tests\Feature\UpdateWithSyncTest::test_update_with_partial_request_plain_field
Error: Class "Jenssegers\Mongodb\MongodbServiceProvider" not found

/Users/gfabbian/projects/laravel-mongo-auto-sync/vendor/laravel/framework/src/Illuminate/Foundation/ProviderRepository.php:206
/Users/gfabbian/projects/laravel-mongo-auto-sync/vendor/laravel/framework/src/Illuminate/Foundation/ProviderRepository.php:142
/Users/gfabbian/projects/laravel-mongo-auto-sync/vendor/laravel/framework/src/Illuminate/Foundation/ProviderRepository.php:61
/Users/gfabbian/projects/laravel-mongo-auto-sync/vendor/laravel/framework/src/Illuminate/Foundation/Application.php:763
/Users/gfabbian/projects/laravel-mongo-auto-sync/vendor/laravel/framework/src/Illuminate/Foundation/Bootstrap/RegisterProviders.php:17
/Users/gfabbian/projects/laravel-mongo-auto-sync/vendor/orchestra/testbench-core/src/Concerns/CreatesApplication.php:362
/Users/gfabbian/projects/laravel-mongo-auto-sync/vendor/orchestra/testbench-core/src/Concerns/CreatesApplication.php:229
/Users/gfabbian/projects/laravel-mongo-auto-sync/tests/CreatesApplication.php:38
/Users/gfabbian/projects/laravel-mongo-auto-sync/vendor/orchestra/testbench-core/src/TestCase.php:119
/Users/gfabbian/projects/laravel-mongo-auto-sync/vendor/orchestra/testbench-core/src/Concerns/ApplicationTestingHooks.php:71
/Users/gfabbian/projects/laravel-mongo-auto-sync/vendor/orchestra/testbench-core/src/Concerns/Testing.php:34
/Users/gfabbian/projects/laravel-mongo-auto-sync/vendor/orchestra/testbench-core/src/TestCase.php:50
/Users/gfabbian/projects/laravel-mongo-auto-sync/tests/TestCase.php:17

95) Tests\Feature\UpdateWithSyncTest::test_update_with_partial_request_relationship_field
Error: Class "Jenssegers\Mongodb\MongodbServiceProvider" not found

/Users/gfabbian/projects/laravel-mongo-auto-sync/vendor/laravel/framework/src/Illuminate/Foundation/ProviderRepository.php:206
/Users/gfabbian/projects/laravel-mongo-auto-sync/vendor/laravel/framework/src/Illuminate/Foundation/ProviderRepository.php:142
/Users/gfabbian/projects/laravel-mongo-auto-sync/vendor/laravel/framework/src/Illuminate/Foundation/ProviderRepository.php:61
/Users/gfabbian/projects/laravel-mongo-auto-sync/vendor/laravel/framework/src/Illuminate/Foundation/Application.php:763
/Users/gfabbian/projects/laravel-mongo-auto-sync/vendor/laravel/framework/src/Illuminate/Foundation/Bootstrap/RegisterProviders.php:17
/Users/gfabbian/projects/laravel-mongo-auto-sync/vendor/orchestra/testbench-core/src/Concerns/CreatesApplication.php:362
/Users/gfabbian/projects/laravel-mongo-auto-sync/vendor/orchestra/testbench-core/src/Concerns/CreatesApplication.php:229
/Users/gfabbian/projects/laravel-mongo-auto-sync/tests/CreatesApplication.php:38
/Users/gfabbian/projects/laravel-mongo-auto-sync/vendor/orchestra/testbench-core/src/TestCase.php:119
/Users/gfabbian/projects/laravel-mongo-auto-sync/vendor/orchestra/testbench-core/src/Concerns/ApplicationTestingHooks.php:71
/Users/gfabbian/projects/laravel-mongo-auto-sync/vendor/orchestra/testbench-core/src/Concerns/Testing.php:34
/Users/gfabbian/projects/laravel-mongo-auto-sync/vendor/orchestra/testbench-core/src/TestCase.php:50
/Users/gfabbian/projects/laravel-mongo-auto-sync/tests/TestCase.php:17

ERRORS!
Tests: 95, Assertions: 0, Errors: 95.

Deprecated: Spatie\LaravelRay\Ray::__construct(): Implicitly marking parameter $client as nullable is deprecated, the explicit nullable type must be used instead in /Users/gfabbian/projects/laravel-mongo-auto-sync/vendor/spatie/laravel-ray/src/Ray.php on line 46

Deprecated: Spatie\LaravelRay\Ray::__construct(): Implicitly marking parameter $uuid as nullable is deprecated, the explicit nullable type must be used instead in /Users/gfabbian/projects/laravel-mongo-auto-sync/vendor/spatie/laravel-ray/src/Ray.php on line 46

Deprecated: Spatie\LaravelRay\Ray::handleWatcherCallable(): Implicitly marking parameter $callable as nullable is deprecated, the explicit nullable type must be used instead in /Users/gfabbian/projects/laravel-mongo-auto-sync/vendor/spatie/laravel-ray/src/Ray.php on line 437

Deprecated: Spatie\Ray\Ray::create(): Implicitly marking parameter $client as nullable is deprecated, the explicit nullable type must be used instead in /Users/gfabbian/projects/laravel-mongo-auto-sync/vendor/spatie/ray/src/Ray.php on line 110

Deprecated: Spatie\Ray\Ray::create(): Implicitly marking parameter $uuid as nullable is deprecated, the explicit nullable type must be used instead in /Users/gfabbian/projects/laravel-mongo-auto-sync/vendor/spatie/ray/src/Ray.php on line 110

Deprecated: Spatie\Ray\Ray::__construct(): Implicitly marking parameter $client as nullable is deprecated, the explicit nullable type must be used instead in /Users/gfabbian/projects/laravel-mongo-auto-sync/vendor/spatie/ray/src/Ray.php on line 117

Deprecated: Spatie\Ray\Ray::__construct(): Implicitly marking parameter $uuid as nullable is deprecated, the explicit nullable type must be used instead in /Users/gfabbian/projects/laravel-mongo-auto-sync/vendor/spatie/ray/src/Ray.php on line 117

Deprecated: Spatie\Ray\Settings\SettingsFactory::createFromConfigFile(): Implicitly marking parameter $configDirectory as nullable is deprecated, the explicit nullable type must be used instead in /Users/gfabbian/projects/laravel-mongo-auto-sync/vendor/spatie/ray/src/Settings/SettingsFactory.php on line 14

Deprecated: Spatie\Ray\Settings\SettingsFactory::getSettingsFromConfigFile(): Implicitly marking parameter $configDirectory as nullable is deprecated, the explicit nullable type must be used instead in /Users/gfabbian/projects/laravel-mongo-auto-sync/vendor/spatie/ray/src/Settings/SettingsFactory.php on line 27

Deprecated: Spatie\Ray\Settings\SettingsFactory::searchConfigFiles(): Implicitly marking parameter $configDirectory as nullable is deprecated, the explicit nullable type must be used instead in /Users/gfabbian/projects/laravel-mongo-auto-sync/vendor/spatie/ray/src/Settings/SettingsFactory.php on line 40

Deprecated: Spatie\Ray\Settings\SettingsFactory::searchConfigFilesOnDisk(): Implicitly marking parameter $configDirectory as nullable is deprecated, the explicit nullable type must be used instead in /Users/gfabbian/projects/laravel-mongo-auto-sync/vendor/spatie/ray/src/Settings/SettingsFactory.php on line 49
